2025-10-09T10:29:04+0000 INFO Librepo version: 1.14.5 with CURL_GLOBAL_ACK_EINTR support (libcurl/7.76.1 OpenSSL/3.5.1 zlib/1.2.11 brotli/1.0.9 libidn2/2.3.0 libpsl/0.21.1 (+libidn2/2.3.0) libssh/0.10.4/openssl/zlib nghttp2/1.43.0)
2025-10-09T10:29:04+0000 INFO Downloading: https://koji.eng.citrite.net/kojifiles/repos/xs-foundations-xs9-build/282678/x86_64/repodata/repomd.xml
2025-10-09T10:29:04+0000 INFO Downloading: https://koji.eng.citrite.net/kojifiles/repos/xs-foundations-xs9-build/282678/x86_64/repodata/6b153385de2815fed0af550ca272df1534595100e5f39fba1a20badb802b6a5e-primary.xml.gz
2025-10-09T10:29:04+0000 INFO Downloading: https://koji.eng.citrite.net/kojifiles/repos/xs-foundations-xs9-build/282678/x86_64/repodata/a5c842cf0bf3f71e00ee6c3fb447c699d4c1e58df2757c0dcef150868e170788-filelists.xml.gz
2025-10-09T10:29:04+0000 INFO Downloading: https://koji.eng.citrite.net/kojifiles/repos/xs-foundations-xs9-build/282678/x86_64/repodata/83cdab9ea53e3db3d7419ec1c85819e60bb7f24a1ca2326fb516b07d2d654fe5-comps.xml.gz
2025-10-09T10:29:05+0000 INFO Downloading: https://koji.eng.citrite.net/kojifiles/repos/xs-foundations-xs9-build/282678/x86_64/toplink/packages/annobin/12.71/1.xs9/noarch/annobin-docs-12.71-1.xs9.noarch.rpm
2025-10-09T10:29:05+0000 INFO Downloading: https://koji.eng.citrite.net/kojifiles/repos/xs-foundations-xs9-build/282678/x86_64/toplink/packages/annobin/12.71/1.xs9/x86_64/annobin-plugin-gcc-12.71-1.xs9.x86_64.rpm
2025-10-09T10:29:05+0000 INFO Downloading: https://koji.eng.citrite.net/kojifiles/repos/xs-foundations-xs9-build/282678/x86_64/toplink/packages/audit/3.1.2/2.xs9/x86_64/audit-libs-3.1.2-2.xs9.x86_64.rpm
2025-10-09T10:29:05+0000 INFO Downloading: https://koji.eng.citrite.net/kojifiles/repos/xs-foundations-xs9-build/282678/x86_64/toplink/packages/basesystem/11/2.xs9/noarch/basesystem-11-2.xs9.noarch.rpm
2025-10-09T10:29:05+0000 INFO Downloading: https://koji.eng.citrite.net/kojifiles/repos/xs-foundations-xs9-build/282678/x86_64/toplink/packages/bash/5.2.37/1.xs9/x86_64/bash-5.2.37-1.xs9.x86_64.rpm
2025-10-09T10:29:05+0000 INFO Downloading: https://koji.eng.citrite.net/kojifiles/repos/xs-foundations-xs9-build/282678/x86_64/toplink/packages/binutils/2.45/1.xs9/x86_64/binutils-2.45-1.xs9.x86_64.rpm
2025-10-09T10:29:05+0000 INFO Downloading: https://koji.eng.citrite.net/kojifiles/repos/xs-foundations-xs9-build/282678/x86_64/toplink/packages/bzip2/1.0.8/3.xs9/x86_64/bzip2-1.0.8-3.xs9.x86_64.rpm
2025-10-09T10:29:05+0000 INFO Downloading: https://koji.eng.citrite.net/kojifiles/repos/xs-foundations-xs9-build/282678/x86_64/toplink/packages/bzip2/1.0.8/3.xs9/x86_64/bzip2-libs-1.0.8-3.xs9.x86_64.rpm
2025-10-09T10:29:05+0000 INFO Downloading: https://koji.eng.citrite.net/kojifiles/repos/xs-foundations-xs9-build/282678/x86_64/toplink/packages/ca-certificates/2024.2.72/3.xs9/noarch/ca-certificates-2024.2.72-3.xs9.noarch.rpm
2025-10-09T10:29:05+0000 INFO Downloading: https://koji.eng.citrite.net/kojifiles/repos/xs-foundations-xs9-build/282678/x86_64/toplink/packages/coreutils/9.5/1.xs9/x86_64/coreutils-9.5-1.xs9.x86_64.rpm
2025-10-09T10:29:05+0000 INFO Downloading: https://koji.eng.citrite.net/kojifiles/repos/xs-foundations-xs9-build/282678/x86_64/toplink/packages/coreutils/9.5/1.xs9/x86_64/coreutils-common-9.5-1.xs9.x86_64.rpm
2025-10-09T10:29:05+0000 INFO Downloading: https://koji.eng.citrite.net/kojifiles/repos/xs-foundations-xs9-build/282678/x86_64/toplink/packages/cpio/2.13/2.xs9/x86_64/cpio-2.13-2.xs9.x86_64.rpm
2025-10-09T10:29:05+0000 INFO Downloading: https://koji.eng.citrite.net/kojifiles/repos/xs-foundations-xs9-build/282678/x86_64/toplink/packages/gcc/12.4.0/2.xs9/x86_64/cpp-12.4.0-2.xs9.x86_64.rpm
2025-10-09T10:29:05+0000 INFO Downloading: https://koji.eng.citrite.net/kojifiles/repos/xs-foundations-xs9-build/282678/x86_64/toplink/packages/cracklib/2.9.11/3.xs9/x86_64/cracklib-2.9.11-3.xs9.x86_64.rpm
2025-10-09T10:29:05+0000 INFO Downloading: https://koji.eng.citrite.net/kojifiles/repos/xs-foundations-xs9-build/282678/x86_64/toplink/packages/crypto-policies/20241128/1.xs9/noarch/crypto-policies-20241128-1.xs9.noarch.rpm
2025-10-09T10:29:05+0000 INFO Downloading: https://koji.eng.citrite.net/kojifiles/repos/xs-foundations-xs9-build/282678/x86_64/toplink/packages/curl/8.11.1/2.xs9/x86_64/curl-8.11.1-2.xs9.x86_64.rpm
2025-10-09T10:29:05+0000 INFO Downloading: https://koji.eng.citrite.net/kojifiles/repos/xs-foundations-xs9-build/282678/x86_64/toplink/packages/dbus/1.14.10/3.xs9/noarch/dbus-common-1.14.10-3.xs9.noarch.rpm
2025-10-09T10:29:05+0000 INFO Downloading: https://koji.eng.citrite.net/kojifiles/repos/xs-foundations-xs9-build/282678/x86_64/toplink/packages/dbus/1.14.10/3.xs9/x86_64/dbus-daemon-1.14.10-3.xs9.x86_64.rpm
2025-10-09T10:29:05+0000 INFO Downloading: https://koji.eng.citrite.net/kojifiles/repos/xs-foundations-xs9-build/282678/x86_64/toplink/packages/dbus/1.14.10/3.xs9/x86_64/dbus-libs-1.14.10-3.xs9.x86_64.rpm
2025-10-09T10:29:05+0000 INFO Downloading: https://koji.eng.citrite.net/kojifiles/repos/xs-foundations-xs9-build/282678/x86_64/toplink/packages/dbus/1.14.10/3.xs9/x86_64/dbus-tools-1.14.10-3.xs9.x86_64.rpm
2025-10-09T10:29:05+0000 INFO Downloading: https://koji.eng.citrite.net/kojifiles/repos/xs-foundations-xs9-build/282678/x86_64/toplink/packages/debugedit/5.2/1.xs9/x86_64/debugedit-5.2-1.xs9.x86_64.rpm
2025-10-09T10:29:05+0000 INFO Downloading: https://koji.eng.citrite.net/kojifiles/repos/xs-foundations-xs9-build/282678/x86_64/toplink/packages/diffutils/3.10/2.xs9/x86_64/diffutils-3.10-2.xs9.x86_64.rpm
2025-10-09T10:29:05+0000 INFO Downloading: https://koji.eng.citrite.net/kojifiles/repos/xs-foundations-xs9-build/282678/x86_64/toplink/packages/dwz/0.16/1.xs9/x86_64/dwz-0.16-1.xs9.x86_64.rpm
2025-10-09T10:29:05+0000 INFO Downloading: https://koji.eng.citrite.net/kojifiles/repos/xs-foundations-xs9-build/282678/x86_64/toplink/packages/ed/1.19/2.xs9/x86_64/ed-1.19-2.xs9.x86_64.rpm
2025-10-09T10:29:05+0000 INFO Downloading: https://koji.eng.citrite.net/kojifiles/repos/xs-foundations-xs9-build/282678/x86_64/toplink/packages/elfutils/0.193/1.xs9/x86_64/elfutils-0.193-1.xs9.x86_64.rpm
2025-10-09T10:29:05+0000 INFO Downloading: https://koji.eng.citrite.net/kojifiles/repos/xs-foundations-xs9-build/282678/x86_64/toplink/packages/elfutils/0.193/1.xs9/noarch/elfutils-default-yama-scope-0.193-1.xs9.noarch.rpm
2025-10-09T10:29:05+0000 INFO Downloading: https://koji.eng.citrite.net/kojifiles/repos/xs-foundations-xs9-build/282678/x86_64/toplink/packages/elfutils/0.193/1.xs9/x86_64/elfutils-libelf-0.193-1.xs9.x86_64.rpm
2025-10-09T10:29:05+0000 INFO Downloading: https://koji.eng.citrite.net/kojifiles/repos/xs-foundations-xs9-build/282678/x86_64/toplink/packages/elfutils/0.193/1.xs9/x86_64/elfutils-libs-0.193-1.xs9.x86_64.rpm
2025-10-09T10:29:05+0000 INFO Downloading: https://koji.eng.citrite.net/kojifiles/repos/xs-foundations-xs9-build/282678/x86_64/toplink/packages/expat/2.5.0/2.xs9/x86_64/expat-2.5.0-2.xs9.x86_64.rpm
2025-10-09T10:29:05+0000 INFO Downloading: https://koji.eng.citrite.net/kojifiles/repos/xs-foundations-xs9-build/282678/x86_64/toplink/packages/file/5.45/1.xs9/x86_64/file-5.45-1.xs9.x86_64.rpm
2025-10-09T10:29:05+0000 INFO Downloading: https://koji.eng.citrite.net/kojifiles/repos/xs-foundations-xs9-build/282678/x86_64/toplink/packages/file/5.45/1.xs9/x86_64/file-libs-5.45-1.xs9.x86_64.rpm
2025-10-09T10:29:05+0000 INFO Downloading: https://koji.eng.citrite.net/kojifiles/repos/xs-foundations-xs9-build/282678/x86_64/toplink/packages/filesystem/3.18/3.xs9/x86_64/filesystem-3.18-3.xs9.x86_64.rpm
2025-10-09T10:29:05+0000 INFO Downloading: https://koji.eng.citrite.net/kojifiles/repos/xs-foundations-xs9-build/282678/x86_64/toplink/packages/findutils/4.9.0/4.xs9/x86_64/findutils-4.9.0-4.xs9.x86_64.rpm
2025-10-09T10:29:05+0000 INFO Downloading: https://koji.eng.citrite.net/kojifiles/repos/xs-foundations-xs9-build/282678/x86_64/toplink/packages/gawk/5.1.1/5.xs9/x86_64/gawk-5.1.1-5.xs9.x86_64.rpm
2025-10-09T10:29:05+0000 INFO Downloading: https://koji.eng.citrite.net/kojifiles/repos/xs-foundations-xs9-build/282678/x86_64/toplink/packages/gcc/12.4.0/2.xs9/x86_64/gcc-12.4.0-2.xs9.x86_64.rpm
2025-10-09T10:29:05+0000 INFO Downloading: https://koji.eng.citrite.net/kojifiles/repos/xs-foundations-xs9-build/282678/x86_64/toplink/packages/gcc/12.4.0/2.xs9/x86_64/gcc-c%2b%2b-12.4.0-2.xs9.x86_64.rpm
2025-10-09T10:29:05+0000 INFO Downloading: https://koji.eng.citrite.net/kojifiles/repos/xs-foundations-xs9-build/282678/x86_64/toplink/packages/gdb/15.2/2.xs9/x86_64/gdb-15.2-2.xs9.x86_64.rpm
2025-10-09T10:29:06+0000 INFO Downloading: https://koji.eng.citrite.net/kojifiles/repos/xs-foundations-xs9-build/282678/x86_64/toplink/packages/gdbm/1.23/2.xs9/x86_64/gdbm-1.23-2.xs9.x86_64.rpm
2025-10-09T10:29:06+0000 INFO Downloading: https://koji.eng.citrite.net/kojifiles/repos/xs-foundations-xs9-build/282678/x86_64/toplink/packages/gdbm/1.23/2.xs9/x86_64/gdbm-libs-1.23-2.xs9.x86_64.rpm
2025-10-09T10:29:06+0000 INFO Downloading: https://koji.eng.citrite.net/kojifiles/repos/xs-foundations-xs9-build/282678/x86_64/toplink/packages/glibc/2.41/1.xs9/x86_64/glibc-2.41-1.xs9.x86_64.rpm
2025-10-09T10:29:06+0000 INFO Downloading: https://koji.eng.citrite.net/kojifiles/repos/xs-foundations-xs9-build/282678/x86_64/toplink/packages/glibc/2.41/1.xs9/x86_64/glibc-common-2.41-1.xs9.x86_64.rpm
2025-10-09T10:29:06+0000 INFO Downloading: https://koji.eng.citrite.net/kojifiles/repos/xs-foundations-xs9-build/282678/x86_64/toplink/packages/glibc/2.41/1.xs9/x86_64/glibc-devel-2.41-1.xs9.x86_64.rpm
2025-10-09T10:29:06+0000 INFO Downloading: https://koji.eng.citrite.net/kojifiles/repos/xs-foundations-xs9-build/282678/x86_64/toplink/packages/glibc/2.41/1.xs9/x86_64/glibc-minimal-langpack-2.41-1.xs9.x86_64.rpm
2025-10-09T10:29:06+0000 INFO Downloading: https://koji.eng.citrite.net/kojifiles/repos/xs-foundations-xs9-build/282678/x86_64/toplink/packages/gmp/6.2.1/3.xs9/x86_64/gmp-6.2.1-3.xs9.x86_64.rpm
2025-10-09T10:29:06+0000 INFO Downloading: https://koji.eng.citrite.net/kojifiles/repos/xs-foundations-xs9-build/282678/x86_64/toplink/packages/go-rpm-macros/3.7.0/3.xs9/noarch/go-srpm-macros-3.7.0-3.xs9.noarch.rpm
2025-10-09T10:29:06+0000 INFO Downloading: https://koji.eng.citrite.net/kojifiles/repos/xs-foundations-xs9-build/282678/x86_64/toplink/packages/grep/3.11/1.xs9/x86_64/grep-3.11-1.xs9.x86_64.rpm
2025-10-09T10:29:06+0000 INFO Downloading: https://koji.eng.citrite.net/kojifiles/repos/xs-foundations-xs9-build/282678/x86_64/toplink/packages/gzip/1.14/1.xs9/x86_64/gzip-1.14-1.xs9.x86_64.rpm
2025-10-09T10:29:06+0000 INFO Downloading: https://koji.eng.citrite.net/kojifiles/repos/xs-foundations-xs9-build/282678/x86_64/toplink/packages/jansson/2.14.1/1.xs9/x86_64/jansson-2.14.1-1.xs9.x86_64.rpm
2025-10-09T10:29:06+0000 INFO Downloading: https://koji.eng.citrite.net/kojifiles/repos/xs-foundations-xs9-build/282678/x86_64/toplink/packages/kernel/6.6.98/5.xs9/x86_64/kernel-headers-6.6.98-5.xs9.x86_64.rpm
2025-10-09T10:29:06+0000 INFO Downloading: https://koji.eng.citrite.net/kojifiles/repos/xs-foundations-xs9-build/282678/x86_64/toplink/packages/keyutils/1.6.3/2.xs9/x86_64/keyutils-libs-1.6.3-2.xs9.x86_64.rpm
2025-10-09T10:29:06+0000 INFO Downloading: https://koji.eng.citrite.net/kojifiles/repos/xs-foundations-xs9-build/282678/x86_64/toplink/packages/krb5/1.21.3/3.xs9/x86_64/krb5-libs-1.21.3-3.xs9.x86_64.rpm
2025-10-09T10:29:06+0000 INFO Downloading: https://koji.eng.citrite.net/kojifiles/repos/xs-foundations-xs9-build/282678/x86_64/toplink/packages/acl/2.3.2/1.xs9/x86_64/libacl-2.3.2-1.xs9.x86_64.rpm
2025-10-09T10:29:06+0000 INFO Downloading: https://koji.eng.citrite.net/kojifiles/repos/xs-foundations-xs9-build/282678/x86_64/toplink/packages/libarchive/3.6.1/2.xs9/x86_64/libarchive-3.6.1-2.xs9.x86_64.rpm
2025-10-09T10:29:06+0000 INFO Downloading: https://koji.eng.citrite.net/kojifiles/repos/xs-foundations-xs9-build/282678/x86_64/toplink/packages/attr/2.5.1/2.xs9/x86_64/libattr-2.5.1-2.xs9.x86_64.rpm
2025-10-09T10:29:06+0000 INFO Downloading: https://koji.eng.citrite.net/kojifiles/repos/xs-foundations-xs9-build/282678/x86_64/toplink/packages/libb2/0.98.1/2.xs9/x86_64/libb2-0.98.1-2.xs9.x86_64.rpm
2025-10-09T10:29:06+0000 INFO Downloading: https://koji.eng.citrite.net/kojifiles/repos/xs-foundations-xs9-build/282678/x86_64/toplink/packages/util-linux/2.38.1/4.xs9/x86_64/libblkid-2.38.1-4.xs9.x86_64.rpm
2025-10-09T10:29:06+0000 INFO Downloading: https://koji.eng.citrite.net/kojifiles/repos/xs-foundations-xs9-build/282678/x86_64/toplink/packages/libcap/2.48/2.xs9/x86_64/libcap-2.48-2.xs9.x86_64.rpm
2025-10-09T10:29:06+0000 INFO Downloading: https://koji.eng.citrite.net/kojifiles/repos/xs-foundations-xs9-build/282678/x86_64/toplink/packages/libcap-ng/0.8.3/2.xs9/x86_64/libcap-ng-0.8.3-2.xs9.x86_64.rpm
2025-10-09T10:29:06+0000 INFO Downloading: https://koji.eng.citrite.net/kojifiles/repos/xs-foundations-xs9-build/282678/x86_64/toplink/packages/e2fsprogs/1.47.0/3.xs9/x86_64/libcom_err-1.47.0-3.xs9.x86_64.rpm
2025-10-09T10:29:06+0000 INFO Downloading: https://koji.eng.citrite.net/kojifiles/repos/xs-foundations-xs9-build/282678/x86_64/toplink/packages/curl/8.11.1/2.xs9/x86_64/libcurl-8.11.1-2.xs9.x86_64.rpm
2025-10-09T10:29:06+0000 INFO Downloading: https://koji.eng.citrite.net/kojifiles/repos/xs-foundations-xs9-build/282678/x86_64/toplink/packages/libevent/2.1.12/2.xs9/x86_64/libevent-2.1.12-2.xs9.x86_64.rpm
2025-10-09T10:29:06+0000 INFO Downloading: https://koji.eng.citrite.net/kojifiles/repos/xs-foundations-xs9-build/282678/x86_64/toplink/packages/util-linux/2.38.1/4.xs9/x86_64/libfdisk-2.38.1-4.xs9.x86_64.rpm
2025-10-09T10:29:06+0000 INFO Downloading: https://koji.eng.citrite.net/kojifiles/repos/xs-foundations-xs9-build/282678/x86_64/toplink/packages/libffi/3.4.4/2.xs9/x86_64/libffi-3.4.4-2.xs9.x86_64.rpm
2025-10-09T10:29:06+0000 INFO Downloading: https://koji.eng.citrite.net/kojifiles/repos/xs-foundations-xs9-build/282678/x86_64/toplink/packages/gcc/12.4.0/2.xs9/x86_64/libgcc-12.4.0-2.xs9.x86_64.rpm
2025-10-09T10:29:06+0000 INFO Downloading: https://koji.eng.citrite.net/kojifiles/repos/xs-foundations-xs9-build/282678/x86_64/toplink/packages/gcc/12.4.0/2.xs9/x86_64/libgomp-12.4.0-2.xs9.x86_64.rpm
2025-10-09T10:29:06+0000 INFO Downloading: https://koji.eng.citrite.net/kojifiles/repos/xs-foundations-xs9-build/282678/x86_64/toplink/packages/libidn2/2.3.4/4.xs9/x86_64/libidn2-2.3.4-4.xs9.x86_64.rpm
2025-10-09T10:29:06+0000 INFO Downloading: https://koji.eng.citrite.net/kojifiles/repos/xs-foundations-xs9-build/282678/x86_64/toplink/packages/util-linux/2.38.1/4.xs9/x86_64/libmount-2.38.1-4.xs9.x86_64.rpm
2025-10-09T10:29:06+0000 INFO Downloading: https://koji.eng.citrite.net/kojifiles/repos/xs-foundations-xs9-build/282678/x86_64/toplink/packages/libmpc/1.3.1/2.xs9/x86_64/libmpc-1.3.1-2.xs9.x86_64.rpm
2025-10-09T10:29:06+0000 INFO Downloading: https://koji.eng.citrite.net/kojifiles/repos/xs-foundations-xs9-build/282678/x86_64/toplink/packages/nghttp2/1.64.0/2.xs9/x86_64/libnghttp2-1.64.0-2.xs9.x86_64.rpm
2025-10-09T10:29:06+0000 INFO Downloading: https://koji.eng.citrite.net/kojifiles/repos/xs-foundations-xs9-build/282678/x86_64/toplink/packages/pkgconf/1.8.0/2.xs9/x86_64/libpkgconf-1.8.0-2.xs9.x86_64.rpm
2025-10-09T10:29:06+0000 INFO Downloading: https://koji.eng.citrite.net/kojifiles/repos/xs-foundations-xs9-build/282678/x86_64/toplink/packages/libpwquality/1.4.5/2.xs9/x86_64/libpwquality-1.4.5-2.xs9.x86_64.rpm
2025-10-09T10:29:06+0000 INFO Downloading: https://koji.eng.citrite.net/kojifiles/repos/xs-foundations-xs9-build/282678/x86_64/toplink/packages/libseccomp/2.5.3/2.xs9/x86_64/libseccomp-2.5.3-2.xs9.x86_64.rpm
2025-10-09T10:29:06+0000 INFO Downloading: https://koji.eng.citrite.net/kojifiles/repos/xs-foundations-xs9-build/282678/x86_64/toplink/packages/libsigsegv/2.14/2.xs9/x86_64/libsigsegv-2.14-2.xs9.x86_64.rpm
2025-10-09T10:29:06+0000 INFO Downloading: https://koji.eng.citrite.net/kojifiles/repos/xs-foundations-xs9-build/282678/x86_64/toplink/packages/util-linux/2.38.1/4.xs9/x86_64/libsmartcols-2.38.1-4.xs9.x86_64.rpm
2025-10-09T10:29:06+0000 INFO Downloading: https://koji.eng.citrite.net/kojifiles/repos/xs-foundations-xs9-build/282678/x86_64/toplink/packages/gcc/12.4.0/2.xs9/x86_64/libstdc%2b%2b-12.4.0-2.xs9.x86_64.rpm
2025-10-09T10:29:06+0000 INFO Downloading: https://koji.eng.citrite.net/kojifiles/repos/xs-foundations-xs9-build/282678/x86_64/toplink/packages/gcc/12.4.0/2.xs9/x86_64/libstdc%2b%2b-devel-12.4.0-2.xs9.x86_64.rpm
2025-10-09T10:29:06+0000 INFO Downloading: https://koji.eng.citrite.net/kojifiles/repos/xs-foundations-xs9-build/282678/x86_64/toplink/packages/libtasn1/4.19.0/2.xs9/x86_64/libtasn1-4.19.0-2.xs9.x86_64.rpm
2025-10-09T10:29:06+0000 INFO Downloading: https://koji.eng.citrite.net/kojifiles/repos/xs-foundations-xs9-build/282678/x86_64/toplink/packages/libunistring/1.0/2.xs9/x86_64/libunistring-1.0-2.xs9.x86_64.rpm
2025-10-09T10:29:06+0000 INFO Downloading: https://koji.eng.citrite.net/kojifiles/repos/xs-foundations-xs9-build/282678/x86_64/toplink/packages/libutempter/1.2.1/2.xs9/x86_64/libutempter-1.2.1-2.xs9.x86_64.rpm
2025-10-09T10:29:06+0000 INFO Downloading: https://koji.eng.citrite.net/kojifiles/repos/xs-foundations-xs9-build/282678/x86_64/toplink/packages/util-linux/2.38.1/4.xs9/x86_64/libuuid-2.38.1-4.xs9.x86_64.rpm
2025-10-09T10:29:06+0000 INFO Downloading: https://koji.eng.citrite.net/kojifiles/repos/xs-foundations-xs9-build/282678/x86_64/toplink/packages/libverto/0.3.2/2.xs9/x86_64/libverto-0.3.2-2.xs9.x86_64.rpm
2025-10-09T10:29:06+0000 INFO Downloading: https://koji.eng.citrite.net/kojifiles/repos/xs-foundations-xs9-build/282678/x86_64/toplink/packages/libxcrypt/4.4.36/3.xs9/x86_64/libxcrypt-4.4.36-3.xs9.x86_64.rpm
2025-10-09T10:29:06+0000 INFO Downloading: https://koji.eng.citrite.net/kojifiles/repos/xs-foundations-xs9-build/282678/x86_64/toplink/packages/libxcrypt/4.4.36/3.xs9/x86_64/libxcrypt-devel-4.4.36-3.xs9.x86_64.rpm
2025-10-09T10:29:06+0000 INFO Downloading: https://koji.eng.citrite.net/kojifiles/repos/xs-foundations-xs9-build/282678/x86_64/toplink/packages/libxml2/2.10.4/2.xs9/x86_64/libxml2-2.10.4-2.xs9.x86_64.rpm
2025-10-09T10:29:06+0000 INFO Downloading: https://koji.eng.citrite.net/kojifiles/repos/xs-foundations-xs9-build/282678/x86_64/toplink/packages/zstd/1.5.5/2.xs9/x86_64/libzstd-1.5.5-2.xs9.x86_64.rpm
2025-10-09T10:29:06+0000 INFO Downloading: https://koji.eng.citrite.net/kojifiles/repos/xs-foundations-xs9-build/282678/x86_64/toplink/packages/lua/5.4.4/3.xs9/x86_64/lua-libs-5.4.4-3.xs9.x86_64.rpm
2025-10-09T10:29:06+0000 INFO Downloading: https://koji.eng.citrite.net/kojifiles/repos/xs-foundations-xs9-build/282678/x86_64/toplink/packages/lz4/1.10.0/1.xs9/x86_64/lz4-libs-1.10.0-1.xs9.x86_64.rpm
2025-10-09T10:29:06+0000 INFO Downloading: https://koji.eng.citrite.net/kojifiles/repos/xs-foundations-xs9-build/282678/x86_64/toplink/packages/make/4.4/2.xs9/x86_64/make-4.4-2.xs9.x86_64.rpm
2025-10-09T10:29:06+0000 INFO Downloading: https://koji.eng.citrite.net/kojifiles/repos/xs-foundations-xs9-build/282678/x86_64/toplink/packages/mpdecimal/2.5.1/2.xs9/x86_64/mpdecimal-2.5.1-2.xs9.x86_64.rpm
2025-10-09T10:29:06+0000 INFO Downloading: https://koji.eng.citrite.net/kojifiles/repos/xs-foundations-xs9-build/282678/x86_64/toplink/packages/mpfr/4.1.1/3.xs9/x86_64/mpfr-4.1.1-3.xs9.x86_64.rpm
2025-10-09T10:29:06+0000 INFO Downloading: https://koji.eng.citrite.net/kojifiles/repos/xs-foundations-xs9-build/282678/x86_64/toplink/packages/ncurses/6.4/7.xs9/noarch/ncurses-base-6.4-7.xs9.noarch.rpm
2025-10-09T10:29:06+0000 INFO Downloading: https://koji.eng.citrite.net/kojifiles/repos/xs-foundations-xs9-build/282678/x86_64/toplink/packages/ncurses/6.4/7.xs9/x86_64/ncurses-libs-6.4-7.xs9.x86_64.rpm
2025-10-09T10:29:06+0000 INFO Downloading: https://koji.eng.citrite.net/kojifiles/repos/xs-foundations-xs9-build/282678/x86_64/toplink/packages/openldap/2.6.4/5.xs9/x86_64/openldap-2.6.4-5.xs9.x86_64.rpm
2025-10-09T10:29:06+0000 INFO Downloading: https://koji.eng.citrite.net/kojifiles/repos/xs-foundations-xs9-build/282678/x86_64/toplink/packages/openssl/3.0.9/6.xs9/x86_64/openssl-libs-3.0.9-6.xs9.x86_64.rpm
2025-10-09T10:29:06+0000 INFO Downloading: https://koji.eng.citrite.net/kojifiles/repos/xs-foundations-xs9-build/282678/x86_64/toplink/packages/p11-kit/0.24.1/3.xs9/x86_64/p11-kit-0.24.1-3.xs9.x86_64.rpm
2025-10-09T10:29:06+0000 INFO Downloading: https://koji.eng.citrite.net/kojifiles/repos/xs-foundations-xs9-build/282678/x86_64/toplink/packages/p11-kit/0.24.1/3.xs9/x86_64/p11-kit-trust-0.24.1-3.xs9.x86_64.rpm
2025-10-09T10:29:06+0000 INFO Downloading: https://koji.eng.citrite.net/kojifiles/repos/xs-foundations-xs9-build/282678/x86_64/toplink/packages/pam/1.7.0/2.xs9/x86_64/pam-1.7.0-2.xs9.x86_64.rpm
2025-10-09T10:29:06+0000 INFO Downloading: https://koji.eng.citrite.net/kojifiles/repos/xs-foundations-xs9-build/282678/x86_64/toplink/packages/pam/1.7.0/2.xs9/x86_64/pam-libs-1.7.0-2.xs9.x86_64.rpm
2025-10-09T10:29:06+0000 INFO Downloading: https://koji.eng.citrite.net/kojifiles/repos/xs-foundations-xs9-build/282678/x86_64/toplink/packages/patch/2.7.6/3.xs9/x86_64/patch-2.7.6-3.xs9.x86_64.rpm
2025-10-09T10:29:06+0000 INFO Downloading: https://koji.eng.citrite.net/kojifiles/repos/xs-foundations-xs9-build/282678/x86_64/toplink/packages/pcre2/10.40/2.xs9/x86_64/pcre2-10.40-2.xs9.x86_64.rpm
2025-10-09T10:29:06+0000 INFO Downloading: https://koji.eng.citrite.net/kojifiles/repos/xs-foundations-xs9-build/282678/x86_64/toplink/packages/pcre2/10.40/2.xs9/noarch/pcre2-syntax-10.40-2.xs9.noarch.rpm
2025-10-09T10:29:06+0000 INFO Downloading: https://koji.eng.citrite.net/kojifiles/repos/xs-foundations-xs9-build/282678/x86_64/toplink/packages/perl-srpm-macros/1/2.xs9/noarch/perl-srpm-macros-1-2.xs9.noarch.rpm
2025-10-09T10:29:06+0000 INFO Downloading: https://koji.eng.citrite.net/kojifiles/repos/xs-foundations-xs9-build/282678/x86_64/toplink/packages/pkgconf/1.8.0/2.xs9/x86_64/pkgconf-1.8.0-2.xs9.x86_64.rpm
2025-10-09T10:29:06+0000 INFO Downloading: https://koji.eng.citrite.net/kojifiles/repos/xs-foundations-xs9-build/282678/x86_64/toplink/packages/pkgconf/1.8.0/2.xs9/noarch/pkgconf-m4-1.8.0-2.xs9.noarch.rpm
2025-10-09T10:29:06+0000 INFO Downloading: https://koji.eng.citrite.net/kojifiles/repos/xs-foundations-xs9-build/282678/x86_64/toplink/packages/pkgconf/1.8.0/2.xs9/x86_64/pkgconf-pkg-config-1.8.0-2.xs9.x86_64.rpm
2025-10-09T10:29:06+0000 INFO Downloading: https://koji.eng.citrite.net/kojifiles/repos/xs-foundations-xs9-build/282678/x86_64/toplink/packages/popt/1.19/2.xs9/x86_64/popt-1.19-2.xs9.x86_64.rpm
2025-10-09T10:29:06+0000 INFO Downloading: https://koji.eng.citrite.net/kojifiles/repos/xs-foundations-xs9-build/282678/x86_64/toplink/packages/pyproject-rpm-macros/1.8.0/2.xs9/noarch/pyproject-rpm-macros-1.8.0-2.xs9.noarch.rpm
2025-10-09T10:29:06+0000 INFO Downloading: https://koji.eng.citrite.net/kojifiles/repos/xs-foundations-xs9-build/282678/x86_64/toplink/packages/python-rpm-macros/3.10/3.xs9/noarch/python-rpm-macros-3.10-3.xs9.noarch.rpm
2025-10-09T10:29:06+0000 INFO Downloading: https://koji.eng.citrite.net/kojifiles/repos/xs-foundations-xs9-build/282678/x86_64/toplink/packages/python-rpm-macros/3.10/3.xs9/noarch/python-srpm-macros-3.10-3.xs9.noarch.rpm
2025-10-09T10:29:06+0000 INFO Downloading: https://koji.eng.citrite.net/kojifiles/repos/xs-foundations-xs9-build/282678/x86_64/toplink/packages/python3.11/3.11.3/5.xs9/x86_64/python3-3.11.3-5.xs9.x86_64.rpm
2025-10-09T10:29:06+0000 INFO Downloading: https://koji.eng.citrite.net/kojifiles/repos/xs-foundations-xs9-build/282678/x86_64/toplink/packages/python3.11/3.11.3/5.xs9/x86_64/python3-libs-3.11.3-5.xs9.x86_64.rpm
2025-10-09T10:29:06+0000 INFO Downloading: https://koji.eng.citrite.net/kojifiles/repos/xs-foundations-xs9-build/282678/x86_64/toplink/packages/python-packaging/21.3/2.xs9/noarch/python3-packaging-21.3-2.xs9.noarch.rpm
2025-10-09T10:29:06+0000 INFO Downloading: https://koji.eng.citrite.net/kojifiles/repos/xs-foundations-xs9-build/282678/x86_64/toplink/packages/python-pip/22.2.2/3.xs9/noarch/python3-pip-wheel-22.2.2-3.xs9.noarch.rpm
2025-10-09T10:29:06+0000 INFO Downloading: https://koji.eng.citrite.net/kojifiles/repos/xs-foundations-xs9-build/282678/x86_64/toplink/packages/pyparsing/3.0.7/2.xs9/noarch/python3-pyparsing-3.0.7-2.xs9.noarch.rpm
2025-10-09T10:29:06+0000 INFO Downloading: https://koji.eng.citrite.net/kojifiles/repos/xs-foundations-xs9-build/282678/x86_64/toplink/packages/python-rpm-generators/14/3.xs9/noarch/python3-rpm-generators-14-3.xs9.noarch.rpm
2025-10-09T10:29:06+0000 INFO Downloading: https://koji.eng.citrite.net/kojifiles/repos/xs-foundations-xs9-build/282678/x86_64/toplink/packages/python-rpm-macros/3.10/3.xs9/noarch/python3-rpm-macros-3.10-3.xs9.noarch.rpm
2025-10-09T10:29:06+0000 INFO Downloading: https://koji.eng.citrite.net/kojifiles/repos/xs-foundations-xs9-build/282678/x86_64/toplink/packages/python-setuptools/65.5.1/3.xs9/noarch/python3-setuptools-wheel-65.5.1-3.xs9.noarch.rpm
2025-10-09T10:29:06+0000 INFO Downloading: https://koji.eng.citrite.net/kojifiles/repos/xs-foundations-xs9-build/282678/x86_64/toplink/packages/readline/8.2/2.xs9/x86_64/readline-8.2-2.xs9.x86_64.rpm
2025-10-09T10:29:06+0000 INFO Downloading: https://koji.eng.citrite.net/kojifiles/repos/xs-foundations-xs9-build/282678/x86_64/toplink/packages/rpm/4.18.0/6.xs9/x86_64/rpm-4.18.0-6.xs9.x86_64.rpm
2025-10-09T10:29:06+0000 INFO Downloading: https://koji.eng.citrite.net/kojifiles/repos/xs-foundations-xs9-build/282678/x86_64/toplink/packages/rpm/4.18.0/6.xs9/x86_64/rpm-build-4.18.0-6.xs9.x86_64.rpm
2025-10-09T10:29:06+0000 INFO Downloading: https://koji.eng.citrite.net/kojifiles/repos/xs-foundations-xs9-build/282678/x86_64/toplink/packages/rpm/4.18.0/6.xs9/x86_64/rpm-build-libs-4.18.0-6.xs9.x86_64.rpm
2025-10-09T10:29:06+0000 INFO Downloading: https://koji.eng.citrite.net/kojifiles/repos/xs-foundations-xs9-build/282678/x86_64/toplink/packages/rpm/4.18.0/6.xs9/x86_64/rpm-libs-4.18.0-6.xs9.x86_64.rpm
2025-10-09T10:29:06+0000 INFO Downloading: https://koji.eng.citrite.net/kojifiles/repos/xs-foundations-xs9-build/282678/x86_64/toplink/packages/sed/4.9/1.xs9/x86_64/sed-4.9-1.xs9.x86_64.rpm
2025-10-09T10:29:06+0000 INFO Downloading: https://koji.eng.citrite.net/kojifiles/repos/xs-foundations-xs9-build/282678/x86_64/toplink/packages/setup/2.8.77/1.xs9/noarch/setup-2.8.77-1.xs9.noarch.rpm
2025-10-09T10:29:06+0000 INFO Downloading: https://koji.eng.citrite.net/kojifiles/repos/xs-foundations-xs9-build/282678/x86_64/toplink/packages/shadow-utils/4.17.0/1.xs9/x86_64/shadow-utils-4.17.0-1.xs9.x86_64.rpm
2025-10-09T10:29:06+0000 INFO Downloading: https://koji.eng.citrite.net/kojifiles/repos/xs-foundations-xs9-build/282678/x86_64/toplink/packages/sqlite/3.47.2/1.xs9/x86_64/sqlite-libs-3.47.2-1.xs9.x86_64.rpm
2025-10-09T10:29:06+0000 INFO Downloading: https://koji.eng.citrite.net/kojifiles/repos/xs-foundations-xs9-build/282678/x86_64/toplink/packages/systemd/257.2/8.xs9/x86_64/systemd-257.2-8.xs9.x86_64.rpm
2025-10-09T10:29:06+0000 INFO Downloading: https://koji.eng.citrite.net/kojifiles/repos/xs-foundations-xs9-build/282678/x86_64/toplink/packages/systemd/257.2/8.xs9/x86_64/systemd-libs-257.2-8.xs9.x86_64.rpm
2025-10-09T10:29:06+0000 INFO Downloading: https://koji.eng.citrite.net/kojifiles/repos/xs-foundations-xs9-build/282678/x86_64/toplink/packages/systemd/257.2/8.xs9/x86_64/systemd-pam-257.2-8.xs9.x86_64.rpm
2025-10-09T10:29:06+0000 INFO Downloading: https://koji.eng.citrite.net/kojifiles/repos/xs-foundations-xs9-build/282678/x86_64/toplink/packages/systemd/257.2/8.xs9/noarch/systemd-rpm-macros-257.2-8.xs9.noarch.rpm
2025-10-09T10:29:06+0000 INFO Downloading: https://koji.eng.citrite.net/kojifiles/repos/xs-foundations-xs9-build/282678/x86_64/toplink/packages/tar/1.35/1.xs9/x86_64/tar-1.35-1.xs9.x86_64.rpm
2025-10-09T10:29:06+0000 INFO Downloading: https://koji.eng.citrite.net/kojifiles/repos/xs-foundations-xs9-build/282678/x86_64/toplink/packages/tzdata/2024a/2.xs9/noarch/tzdata-2024a-2.xs9.noarch.rpm
2025-10-09T10:29:06+0000 INFO Downloading: https://koji.eng.citrite.net/kojifiles/repos/xs-foundations-xs9-build/282678/x86_64/toplink/packages/unzip/6.0/2.xs9/x86_64/unzip-6.0-2.xs9.x86_64.rpm
2025-10-09T10:29:06+0000 INFO Downloading: https://koji.eng.citrite.net/kojifiles/repos/xs-foundations-xs9-build/282678/x86_64/toplink/packages/util-linux/2.38.1/4.xs9/x86_64/util-linux-2.38.1-4.xs9.x86_64.rpm
2025-10-09T10:29:06+0000 INFO Downloading: https://koji.eng.citrite.net/kojifiles/repos/xs-foundations-xs9-build/282678/x86_64/toplink/packages/util-linux/2.38.1/4.xs9/x86_64/util-linux-core-2.38.1-4.xs9.x86_64.rpm
2025-10-09T10:29:06+0000 INFO Downloading: https://koji.eng.citrite.net/kojifiles/repos/xs-foundations-xs9-build/282678/x86_64/toplink/packages/which/2.21/2.xs9/x86_64/which-2.21-2.xs9.x86_64.rpm
2025-10-09T10:29:06+0000 INFO Downloading: https://koji.eng.citrite.net/kojifiles/repos/xs-foundations-xs9-build/282678/x86_64/toplink/packages/xenserver-config/9.0.9/1.xs9/noarch/xenserver-config-9.0.9-1.xs9.noarch.rpm
2025-10-09T10:29:06+0000 INFO Downloading: https://koji.eng.citrite.net/kojifiles/repos/xs-foundations-xs9-build/282678/x86_64/toplink/packages/xenserver-config/9.0.9/1.xs9/noarch/xenserver-config-macros-9.0.9-1.xs9.noarch.rpm
2025-10-09T10:29:06+0000 INFO Downloading: https://koji.eng.citrite.net/kojifiles/repos/xs-foundations-xs9-build/282678/x86_64/toplink/packages/xenserver-config/9.0.9/1.xs9/noarch/xenserver-config-rpm-9.0.9-1.xs9.noarch.rpm
2025-10-09T10:29:06+0000 INFO Downloading: https://koji.eng.citrite.net/kojifiles/repos/xs-foundations-xs9-build/282678/x86_64/toplink/packages/xenserver-release/8.99.50/11.xs9/x86_64/xenserver-release-8.99.50-11.xs9.x86_64.rpm
2025-10-09T10:29:06+0000 INFO Downloading: https://koji.eng.citrite.net/kojifiles/repos/xs-foundations-xs9-build/282678/x86_64/toplink/packages/xenserver-release/8.99.50/11.xs9/x86_64/xenserver-release-presets-8.99.50-11.xs9.x86_64.rpm
2025-10-09T10:29:06+0000 INFO Downloading: https://koji.eng.citrite.net/kojifiles/repos/xs-foundations-xs9-build/282678/x86_64/toplink/packages/xxhash/0.8.2/2.xs9/x86_64/xxhash-libs-0.8.2-2.xs9.x86_64.rpm
2025-10-09T10:29:06+0000 INFO Downloading: https://koji.eng.citrite.net/kojifiles/repos/xs-foundations-xs9-build/282678/x86_64/toplink/packages/xz/5.4.1/2.xs9/x86_64/xz-5.4.1-2.xs9.x86_64.rpm
2025-10-09T10:29:06+0000 INFO Downloading: https://koji.eng.citrite.net/kojifiles/repos/xs-foundations-xs9-build/282678/x86_64/toplink/packages/xz/5.4.1/2.xs9/x86_64/xz-libs-5.4.1-2.xs9.x86_64.rpm
2025-10-09T10:29:06+0000 INFO Downloading: https://koji.eng.citrite.net/kojifiles/repos/xs-foundations-xs9-build/282678/x86_64/toplink/packages/zlib/1.2.12/3.xs9/x86_64/zlib-1.2.12-3.xs9.x86_64.rpm
2025-10-09T10:29:06+0000 INFO Downloading: https://koji.eng.citrite.net/kojifiles/repos/xs-foundations-xs9-build/282678/x86_64/toplink/packages/zstd/1.5.5/2.xs9/x86_64/zstd-1.5.5-2.xs9.x86_64.rpm
2025-10-09T10:29:19+0000 INFO Librepo version: 1.14.5 with CURL_GLOBAL_ACK_EINTR support (libcurl/7.76.1 OpenSSL/3.5.1 zlib/1.2.11 brotli/1.0.9 libidn2/2.3.0 libpsl/0.21.1 (+libidn2/2.3.0) libssh/0.10.4/openssl/zlib nghttp2/1.43.0)
2025-10-09T10:29:19+0000 INFO Downloading: https://koji.eng.citrite.net/kojifiles/repos/xs-foundations-xs9-build/282678/x86_64/repodata/repomd.xml
2025-10-09T10:29:19+0000 INFO Downloading: https://koji.eng.citrite.net/kojifiles/repos/xs-foundations-xs9-build/282678/x86_64/toplink/packages/crypto-policies/20241128/1.xs9/noarch/crypto-policies-scripts-20241128-1.xs9.noarch.rpm
2025-10-09T10:29:19+0000 INFO Downloading: https://koji.eng.citrite.net/kojifiles/repos/xs-foundations-xs9-build/282678/x86_64/toplink/packages/efivar/39/1.xs9/x86_64/efivar-libs-39-1.xs9.x86_64.rpm
2025-10-09T10:29:19+0000 INFO Downloading: https://koji.eng.citrite.net/kojifiles/repos/xs-foundations-xs9-build/282678/x86_64/toplink/packages/nss/3.107.0/1.xs9/x86_64/nspr-4.36.0-1.xs9.x86_64.rpm
2025-10-09T10:29:19+0000 INFO Downloading: https://koji.eng.citrite.net/kojifiles/repos/xs-foundations-xs9-build/282678/x86_64/toplink/packages/nss/3.107.0/1.xs9/x86_64/nss-3.107.0-1.xs9.x86_64.rpm
2025-10-09T10:29:19+0000 INFO Downloading: https://koji.eng.citrite.net/kojifiles/repos/xs-foundations-xs9-build/282678/x86_64/toplink/packages/nss/3.107.0/1.xs9/x86_64/nss-softokn-3.107.0-1.xs9.x86_64.rpm
2025-10-09T10:29:19+0000 INFO Downloading: https://koji.eng.citrite.net/kojifiles/repos/xs-foundations-xs9-build/282678/x86_64/toplink/packages/nss/3.107.0/1.xs9/x86_64/nss-softokn-freebl-3.107.0-1.xs9.x86_64.rpm
2025-10-09T10:29:19+0000 INFO Downloading: https://koji.eng.citrite.net/kojifiles/repos/xs-foundations-xs9-build/282678/x86_64/toplink/packages/nss/3.107.0/1.xs9/x86_64/nss-sysinit-3.107.0-1.xs9.x86_64.rpm
2025-10-09T10:29:19+0000 INFO Downloading: https://koji.eng.citrite.net/kojifiles/repos/xs-foundations-xs9-build/282678/x86_64/toplink/packages/nss/3.107.0/1.xs9/x86_64/nss-tools-3.107.0-1.xs9.x86_64.rpm
2025-10-09T10:29:19+0000 INFO Downloading: https://koji.eng.citrite.net/kojifiles/repos/xs-foundations-xs9-build/282678/x86_64/toplink/packages/nss/3.107.0/1.xs9/x86_64/nss-util-3.107.0-1.xs9.x86_64.rpm
2025-10-09T10:29:19+0000 INFO Downloading: https://koji.eng.citrite.net/kojifiles/repos/xs-foundations-xs9-build/282678/x86_64/toplink/packages/openssl/3.0.9/6.xs9/x86_64/openssl-3.0.9-6.xs9.x86_64.rpm
2025-10-09T10:29:19+0000 INFO Downloading: https://koji.eng.citrite.net/kojifiles/repos/xs-foundations-xs9-build/282678/x86_64/toplink/packages/pesign/116/11.xs9/x86_64/pesign-116-11.xs9.x86_64.rpm
2025-10-09T10:29:19+0000 INFO Downloading: https://koji.eng.citrite.net/kojifiles/repos/xs-foundations-xs9-build/282678/x86_64/toplink/packages/xssign/1.3.2/1.xs9/noarch/python3-xssign-1.3.2-1.xs9.noarch.rpm
2025-10-09T10:29:19+0000 INFO Downloading: https://koji.eng.citrite.net/kojifiles/repos/xs-foundations-xs9-build/282678/x86_64/toplink/packages/xs-secureboot-dev-certs/1.0/2.xs9/x86_64/xs-secureboot-dev-certs-1.0-2.xs9.x86_64.rpm
2025-10-09T10:29:19+0000 INFO Downloading: https://koji.eng.citrite.net/kojifiles/repos/xs-foundations-xs9-build/282678/x86_64/toplink/packages/xssign/1.3.2/1.xs9/noarch/xssign-macros-1.3.2-1.xs9.noarch.rpm
