2025-10-09T10:29:04+0000 INFO --- logging initialized ---
2025-10-09T10:29:10+0000 SUBDEBUG Installed: libgcc-12.4.0-2.xs9.x86_64
2025-10-09T10:29:10+0000 SUBDEBUG Installed: tzdata-2024a-2.xs9.noarch
2025-10-09T10:29:10+0000 SUBDEBUG Installed: xenserver-release-presets-8.99.50-11.xs9.x86_64
2025-10-09T10:29:10+0000 SUBDEBUG Installed: xenserver-config-9.0.9-1.xs9.noarch
2025-10-09T10:29:10+0000 SUBDEBUG Installed: python3-setuptools-wheel-65.5.1-3.xs9.noarch
2025-10-09T10:29:10+0000 SUBDEBUG Installed: pkgconf-m4-1.8.0-2.xs9.noarch
2025-10-09T10:29:10+0000 SUBDEBUG Installed: perl-srpm-macros-1-2.xs9.noarch
2025-10-09T10:29:10+0000 SUBDEBUG Installed: pcre2-syntax-10.40-2.xs9.noarch
2025-10-09T10:29:10+0000 SUBDEBUG Installed: ncurses-base-6.4-7.xs9.noarch
2025-10-09T10:29:10+0000 SUBDEBUG Installed: kernel-headers-6.6.98-5.xs9.x86_64
2025-10-09T10:29:10+0000 SUBDEBUG Installed: coreutils-common-9.5-1.xs9.x86_64
2025-10-09T10:29:10+0000 SUBDEBUG Installed: libuuid-2.38.1-4.xs9.x86_64
2025-10-09T10:29:10+0000 SUBDEBUG Installed: python3-pip-wheel-22.2.2-3.xs9.noarch
2025-10-09T10:29:10+0000 SUBDEBUG Installed: libtasn1-4.19.0-2.xs9.x86_64
2025-10-09T10:29:10+0000 SUBDEBUG Installed: pcre2-10.40-2.xs9.x86_64
2025-10-09T10:29:10+0000 SUBDEBUG Installed: python3-libs-3.11.3-5.xs9.x86_64
2025-10-09T10:29:10+0000 SUBDEBUG Installed: findutils-4.9.0-4.xs9.x86_64
2025-10-09T10:29:10+0000 SUBDEBUG Installed: p11-kit-0.24.1-3.xs9.x86_64
2025-10-09T10:29:10+0000 SUBDEBUG Installed: sed-4.9-1.xs9.x86_64
2025-10-09T10:29:10+0000 SUBDEBUG Installed: crypto-policies-20241128-1.xs9.noarch
2025-10-09T10:29:10+0000 SUBDEBUG Installed: glibc-minimal-langpack-2.41-1.xs9.x86_64
2025-10-09T10:29:10+0000 SUBDEBUG Installed: glibc-common-2.41-1.xs9.x86_64
2025-10-09T10:29:11+0000 SUBDEBUG Installed: grep-3.11-1.xs9.x86_64
2025-10-09T10:29:11+0000 SUBDEBUG Installed: coreutils-9.5-1.xs9.x86_64
2025-10-09T10:29:11+0000 SUBDEBUG Installed: p11-kit-trust-0.24.1-3.xs9.x86_64
2025-10-09T10:29:11+0000 SUBDEBUG Installed: bash-5.2.37-1.xs9.x86_64
2025-10-09T10:29:11+0000 SUBDEBUG Installed: setup-2.8.77-1.xs9.noarch
2025-10-09T10:29:11+0000 INFO warning: /etc/hosts created as /etc/hosts.rpmnew

2025-10-09T10:29:11+0000 SUBDEBUG Installed: filesystem-3.18-3.xs9.x86_64
2025-10-09T10:29:11+0000 SUBDEBUG Installed: basesystem-11-2.xs9.noarch
2025-10-09T10:29:11+0000 SUBDEBUG Installed: glibc-2.41-1.xs9.x86_64
2025-10-09T10:29:11+0000 SUBDEBUG Installed: zlib-1.2.12-3.xs9.x86_64
2025-10-09T10:29:11+0000 SUBDEBUG Installed: xz-libs-5.4.1-2.xs9.x86_64
2025-10-09T10:29:11+0000 SUBDEBUG Installed: bzip2-libs-1.0.8-3.xs9.x86_64
2025-10-09T10:29:11+0000 SUBDEBUG Installed: gmp-6.2.1-3.xs9.x86_64
2025-10-09T10:29:11+0000 SUBDEBUG Installed: libcap-2.48-2.xs9.x86_64
2025-10-09T10:29:11+0000 SUBDEBUG Installed: libxcrypt-4.4.36-3.xs9.x86_64
2025-10-09T10:29:11+0000 SUBDEBUG Installed: ncurses-libs-6.4-7.xs9.x86_64
2025-10-09T10:29:11+0000 SUBDEBUG Installed: readline-8.2-2.xs9.x86_64
2025-10-09T10:29:11+0000 SUBDEBUG Installed: libattr-2.5.1-2.xs9.x86_64
2025-10-09T10:29:11+0000 SUBDEBUG Installed: libacl-2.3.2-1.xs9.x86_64
2025-10-09T10:29:11+0000 SUBDEBUG Installed: python3-3.11.3-5.xs9.x86_64
2025-10-09T10:29:11+0000 SUBDEBUG Installed: sqlite-libs-3.47.2-1.xs9.x86_64
2025-10-09T10:29:11+0000 SUBDEBUG Installed: expat-2.5.0-2.xs9.x86_64
2025-10-09T10:29:11+0000 SUBDEBUG Installed: gdbm-libs-1.23-2.xs9.x86_64
2025-10-09T10:29:11+0000 SUBDEBUG Installed: libffi-3.4.4-2.xs9.x86_64
2025-10-09T10:29:11+0000 SUBDEBUG Installed: libgomp-12.4.0-2.xs9.x86_64
2025-10-09T10:29:11+0000 SUBDEBUG Installed: ca-certificates-2024.2.72-3.xs9.noarch
2025-10-09T10:29:11+0000 SUBDEBUG Installed: openssl-libs-3.0.9-6.xs9.x86_64
2025-10-09T10:29:11+0000 SUBDEBUG Installed: xenserver-release-8.99.50-11.xs9.x86_64
2025-10-09T10:29:11+0000 SUBDEBUG Installed: libb2-0.98.1-2.xs9.x86_64
2025-10-09T10:29:11+0000 SUBDEBUG Installed: mpdecimal-2.5.1-2.xs9.x86_64
2025-10-09T10:29:11+0000 SUBDEBUG Installed: libzstd-1.5.5-2.xs9.x86_64
2025-10-09T10:29:11+0000 SUBDEBUG Installed: elfutils-libelf-0.193-1.xs9.x86_64
2025-10-09T10:29:11+0000 SUBDEBUG Installed: libstdc++-12.4.0-2.xs9.x86_64
2025-10-09T10:29:11+0000 SUBDEBUG Installed: mpfr-4.1.1-3.xs9.x86_64
2025-10-09T10:29:11+0000 SUBDEBUG Installed: systemd-libs-257.2-8.xs9.x86_64
2025-10-09T10:29:11+0000 SUBDEBUG Installed: libblkid-2.38.1-4.xs9.x86_64
2025-10-09T10:29:11+0000 SUBDEBUG Installed: popt-1.19-2.xs9.x86_64
2025-10-09T10:29:11+0000 SUBDEBUG Installed: libmount-2.38.1-4.xs9.x86_64
2025-10-09T10:29:11+0000 SUBDEBUG Installed: libmpc-1.3.1-2.xs9.x86_64
2025-10-09T10:29:11+0000 SUBDEBUG Installed: libcap-ng-0.8.3-2.xs9.x86_64
2025-10-09T10:29:11+0000 SUBDEBUG Installed: audit-libs-3.1.2-2.xs9.x86_64
2025-10-09T10:29:11+0000 SUBDEBUG Installed: pam-libs-1.7.0-2.xs9.x86_64
2025-10-09T10:29:11+0000 SUBDEBUG Installed: shadow-utils-4.17.0-1.xs9.x86_64
2025-10-09T10:29:11+0000 SUBDEBUG Installed: libfdisk-2.38.1-4.xs9.x86_64
2025-10-09T10:29:11+0000 SUBDEBUG Installed: dbus-libs-1.14.10-3.xs9.x86_64
2025-10-09T10:29:11+0000 SUBDEBUG Installed: xz-5.4.1-2.xs9.x86_64
2025-10-09T10:29:11+0000 SUBDEBUG Installed: file-libs-5.45-1.xs9.x86_64
2025-10-09T10:29:11+0000 SUBDEBUG Installed: diffutils-3.10-2.xs9.x86_64
2025-10-09T10:29:11+0000 SUBDEBUG Installed: gzip-1.14-1.xs9.x86_64
2025-10-09T10:29:11+0000 SUBDEBUG Installed: libsmartcols-2.38.1-4.xs9.x86_64
2025-10-09T10:29:11+0000 SUBDEBUG Installed: util-linux-core-2.38.1-4.xs9.x86_64
2025-10-09T10:29:12+0000 SUBDEBUG Installed: lua-libs-5.4.4-3.xs9.x86_64
2025-10-09T10:29:12+0000 SUBDEBUG Installed: lz4-libs-1.10.0-1.xs9.x86_64
2025-10-09T10:29:12+0000 SUBDEBUG Installed: zstd-1.5.5-2.xs9.x86_64
2025-10-09T10:29:12+0000 SUBDEBUG Installed: cracklib-2.9.11-3.xs9.x86_64
2025-10-09T10:29:12+0000 SUBDEBUG Installed: libpwquality-1.4.5-2.xs9.x86_64
2025-10-09T10:29:12+0000 SUBDEBUG Installed: file-5.45-1.xs9.x86_64
2025-10-09T10:29:12+0000 SUBDEBUG Installed: dbus-tools-1.14.10-3.xs9.x86_64
2025-10-09T10:29:12+0000 SUBDEBUG Installed: libutempter-1.2.1-2.xs9.x86_64
2025-10-09T10:29:12+0000 SUBDEBUG Installed: cpp-12.4.0-2.xs9.x86_64
2025-10-09T10:29:12+0000 SUBDEBUG Installed: libstdc++-devel-12.4.0-2.xs9.x86_64
2025-10-09T10:29:12+0000 SUBDEBUG Installed: dwz-0.16-1.xs9.x86_64
2025-10-09T10:29:12+0000 SUBDEBUG Installed: libevent-2.1.12-2.xs9.x86_64
2025-10-09T10:29:12+0000 SUBDEBUG Installed: openldap-2.6.4-5.xs9.x86_64
2025-10-09T10:29:12+0000 SUBDEBUG Installed: gdbm-1.23-2.xs9.x86_64
2025-10-09T10:29:12+0000 SUBDEBUG Installed: pam-1.7.0-2.xs9.x86_64
2025-10-09T10:29:12+0000 SUBDEBUG Installed: util-linux-2.38.1-4.xs9.x86_64
2025-10-09T10:29:12+0000 SUBDEBUG Installed: python3-pyparsing-3.0.7-2.xs9.noarch
2025-10-09T10:29:12+0000 SUBDEBUG Installed: python3-packaging-21.3-2.xs9.noarch
2025-10-09T10:29:12+0000 SUBDEBUG Installed: tar-1.35-1.xs9.x86_64
2025-10-09T10:29:12+0000 SUBDEBUG Installed: bzip2-1.0.8-3.xs9.x86_64
2025-10-09T10:29:12+0000 SUBDEBUG Installed: unzip-6.0-2.xs9.x86_64
2025-10-09T10:29:12+0000 SUBDEBUG Installed: libxml2-2.10.4-2.xs9.x86_64
2025-10-09T10:29:12+0000 SUBDEBUG Installed: libarchive-3.6.1-2.xs9.x86_64
2025-10-09T10:29:12+0000 SUBDEBUG Installed: cpio-2.13-2.xs9.x86_64
2025-10-09T10:29:12+0000 SUBDEBUG Installed: ed-1.19-2.xs9.x86_64
2025-10-09T10:29:12+0000 SUBDEBUG Installed: patch-2.7.6-3.xs9.x86_64
2025-10-09T10:29:12+0000 SUBDEBUG Installed: jansson-2.14.1-1.xs9.x86_64
2025-10-09T10:29:12+0000 SUBDEBUG Installed: binutils-2.45-1.xs9.x86_64
2025-10-09T10:29:12+0000 SUBDEBUG Installed: keyutils-libs-1.6.3-2.xs9.x86_64
2025-10-09T10:29:12+0000 SUBDEBUG Installed: libcom_err-1.47.0-3.xs9.x86_64
2025-10-09T10:29:12+0000 SUBDEBUG Installed: libnghttp2-1.64.0-2.xs9.x86_64
2025-10-09T10:29:12+0000 SUBDEBUG Installed: libpkgconf-1.8.0-2.xs9.x86_64
2025-10-09T10:29:12+0000 SUBDEBUG Installed: pkgconf-1.8.0-2.xs9.x86_64
2025-10-09T10:29:12+0000 SUBDEBUG Installed: pkgconf-pkg-config-1.8.0-2.xs9.x86_64
2025-10-09T10:29:12+0000 SUBDEBUG Installed: glibc-devel-2.41-1.xs9.x86_64
2025-10-09T10:29:12+0000 SUBDEBUG Installed: libxcrypt-devel-4.4.36-3.xs9.x86_64
2025-10-09T10:29:12+0000 SUBDEBUG Installed: libseccomp-2.5.3-2.xs9.x86_64
2025-10-09T10:29:12+0000 SUBDEBUG Installed: libsigsegv-2.14-2.xs9.x86_64
2025-10-09T10:29:12+0000 SUBDEBUG Installed: gawk-5.1.1-5.xs9.x86_64
2025-10-09T10:29:12+0000 SUBDEBUG Installed: libunistring-1.0-2.xs9.x86_64
2025-10-09T10:29:12+0000 SUBDEBUG Installed: libidn2-2.3.4-4.xs9.x86_64
2025-10-09T10:29:12+0000 SUBDEBUG Installed: libverto-0.3.2-2.xs9.x86_64
2025-10-09T10:29:12+0000 SUBDEBUG Installed: krb5-libs-1.21.3-3.xs9.x86_64
2025-10-09T10:29:12+0000 SUBDEBUG Installed: libcurl-8.11.1-2.xs9.x86_64
2025-10-09T10:29:12+0000 SUBDEBUG Installed: curl-8.11.1-2.xs9.x86_64
2025-10-09T10:29:12+0000 SUBDEBUG Installed: rpm-4.18.0-6.xs9.x86_64
2025-10-09T10:29:12+0000 SUBDEBUG Installed: rpm-libs-4.18.0-6.xs9.x86_64
2025-10-09T10:29:12+0000 SUBDEBUG Installed: make-4.4-2.xs9.x86_64
2025-10-09T10:29:12+0000 SUBDEBUG Installed: gcc-12.4.0-2.xs9.x86_64
2025-10-09T10:29:13+0000 SUBDEBUG Installed: xxhash-libs-0.8.2-2.xs9.x86_64
2025-10-09T10:29:13+0000 SUBDEBUG Installed: gdb-15.2-2.xs9.x86_64
2025-10-09T10:29:13+0000 SUBDEBUG Installed: dbus-common-1.14.10-3.xs9.noarch
2025-10-09T10:29:13+0000 SUBDEBUG Installed: dbus-daemon-1.14.10-3.xs9.x86_64
2025-10-09T10:29:13+0000 SUBDEBUG Installed: systemd-rpm-macros-257.2-8.xs9.noarch
2025-10-09T10:29:13+0000 SUBDEBUG Installed: elfutils-libs-0.193-1.xs9.x86_64
2025-10-09T10:29:13+0000 SUBDEBUG Installed: systemd-pam-257.2-8.xs9.x86_64
2025-10-09T10:29:13+0000 SUBDEBUG Installed: systemd-257.2-8.xs9.x86_64
2025-10-09T10:29:13+0000 INFO Creating group 'input' with GID 104.
Creating group 'kvm' with GID 36.
Creating group 'render' with GID 105.
Creating group 'sgx' with GID 106.
Creating group 'systemd-journal' with GID 190.
Creating group 'systemd-oom' with GID 999.
Creating user 'systemd-oom' (systemd Userspace OOM Killer) with UID 999 and GID 999.

2025-10-09T10:29:13+0000 SUBDEBUG Installed: elfutils-default-yama-scope-0.193-1.xs9.noarch
2025-10-09T10:29:13+0000 SUBDEBUG Installed: elfutils-0.193-1.xs9.x86_64
2025-10-09T10:29:13+0000 SUBDEBUG Installed: debugedit-5.2-1.xs9.x86_64
2025-10-09T10:29:13+0000 SUBDEBUG Installed: rpm-build-libs-4.18.0-6.xs9.x86_64
2025-10-09T10:29:13+0000 SUBDEBUG Installed: annobin-docs-12.71-1.xs9.noarch
2025-10-09T10:29:13+0000 SUBDEBUG Installed: annobin-plugin-gcc-12.71-1.xs9.x86_64
2025-10-09T10:29:13+0000 SUBDEBUG Installed: xenserver-config-rpm-9.0.9-1.xs9.noarch
2025-10-09T10:29:13+0000 SUBDEBUG Installed: python-srpm-macros-3.10-3.xs9.noarch
2025-10-09T10:29:13+0000 SUBDEBUG Installed: python-rpm-macros-3.10-3.xs9.noarch
2025-10-09T10:29:13+0000 SUBDEBUG Installed: python3-rpm-macros-3.10-3.xs9.noarch
2025-10-09T10:29:13+0000 SUBDEBUG Installed: pyproject-rpm-macros-1.8.0-2.xs9.noarch
2025-10-09T10:29:13+0000 SUBDEBUG Installed: python3-rpm-generators-14-3.xs9.noarch
2025-10-09T10:29:13+0000 SUBDEBUG Installed: go-srpm-macros-3.7.0-3.xs9.noarch
2025-10-09T10:29:13+0000 SUBDEBUG Installed: rpm-build-4.18.0-6.xs9.x86_64
2025-10-09T10:29:13+0000 SUBDEBUG Installed: xenserver-config-macros-9.0.9-1.xs9.noarch
2025-10-09T10:29:13+0000 SUBDEBUG Installed: gcc-c++-12.4.0-2.xs9.x86_64
2025-10-09T10:29:13+0000 SUBDEBUG Installed: which-2.21-2.xs9.x86_64
2025-10-09T10:29:19+0000 INFO --- logging initialized ---
2025-10-09T10:29:19+0000 SUBDEBUG Installed: nspr-4.36.0-1.xs9.x86_64
2025-10-09T10:29:19+0000 SUBDEBUG Installed: nss-util-3.107.0-1.xs9.x86_64
2025-10-09T10:29:19+0000 SUBDEBUG Installed: nss-softokn-freebl-3.107.0-1.xs9.x86_64
2025-10-09T10:29:19+0000 SUBDEBUG Installed: nss-softokn-3.107.0-1.xs9.x86_64
2025-10-09T10:29:19+0000 SUBDEBUG Installed: xs-secureboot-dev-certs-1.0-2.xs9.x86_64
2025-10-09T10:29:19+0000 SUBDEBUG Installed: openssl-3.0.9-6.xs9.x86_64
2025-10-09T10:29:19+0000 SUBDEBUG Installed: efivar-libs-39-1.xs9.x86_64
2025-10-09T10:29:19+0000 SUBDEBUG Installed: crypto-policies-scripts-20241128-1.xs9.noarch
2025-10-09T10:29:19+0000 SUBDEBUG Installed: nss-sysinit-3.107.0-1.xs9.x86_64
2025-10-09T10:29:19+0000 SUBDEBUG Installed: nss-3.107.0-1.xs9.x86_64
2025-10-09T10:29:19+0000 SUBDEBUG Installed: nss-tools-3.107.0-1.xs9.x86_64
2025-10-09T10:29:19+0000 SUBDEBUG Installed: pesign-116-11.xs9.x86_64
2025-10-09T10:29:19+0000 SUBDEBUG Installed: python3-xssign-1.3.2-1.xs9.noarch
2025-10-09T10:29:19+0000 SUBDEBUG Installed: xssign-macros-1.3.2-1.xs9.noarch
