CPU info:
Architecture:                            x86_64
CPU op-mode(s):                          32-bit, 64-bit
Address sizes:                           46 bits physical, 48 bits virtual
Byte Order:                              Little Endian
CPU(s):                                  32
On-line CPU(s) list:                     0-31
Vendor ID:                               GenuineIntel
Model name:                              Intel(R) Xeon(R) Silver 4215R CPU @ 3.20GHz
CPU family:                              6
Model:                                   85
Thread(s) per core:                      2
Core(s) per socket:                      8
Socket(s):                               2
Stepping:                                7
CPU(s) scaling MHz:                      39%
CPU max MHz:                             4000.0000
CPU min MHz:                             1000.0000
BogoMIPS:                                6400.00
Flags:                                   fpu vme de pse tsc msr pae mce cx8 apic sep mtrr pge mca cmov pat pse36 clflush dts acpi mmx fxsr sse sse2 ss ht tm pbe syscall nx pdpe1gb rdtscp lm constant_tsc art arch_perfmon pebs bts rep_good nopl xtopology nonstop_tsc cpuid aperfmperf pni pclmulqdq dtes64 monitor ds_cpl vmx smx est tm2 ssse3 sdbg fma cx16 xtpr pdcm pcid dca sse4_1 sse4_2 x2apic movbe popcnt tsc_deadline_timer aes xsave avx f16c rdrand lahf_lm abm 3dnowprefetch cpuid_fault epb cat_l3 cdp_l3 intel_ppin ssbd mba ibrs ibpb stibp ibrs_enhanced tpr_shadow flexpriority ept vpid ept_ad fsgsbase tsc_adjust bmi1 avx2 smep bmi2 erms invpcid cqm mpx rdt_a avx512f avx512dq rdseed adx smap clflushopt clwb intel_pt avx512cd avx512bw avx512vl xsaveopt xsavec xgetbv1 xsaves cqm_llc cqm_occup_llc cqm_mbm_total cqm_mbm_local dtherm ida arat pln pts hwp hwp_act_window hwp_epp hwp_pkg_req vnmi pku ospke avx512_vnni md_clear flush_l1d arch_capabilities
Virtualization:                          VT-x
L1d cache:                               512 KiB (16 instances)
L1i cache:                               512 KiB (16 instances)
L2 cache:                                16 MiB (16 instances)
L3 cache:                                22 MiB (2 instances)
NUMA node(s):                            2
NUMA node0 CPU(s):                       0-7,16-23
NUMA node1 CPU(s):                       8-15,24-31
Vulnerability Gather data sampling:      Mitigation; Microcode
Vulnerability Indirect target selection: Mitigation; Aligned branch/return thunks
Vulnerability Itlb multihit:             KVM: Mitigation: Split huge pages
Vulnerability L1tf:                      Not affected
Vulnerability Mds:                       Not affected
Vulnerability Meltdown:                  Not affected
Vulnerability Mmio stale data:           Mitigation; Clear CPU buffers; SMT vulnerable
Vulnerability Reg file data sampling:    Not affected
Vulnerability Retbleed:                  Mitigation; Enhanced IBRS
Vulnerability Spec rstack overflow:      Not affected
Vulnerability Spec store bypass:         Mitigation; Speculative Store Bypass disabled via prctl
Vulnerability Spectre v1:                Mitigation; usercopy/swapgs barriers and __user pointer sanitization
Vulnerability Spectre v2:                Mitigation; Enhanced / Automatic IBRS; IBPB conditional; PBRSB-eIBRS SW sequence; BHI SW loop, KVM SW loop
Vulnerability Srbds:                     Not affected
Vulnerability Tsa:                       Not affected
Vulnerability Tsx async abort:           Mitigation; TSX disabled


Memory:
               total        used        free      shared  buff/cache   available
Mem:           124Gi       3.0Gi       113Gi       108Mi       9.3Gi       121Gi
Swap:          8.0Gi          0B       8.0Gi


Storage (chroot, cache_topdir):
Filesystem                      Type  Size  Used Avail Use% Mounted on
/dev/mapper/VolGroup-lv_var_lib xfs   602G   12G  590G   2% /var/lib
/dev/mapper/VolGroup-lv_var     xfs   108G   15G   94G  14% /var
