libgcc-12.4.0-2.xs9.x86_64 1753796418 219082 a0f6f62a0a84da64e808e157c0027978 installed
tzdata-2024a-2.xs9.noarch 1737140553 1049862 e7f5b895901943d6e4b7039447b2e8f5 installed
xenserver-release-presets-8.99.50-11.xs9.x86_64 1754054647 4436 854b8b83c161af7370aac2184c94514c installed
xenserver-config-9.0.9-1.xs9.noarch 1756459113 0 4f8e043845e2a174ac9c85cdfce88ee2 installed
python3-setuptools-wheel-65.5.1-3.xs9.noarch 1737065769 880928 4b64d810eea7da0bc0c0cde8c47ff431 installed
pkgconf-m4-1.8.0-2.xs9.noarch 1737107476 14187 fac0eef2c25fa11a739e008097caaae0 installed
perl-srpm-macros-1-2.xs9.noarch 1737063467 859 8989d636bebe26e0b1d1fc5f4c4bb307 installed
pcre2-syntax-10.40-2.xs9.noarch 1737140519 234324 710309f847718fbbd020ce47d0a02bf1 installed
ncurses-base-6.4-7.xs9.noarch 1737140806 323448 b7180e466a316e491ca37de7da0361c8 installed
kernel-headers-6.6.98-5.xs9.x86_64 1758786940 6364640 24dc2897e8b7e6b7339a32eedecf0bbe installed
coreutils-common-9.5-1.xs9.x86_64 1737110950 11694893 3a8fc1acccfb2a7d732e0be4cb6371fd installed
libuuid-2.38.1-4.xs9.x86_64 1737140614 38469 b3fb7cb8e8afedfa4c082e496d9504f0 installed
python3-pip-wheel-22.2.2-3.xs9.noarch 1737140512 1533793 4c4b5f4b0a655de7f177633a84770cc8 installed
libtasn1-4.19.0-2.xs9.x86_64 1737140369 180108 7f1f50b0ac079c05ea3db56b60b6bdc7 installed
pcre2-10.40-2.xs9.x86_64 1737140519 645474 9fc87a78e246291074805f1c3889d4c6 installed
python3-libs-3.11.3-5.xs9.x86_64 1737140540 45660705 46649d8a5331cbfb6b22c7bb2977b1de installed
findutils-4.9.0-4.xs9.x86_64 1737111523 1532151 9c837988cf5a9f3acfb9525c60842c02 installed
p11-kit-0.24.1-3.xs9.x86_64 1737140402 1518659 2b53a2e69e84f7dcf8e20b66f47b0599 installed
sed-4.9-1.xs9.x86_64 1737140486 874419 43739e7bfe27531586d94ab3b26a6363 installed
crypto-policies-20241128-1.xs9.noarch 1737460892 106996 e6f909f740054bdeb6ffaeaf9303ec40 installed
glibc-minimal-langpack-2.41-1.xs9.x86_64 1741237331 0 54f9a053bcab5ae5563154e9a4d083fc installed
glibc-common-2.41-1.xs9.x86_64 1741237331 1086759 3a991cb7219ed0f92752df11316b0a40 installed
grep-3.11-1.xs9.x86_64 1737140165 1034530 fe18ed547d881c80ed7b69bfe225d0b1 installed
coreutils-9.5-1.xs9.x86_64 1737110950 5625910 768f6b62ea13dd85c660c0ae0a6532da installed
p11-kit-trust-0.24.1-3.xs9.x86_64 1737140402 388022 ec54f9b6ec86472fa32a11a450ff0abb installed
bash-5.2.37-1.xs9.x86_64 1737140490 8516621 b3065b6464580099f0f966df30c72899 installed
setup-2.8.77-1.xs9.noarch 1740972373 698300 aa17d0555965fad35b3d3ae26a589aac installed
filesystem-3.18-3.xs9.x86_64 1740758989 106 44348d826621fbccc0d628b4616174d1 installed
basesystem-11-2.xs9.noarch 1737140153 0 5fa73ed3d3d620df95c60abe710a0875 installed
glibc-2.41-1.xs9.x86_64 1741237331 6379280 2425b4a2e2ec50e0c2517d6578444afe installed
zlib-1.2.12-3.xs9.x86_64 1737140587 207084 dda2829550737bc9ccf69a41e6765fb4 installed
xz-libs-5.4.1-2.xs9.x86_64 1737140584 210717 9fed09482d1374cec78c6be62d4946b1 installed
bzip2-libs-1.0.8-3.xs9.x86_64 1737062070 82780 b5fbf3f5e23c0d90cb35ac738adce3e8 installed
gmp-6.2.1-3.xs9.x86_64 1737140200 814160 609cc6d43dfa4a37db0f7a0ef1b287dd installed
libcap-2.48-2.xs9.x86_64 1737140269 189215 252ec28c6c333da5f69779538404965c installed
libxcrypt-4.4.36-3.xs9.x86_64 1737140412 273050 42b3717e0eb3872eb7b8588aefe42e36 installed
ncurses-libs-6.4-7.xs9.x86_64 1737140806 996319 60b9eda81d0a54ee990f82d1732aec99 installed
readline-8.2-2.xs9.x86_64 1737140482 497325 bcf70a0c983dea749a62c37629b9b029 installed
libattr-2.5.1-2.xs9.x86_64 1737062079 29317 7aa1dc20c1e89282a3b8819887f69c88 installed
libacl-2.3.2-1.xs9.x86_64 1737110988 41082 35d698d2d3c5dd8128a146bda60d0ddf installed
python3-3.11.3-5.xs9.x86_64 1737140540 33530 8a106b6bf2ea9c55e85e24408a5c55a4 installed
sqlite-libs-3.47.2-1.xs9.x86_64 1737460115 1548310 6c557f3ac74d9922f479967f40872d32 installed
expat-2.5.0-2.xs9.x86_64 1737111595 277976 76db46ae5de1343d4e1d873730e20f22 installed
gdbm-libs-0:1.23-2.xs9.x86_64 1737062060 132994 17328d72d39635aa3a2a8a2ad50bd7d1 installed
libffi-3.4.4-2.xs9.x86_64 1737140269 71272 fa884f23dbd1bda69ca93d8a0bbc114d installed
libgomp-12.4.0-2.xs9.x86_64 1753796418 447018 00ac557567c2edf43e70c49be7a13103 installed
ca-certificates-2024.2.72-3.xs9.noarch 1737141827 1336302 1e628ee87e9dff2ecbae8a23d062c266 installed
openssl-libs-3.0.9-6.xs9.x86_64 1737062072 6326720 51c3d9b9ecaed5780683d937295561e6 installed
xenserver-release-8.99.50-11.xs9.x86_64 1754054647 487360 f4dba858b33703ecd1aa60b07fd0edd9 installed
libb2-0.98.1-2.xs9.x86_64 1737140329 47294 4d3d8854137619659682e11b105ce54c installed
mpdecimal-2.5.1-2.xs9.x86_64 1737141519 206207 ce76d7a0734d027842272be6a6a64fe2 installed
libzstd-1.5.5-2.xs9.x86_64 1737140623 745974 41ea95c67a8299f0fc76e3e6dc582dd6 installed
elfutils-libelf-0.193-1.xs9.x86_64 1756295977 1225592 d7af498df013e25d9b2d86b6fff6b3ad installed
libstdc++-12.4.0-2.xs9.x86_64 1753796418 2688541 14bb968d02ab99dfaf6c7a999948de97 installed
mpfr-4.1.1-3.xs9.x86_64 1737140415 2073797 b370f46b5952e11148fb6c171e1e830a installed
systemd-libs-257.2-8.xs9.x86_64 1755571128 2314214 7dade2d75d97072eb1a762131a93a7cc installed
libblkid-2.38.1-4.xs9.x86_64 1737140614 222577 3197a937c75ce4d29598c09a17df61da installed
popt-1.19-2.xs9.x86_64 1737141567 140210 9cd35ab38f079ad833aa6acfa2a0eb46 installed
libmount-2.38.1-4.xs9.x86_64 1737140614 315741 cd88c1228fab656f4761063eb26b9922 installed
libmpc-1.3.1-2.xs9.x86_64 1737067317 169044 62d417b9862157348412bcd57c3554aa installed
libcap-ng-0.8.3-2.xs9.x86_64 1737140271 74364 651e296c996423e4f6e8ef01733b0773 installed
audit-libs-3.1.2-2.xs9.x86_64 1737140111 319417 51eb0cf5698379c9ee71fc98a2d3cdf6 installed
pam-libs-1.7.0-2.xs9.x86_64 1751336274 142647 2c38a8d8443789f6a117855d9097ae35 installed
shadow-utils-4.17.0-1.xs9.x86_64 1737110812 3600540 2d3a2576db96bf9ff265404ac8d60183 installed
libfdisk-2.38.1-4.xs9.x86_64 1737140614 377595 90b706c94ab1599f1f32fa168784ec7c installed
dbus-libs-0:1.14.10-3.xs9.x86_64 1737140115 378291 fd9dcea80940e87b73efd109cd2bb6f5 installed
xz-5.4.1-2.xs9.x86_64 1737140584 1147830 1cc03949497b3c056fbd80898094e16d installed
file-libs-5.45-1.xs9.x86_64 1737111588 10407006 646bf1c64dcb30fcb2fd5e106b2a329f installed
diffutils-3.10-2.xs9.x86_64 1737111545 1635100 4696963c4bb286fccbce6fd810bdd1aa installed
gzip-1.14-1.xs9.x86_64 1744961012 407550 b1d4b87133ed4a23859af1edde952854 installed
libsmartcols-2.38.1-4.xs9.x86_64 1737140614 140251 cb12dd11a8b522c94cd0f02753572111 installed
util-linux-core-2.38.1-4.xs9.x86_64 1737140614 1381653 ed65e39d5c9240bddb89e6cd8fa06e1f installed
lua-libs-5.4.4-3.xs9.x86_64 1737140273 280171 d40d92f7f92a65c8279ceff82ef4f09a installed
lz4-libs-1.10.0-1.xs9.x86_64 1737140320 145397 2d9c44e25e7eb034e8d2a9661606e505 installed
zstd-1.5.5-2.xs9.x86_64 1737140623 1625701 aff991d5c4f10b4605a8f1c7e560e33e installed
cracklib-2.9.11-3.xs9.x86_64 1737110997 244531 8c41db6da950990fa0b3e107b91e8861 installed
libpwquality-1.4.5-2.xs9.x86_64 1737140360 427874 592d78bd709c16c84b9731c602d1d237 installed
file-5.45-1.xs9.x86_64 1737111588 106047 bffd80fc0cc1798bdb14b8e08f54bc3e installed
dbus-tools-0:1.14.10-3.xs9.x86_64 1737140115 130362 53757bf90333324b054e22341046da89 installed
libutempter-1.2.1-2.xs9.x86_64 1737140353 59033 80cbca0c0bf0c7a15a9bf8ad4f0d7e88 installed
cpp-12.4.0-2.xs9.x86_64 1753796418 32556165 e07404765e35af0d90029b7b706be47b installed
libstdc++-devel-12.4.0-2.xs9.x86_64 1753796418 13868297 65c8f06474f5f5d1d62ee554e6f933df installed
dwz-0.16-1.xs9.x86_64 1756296000 302788 8d5e70ae5f92a837dbc46c908fdddd0c installed
libevent-2.1.12-2.xs9.x86_64 1737140343 923242 ab356bceb3cf5885b4e7734b03c4fff9 installed
openldap-2.6.4-5.xs9.x86_64 1737140407 648587 dc48428af163bb25045d6938e3d1a010 installed
gdbm-0:1.23-2.xs9.x86_64 1737062060 477143 8ae751e705cd4cc65fb990a52a448278 installed
pam-1.7.0-2.xs9.x86_64 1751336274 1675794 31d04c1ef72c14819477711c0cf26682 installed
util-linux-2.38.1-4.xs9.x86_64 1737140614 11603382 e461ce12d132c472e458d0a42d70ee49 installed
python3-pyparsing-3.0.7-2.xs9.noarch 1737067386 1023745 f9322f6c9b8e7823adcd16342a9211cc installed
python3-packaging-21.3-2.xs9.noarch 1737064933 308612 b98b5f1283de80629e0b025d1b2d7992 installed
tar-1.35-1.xs9.x86_64 1737140767 3081803 3bc69f91c4793a179fe4e3002857b9a8 installed
bzip2-1.0.8-3.xs9.x86_64 1737062070 97965 b3d7745f6b479e55ce1ddda3c65d63ad installed
unzip-6.0-2.xs9.x86_64 1737140542 404643 8014a65b1a210401708060600caa1f7e installed
libxml2-2.10.4-2.xs9.x86_64 1737140320 1796944 4fada95d5f12cb787c484e42dbb454fa installed
libarchive-3.6.1-2.xs9.x86_64 1737140325 919528 16b2b5716025dcd9fed04288aad24d79 installed
cpio-2.13-2.xs9.x86_64 1737110999 1083818 a154a494a7e9fd6ba1f27bd8cf6bb327 installed
ed-1.19-2.xs9.x86_64 1737111543 143614 0580945b632130c00f3c38906169ef10 installed
patch-2.7.6-3.xs9.x86_64 1737140444 249050 5732d241bbde089d82b3339c4340fa6d installed
jansson-2.14.1-1.xs9.x86_64 1751457901 121641 e3a9b98daf7658e1803aa091929a2e07 installed
binutils-2.45-1.xs9.x86_64 1756378640 25713509 35cb8de0bd60ff1977feead538c3f5f9 installed
keyutils-libs-1.6.3-2.xs9.x86_64 1737140309 59891 edc5c10cb8578e88d94a17cd70c1cbf6 installed
libcom_err-1.47.0-3.xs9.x86_64 1737111584 68857 8476563946111b4d948406a8a00b7831 installed
libnghttp2-1.64.0-2.xs9.x86_64 1739790919 179460 13bb430078a99b81491411fb26c6d2e1 installed
libpkgconf-1.8.0-2.xs9.x86_64 1737107476 71873 8ef1af365a162baa25f56ee36f85abd7 installed
pkgconf-1.8.0-2.xs9.x86_64 1737107476 77339 23295aa2cd9393651d96239944c95015 installed
pkgconf-pkg-config-1.8.0-2.xs9.x86_64 1737107476 992 f21d7eefecbfe233bba2d3e3ec9c6418 installed
glibc-devel-2.41-1.xs9.x86_64 1741237331 2366665 a003ff9306404c5e64c5cb7d4f640766 installed
libxcrypt-devel-4.4.36-3.xs9.x86_64 1737140412 30995 c04dcfa766cf080d4d7435d073837aca installed
libseccomp-2.5.3-2.xs9.x86_64 1737140384 175476 1d3a62762f24f1a1a92fb70cfd9bfb81 installed
libsigsegv-2.14-2.xs9.x86_64 1737140355 54521 748ae4e732b48f368a73c4472ab88e4a installed
gawk-5.1.1-5.xs9.x86_64 1737111496 1686689 032070b1264c1784fc758e0668b8cd07 installed
libunistring-1.0-2.xs9.x86_64 1737140311 1841203 0249f463922b927f686c2385a56852ce installed
libidn2-2.3.4-4.xs9.x86_64 1737140300 499121 38d5c7a250e94d7bd25c00137bc4c76f installed
libverto-0.3.2-2.xs9.x86_64 1737140309 30301 642a23c15c887a99503f9b452514466f installed
krb5-libs-1.21.3-3.xs9.x86_64 1752569943 2417799 214d8bed825db61b0ba7b80a631bf916 installed
libcurl-8.11.1-2.xs9.x86_64 1737136175 763870 a7799650eb3525172f0d82d9080c06cf installed
curl-8.11.1-2.xs9.x86_64 1737136175 462132 5e4c632c345390c9c8b2c3b10f02a309 installed
rpm-4.18.0-6.xs9.x86_64 1737061887 2970141 25222af6d5ff1feb7f6e60437921e8c8 installed
rpm-libs-4.18.0-6.xs9.x86_64 1737061887 757524 8c3bc530041a280271e44717254f1aed installed
make-0:4.4-2.xs9.x86_64 1737107468 1837983 5693e71d7ca439d8cabb6680088352dc installed
gcc-12.4.0-2.xs9.x86_64 1753796418 92658800 7a1b3388c6f8b87f7742a4a247935c7f installed
xxhash-libs-0.8.2-2.xs9.x86_64 1737140581 90798 925f6bc392f46d3e68e2ab21885ebb54 installed
gdb-15.2-2.xs9.x86_64 1737140206 14119103 7612f6173c051924790839be30ccf376 installed
dbus-common-0:1.14.10-3.xs9.noarch 1737140115 11504 744846cc18568df21ddda3cc4344b109 installed
dbus-daemon-0:1.14.10-3.xs9.x86_64 1737140115 546029 13bf9b31147e839bbb3628502372e511 installed
systemd-rpm-macros-257.2-8.xs9.noarch 1755571128 12463 4ebe07b7cf888d2effec42fbfbe3f570 installed
elfutils-libs-0.193-1.xs9.x86_64 1756295977 700981 cb4af714757a9130745712ff04671897 installed
systemd-pam-257.2-8.xs9.x86_64 1755571128 1133860 921a63cabf2c019130f80d5a67200cd4 installed
systemd-257.2-8.xs9.x86_64 1755571128 16826563 ad8cc8de4c4a55a27fc54ac68af14322 installed
elfutils-default-yama-scope-0.193-1.xs9.noarch 1756295977 1810 65819f54e5e4171f4598150c7b85c303 installed
elfutils-0.193-1.xs9.x86_64 1756295977 2767509 73678e12fd7f0de6518bcb38189f64a9 installed
debugedit-5.2-1.xs9.x86_64 1756296225 208726 23736c7ddf5ba2ec2377b1a3a4c10431 installed
rpm-build-libs-4.18.0-6.xs9.x86_64 1737061887 194558 e1fc05c661a2521e29359ad382484543 installed
annobin-docs-12.71-1.xs9.noarch 1756456224 100209 f85b35c474e256b9b9c47497016d8294 installed
annobin-plugin-gcc-12.71-1.xs9.x86_64 1756456224 1006013 bd907f61ac28afaa38677f77802fb27d installed
xenserver-config-rpm-9.0.9-1.xs9.noarch 1756459113 196927 b4da91fac9c218a68b94646577b60cdb installed
python-srpm-macros-3.10-3.xs9.noarch 1737064920 51114 7f705dddedbac6040a04a56f9a69ddf0 installed
python-rpm-macros-3.10-3.xs9.noarch 1737064920 21872 196e075f1ecebd38e820f394ecb4a735 installed
python3-rpm-macros-3.10-3.xs9.noarch 1737064920 6647 3e2e01fd7e7cf98aaf341a83dc83d267 installed
pyproject-rpm-macros-1.8.0-2.xs9.noarch 1737067448 94012 e483e4ad332572cec24a7a09e294162e installed
python3-rpm-generators-14-3.xs9.noarch 1737064884 84257 c25e2e7d10a21cb2a8ed7a8b2e975e5f installed
go-srpm-macros-3.7.0-3.xs9.noarch 1754061019 63272 35a9ea0616f1929faca4d6baf4ba8952 installed
rpm-build-4.18.0-6.xs9.x86_64 1737061887 177035 9aa307be246f28bb34bd122ed426d390 installed
xenserver-config-macros-9.0.9-1.xs9.noarch 1756459113 2753 59b4ea727291988396b55e837ecf623b installed
gcc-c++-12.4.0-2.xs9.x86_64 1753796418 35651344 fe84c649d9cc3ba54edbb571510f5cf5 installed
which-2.21-2.xs9.x86_64 1737067510 82108 35f97ef0be3b8422efc11099c439b2d4 installed
nspr-4.36.0-1.xs9.x86_64 1737107925 318224 f9a6a3559897b24a9206be058001fa68 installed
nss-util-3.107.0-1.xs9.x86_64 1737107925 235472 ba2aee1917e28b8d5758576ed0cb8042 installed
nss-softokn-freebl-3.107.0-1.xs9.x86_64 1737107925 860622 7f642943730ab44d7384bb3227cb6590 installed
nss-softokn-3.107.0-1.xs9.x86_64 1737107925 1898881 2d5bfbe4f3f87346512f349e7e1ce409 installed
xs-secureboot-dev-certs-1.0-2.xs9.x86_64 1742489706 225435 ff57035bb6ed7820fff6bd159f6e5135 installed
openssl-3.0.9-6.xs9.x86_64 1737062072 1785441 9e223de16e17e1b8b3c1caf52dfc3416 installed
efivar-libs-39-1.xs9.x86_64 1737475093 348538 653483e13ffae6f1d4a8c262dc036d96 installed
crypto-policies-scripts-20241128-1.xs9.noarch 1737460892 416141 dc3ab7e23ac465437813e1796885fab4 installed
nss-sysinit-3.107.0-1.xs9.x86_64 1737107925 21344 c681cb811af698a4020d2cac35ea4eba installed
nss-3.107.0-1.xs9.x86_64 1737107925 2007975 768b4360b2e53a267eb961003fe5d2bb installed
nss-tools-3.107.0-1.xs9.x86_64 1737107925 2450457 ae73f642d45221ad03c60a361de86807 installed
pesign-116-11.xs9.x86_64 1748340947 361904 01517c528dcef9dab22b1ada954692ab installed
python3-xssign-1.3.2-1.xs9.noarch 1759929892 138266 b7d1658f91bbecf36c7b058259e67f29 installed
xssign-macros-1.3.2-1.xs9.noarch 1759929892 14110 0247e53e30938a73424be51e388bae51 installed
