2025-10-09 10:29:03,873 [INFO] {976685} koji.build.buildroot:509 Running mock as kojibuilder
INFO: mock.py version 6.3 starting (python version = 3.9.23, NVR = mock-6.3-1.el9), args: /usr/libexec/mock/mock -r koji/xs-foundations-xs9-build-95502-282678 --init
Start: init plugins
INFO: selinux enabled
Finish: init plugins
INFO: Signal handler active
Start: run
Start: clean chroot
Finish: clean chroot
Mock Version: 6.3
INFO: Mock Version: 6.3
Start: chroot init
INFO: calling preinit hooks
INFO: enabled HW Info plugin
INFO: Package manager dnf4 detected and used (fallback)
Start: installing minimal buildroot with dnf
Finish: installing minimal buildroot with dnf
Finish: chroot init
INFO: Installed packages:
INFO: annobin-docs-12.71-1.xs9.noarch
annobin-plugin-gcc-12.71-1.xs9.x86_64
audit-libs-3.1.2-2.xs9.x86_64
basesystem-11-2.xs9.noarch
bash-5.2.37-1.xs9.x86_64
binutils-2.45-1.xs9.x86_64
bzip2-1.0.8-3.xs9.x86_64
bzip2-libs-1.0.8-3.xs9.x86_64
ca-certificates-2024.2.72-3.xs9.noarch
coreutils-9.5-1.xs9.x86_64
coreutils-common-9.5-1.xs9.x86_64
cpio-2.13-2.xs9.x86_64
cpp-12.4.0-2.xs9.x86_64
cracklib-2.9.11-3.xs9.x86_64
crypto-policies-20241128-1.xs9.noarch
curl-8.11.1-2.xs9.x86_64
dbus-common-1.14.10-3.xs9.noarch
dbus-daemon-1.14.10-3.xs9.x86_64
dbus-libs-1.14.10-3.xs9.x86_64
dbus-tools-1.14.10-3.xs9.x86_64
debugedit-5.2-1.xs9.x86_64
diffutils-3.10-2.xs9.x86_64
dwz-0.16-1.xs9.x86_64
ed-1.19-2.xs9.x86_64
elfutils-0.193-1.xs9.x86_64
elfutils-default-yama-scope-0.193-1.xs9.noarch
elfutils-libelf-0.193-1.xs9.x86_64
elfutils-libs-0.193-1.xs9.x86_64
expat-2.5.0-2.xs9.x86_64
file-5.45-1.xs9.x86_64
file-libs-5.45-1.xs9.x86_64
filesystem-3.18-3.xs9.x86_64
findutils-4.9.0-4.xs9.x86_64
gawk-5.1.1-5.xs9.x86_64
gcc-12.4.0-2.xs9.x86_64
gcc-c++-12.4.0-2.xs9.x86_64
gdb-15.2-2.xs9.x86_64
gdbm-1.23-2.xs9.x86_64
gdbm-libs-1.23-2.xs9.x86_64
glibc-2.41-1.xs9.x86_64
glibc-common-2.41-1.xs9.x86_64
glibc-devel-2.41-1.xs9.x86_64
glibc-minimal-langpack-2.41-1.xs9.x86_64
gmp-6.2.1-3.xs9.x86_64
go-srpm-macros-3.7.0-3.xs9.noarch
grep-3.11-1.xs9.x86_64
gzip-1.14-1.xs9.x86_64
jansson-2.14.1-1.xs9.x86_64
kernel-headers-6.6.98-5.xs9.x86_64
keyutils-libs-1.6.3-2.xs9.x86_64
krb5-libs-1.21.3-3.xs9.x86_64
libacl-2.3.2-1.xs9.x86_64
libarchive-3.6.1-2.xs9.x86_64
libattr-2.5.1-2.xs9.x86_64
libb2-0.98.1-2.xs9.x86_64
libblkid-2.38.1-4.xs9.x86_64
libcap-2.48-2.xs9.x86_64
libcap-ng-0.8.3-2.xs9.x86_64
libcom_err-1.47.0-3.xs9.x86_64
libcurl-8.11.1-2.xs9.x86_64
libevent-2.1.12-2.xs9.x86_64
libfdisk-2.38.1-4.xs9.x86_64
libffi-3.4.4-2.xs9.x86_64
libgcc-12.4.0-2.xs9.x86_64
libgomp-12.4.0-2.xs9.x86_64
libidn2-2.3.4-4.xs9.x86_64
libmount-2.38.1-4.xs9.x86_64
libmpc-1.3.1-2.xs9.x86_64
libnghttp2-1.64.0-2.xs9.x86_64
libpkgconf-1.8.0-2.xs9.x86_64
libpwquality-1.4.5-2.xs9.x86_64
libseccomp-2.5.3-2.xs9.x86_64
libsigsegv-2.14-2.xs9.x86_64
libsmartcols-2.38.1-4.xs9.x86_64
libstdc++-12.4.0-2.xs9.x86_64
libstdc++-devel-12.4.0-2.xs9.x86_64
libtasn1-4.19.0-2.xs9.x86_64
libunistring-1.0-2.xs9.x86_64
libutempter-1.2.1-2.xs9.x86_64
libuuid-2.38.1-4.xs9.x86_64
libverto-0.3.2-2.xs9.x86_64
libxcrypt-4.4.36-3.xs9.x86_64
libxcrypt-devel-4.4.36-3.xs9.x86_64
libxml2-2.10.4-2.xs9.x86_64
libzstd-1.5.5-2.xs9.x86_64
lua-libs-5.4.4-3.xs9.x86_64
lz4-libs-1.10.0-1.xs9.x86_64
make-4.4-2.xs9.x86_64
mpdecimal-2.5.1-2.xs9.x86_64
mpfr-4.1.1-3.xs9.x86_64
ncurses-base-6.4-7.xs9.noarch
ncurses-libs-6.4-7.xs9.x86_64
openldap-2.6.4-5.xs9.x86_64
openssl-libs-3.0.9-6.xs9.x86_64
p11-kit-0.24.1-3.xs9.x86_64
p11-kit-trust-0.24.1-3.xs9.x86_64
pam-1.7.0-2.xs9.x86_64
pam-libs-1.7.0-2.xs9.x86_64
patch-2.7.6-3.xs9.x86_64
pcre2-10.40-2.xs9.x86_64
pcre2-syntax-10.40-2.xs9.noarch
perl-srpm-macros-1-2.xs9.noarch
pkgconf-1.8.0-2.xs9.x86_64
pkgconf-m4-1.8.0-2.xs9.noarch
pkgconf-pkg-config-1.8.0-2.xs9.x86_64
popt-1.19-2.xs9.x86_64
pyproject-rpm-macros-1.8.0-2.xs9.noarch
python-rpm-macros-3.10-3.xs9.noarch
python-srpm-macros-3.10-3.xs9.noarch
python3-3.11.3-5.xs9.x86_64
python3-libs-3.11.3-5.xs9.x86_64
python3-packaging-21.3-2.xs9.noarch
python3-pip-wheel-22.2.2-3.xs9.noarch
python3-pyparsing-3.0.7-2.xs9.noarch
python3-rpm-generators-14-3.xs9.noarch
python3-rpm-macros-3.10-3.xs9.noarch
python3-setuptools-wheel-65.5.1-3.xs9.noarch
readline-8.2-2.xs9.x86_64
rpm-4.18.0-6.xs9.x86_64
rpm-build-4.18.0-6.xs9.x86_64
rpm-build-libs-4.18.0-6.xs9.x86_64
rpm-libs-4.18.0-6.xs9.x86_64
sed-4.9-1.xs9.x86_64
setup-2.8.77-1.xs9.noarch
shadow-utils-4.17.0-1.xs9.x86_64
sqlite-libs-3.47.2-1.xs9.x86_64
systemd-257.2-8.xs9.x86_64
systemd-libs-257.2-8.xs9.x86_64
systemd-pam-257.2-8.xs9.x86_64
systemd-rpm-macros-257.2-8.xs9.noarch
tar-1.35-1.xs9.x86_64
tzdata-2024a-2.xs9.noarch
unzip-6.0-2.xs9.x86_64
util-linux-2.38.1-4.xs9.x86_64
util-linux-core-2.38.1-4.xs9.x86_64
which-2.21-2.xs9.x86_64
xenserver-config-9.0.9-1.xs9.noarch
xenserver-config-macros-9.0.9-1.xs9.noarch
xenserver-config-rpm-9.0.9-1.xs9.noarch
xenserver-release-8.99.50-11.xs9.x86_64
xenserver-release-presets-8.99.50-11.xs9.x86_64
xxhash-libs-0.8.2-2.xs9.x86_64
xz-5.4.1-2.xs9.x86_64
xz-libs-5.4.1-2.xs9.x86_64
zlib-1.2.12-3.xs9.x86_64
zstd-1.5.5-2.xs9.x86_64
Finish: run
2025-10-09 10:29:16,513 [INFO] {976901} koji.build.buildroot:509 Running mock as kojibuilder
INFO: mock.py version 6.3 starting (python version = 3.9.23, NVR = mock-6.3-1.el9), args: /usr/libexec/mock/mock -r koji/xs-foundations-xs9-build-95502-282678 --chroot 'uname -r'
Start: init plugins
INFO: selinux enabled
Finish: init plugins
INFO: Signal handler active
Start: run
Mock Version: 6.3
INFO: Mock Version: 6.3
Start: chroot init
INFO: calling preinit hooks
INFO: enabled HW Info plugin
INFO: Package manager dnf4 detected and used (fallback)
Finish: chroot init
INFO: Running in chroot: ['uname -r']
Start: chroot ['uname -r']
5.14.0-620.el9.x86_64
Finish: chroot ['uname -r']
Finish: run
2025-10-09 10:29:17,756 [INFO] {976951} koji.build.buildroot:509 Running mock as kojibuilder
INFO: mock.py version 6.3 starting (python version = 3.9.23, NVR = mock-6.3-1.el9), args: /usr/libexec/mock/mock -r koji/xs-foundations-xs9-build-95502-282678 --no-clean --target x86_64 --rebuild /var/kojid/work/tasks/9725/1089725/local/work/tasks/9724/1089724/shim-16.1-4.xs9.src.rpm
Start: init plugins
INFO: selinux enabled
Finish: init plugins
INFO: Signal handler active
Start: run
INFO: Start(/var/kojid/work/tasks/9725/1089725/local/work/tasks/9724/1089724/shim-16.1-4.xs9.src.rpm)  Config(xs-foundations-xs9-build-95502-282678)
Mock Version: 6.3
INFO: Mock Version: 6.3
Start: chroot init
INFO: calling preinit hooks
INFO: enabled HW Info plugin
INFO: Package manager dnf4 detected and used (fallback)
INFO: Buildroot is handled by package management from host and used with --installroot:
  rpm-4.16.1.3-39.el9.x86_64
  python3-dnf-4.14.0-31.el9.noarch
  python3-dnf-plugins-core-4.3.0-23.el9.noarch
  yum-4.14.0-31.el9.noarch
  yum-utils-4.3.0-23.el9.noarch
Finish: chroot init
Start: build phase for shim-16.1-4.xs9.src.rpm
Start: build setup for shim-16.1-4.xs9.src.rpm
Finish: build setup for shim-16.1-4.xs9.src.rpm
Start: rpmbuild shim-16.1-4.xs9.src.rpm
Start: Outputting list of installed packages
Finish: Outputting list of installed packages
Finish: rpmbuild shim-16.1-4.xs9.src.rpm
Finish: build phase for shim-16.1-4.xs9.src.rpm
INFO: Done(/var/kojid/work/tasks/9725/1089725/local/work/tasks/9724/1089724/shim-16.1-4.xs9.src.rpm) Config(koji/xs-foundations-xs9-build-95502-282678) 1 minutes 18 seconds
INFO: Results and/or logs in: /var/lib/mock/xs-foundations-xs9-build-95502-282678/result
Finish: run
