2025-10-09T10:28:33+0000 INFO --- logging initialized ---
2025-10-09T10:28:41+0000 SUBDEBUG Installed: libgcc-12.4.0-2.xs9.x86_64
2025-10-09T10:28:41+0000 SUBDEBUG Installed: tzdata-2024a-2.xs9.noarch
2025-10-09T10:28:41+0000 SUBDEBUG Installed: xenserver-release-presets-8.99.50-11.xs9.x86_64
2025-10-09T10:28:41+0000 SUBDEBUG Installed: xenserver-config-9.0.9-1.xs9.noarch
2025-10-09T10:28:41+0000 SUBDEBUG Installed: python3-setuptools-wheel-65.5.1-3.xs9.noarch
2025-10-09T10:28:41+0000 SUBDEBUG Installed: pkgconf-m4-1.8.0-2.xs9.noarch
2025-10-09T10:28:41+0000 SUBDEBUG Installed: perl-srpm-macros-1-2.xs9.noarch
2025-10-09T10:28:41+0000 SUBDEBUG Installed: pcre2-syntax-10.40-2.xs9.noarch
2025-10-09T10:28:41+0000 SUBDEBUG Installed: ncurses-base-6.4-7.xs9.noarch
2025-10-09T10:28:41+0000 SUBDEBUG Installed: kernel-headers-6.6.98-5.xs9.x86_64
2025-10-09T10:28:41+0000 SUBDEBUG Installed: coreutils-common-9.5-1.xs9.x86_64
2025-10-09T10:28:41+0000 SUBDEBUG Installed: libuuid-2.38.1-4.xs9.x86_64
2025-10-09T10:28:41+0000 SUBDEBUG Installed: python3-pip-wheel-22.2.2-3.xs9.noarch
2025-10-09T10:28:41+0000 SUBDEBUG Installed: libtasn1-4.19.0-2.xs9.x86_64
2025-10-09T10:28:41+0000 SUBDEBUG Installed: pcre2-10.40-2.xs9.x86_64
2025-10-09T10:28:41+0000 SUBDEBUG Installed: python3-libs-3.11.3-5.xs9.x86_64
2025-10-09T10:28:41+0000 SUBDEBUG Installed: findutils-4.9.0-4.xs9.x86_64
2025-10-09T10:28:41+0000 SUBDEBUG Installed: p11-kit-0.24.1-3.xs9.x86_64
2025-10-09T10:28:41+0000 SUBDEBUG Installed: sed-4.9-1.xs9.x86_64
2025-10-09T10:28:41+0000 SUBDEBUG Installed: crypto-policies-20241128-1.xs9.noarch
2025-10-09T10:28:41+0000 SUBDEBUG Installed: glibc-langpack-en-2.41-1.xs9.x86_64
2025-10-09T10:28:42+0000 SUBDEBUG Installed: glibc-minimal-langpack-2.41-1.xs9.x86_64
2025-10-09T10:28:42+0000 SUBDEBUG Installed: glibc-common-2.41-1.xs9.x86_64
2025-10-09T10:28:42+0000 SUBDEBUG Installed: grep-3.11-1.xs9.x86_64
2025-10-09T10:28:42+0000 SUBDEBUG Installed: coreutils-9.5-1.xs9.x86_64
2025-10-09T10:28:42+0000 SUBDEBUG Installed: p11-kit-trust-0.24.1-3.xs9.x86_64
2025-10-09T10:28:42+0000 SUBDEBUG Installed: bash-5.2.37-1.xs9.x86_64
2025-10-09T10:28:42+0000 SUBDEBUG Installed: setup-2.8.77-1.xs9.noarch
2025-10-09T10:28:42+0000 SUBDEBUG Installed: filesystem-3.18-3.xs9.x86_64
2025-10-09T10:28:42+0000 SUBDEBUG Installed: basesystem-11-2.xs9.noarch
2025-10-09T10:28:42+0000 SUBDEBUG Installed: glibc-2.41-1.xs9.x86_64
2025-10-09T10:28:42+0000 SUBDEBUG Installed: zlib-1.2.12-3.xs9.x86_64
2025-10-09T10:28:42+0000 SUBDEBUG Installed: python3-3.11.3-5.xs9.x86_64
2025-10-09T10:28:42+0000 SUBDEBUG Installed: bzip2-libs-1.0.8-3.xs9.x86_64
2025-10-09T10:28:42+0000 SUBDEBUG Installed: xz-libs-5.4.1-2.xs9.x86_64
2025-10-09T10:28:42+0000 SUBDEBUG Installed: gmp-6.2.1-3.xs9.x86_64
2025-10-09T10:28:42+0000 SUBDEBUG Installed: ncurses-libs-6.4-7.xs9.x86_64
2025-10-09T10:28:42+0000 SUBDEBUG Installed: libcap-2.48-2.xs9.x86_64
2025-10-09T10:28:42+0000 SUBDEBUG Installed: libxcrypt-4.4.36-3.xs9.x86_64
2025-10-09T10:28:42+0000 SUBDEBUG Installed: readline-8.2-2.xs9.x86_64
2025-10-09T10:28:42+0000 SUBDEBUG Installed: sqlite-libs-3.47.2-1.xs9.x86_64
2025-10-09T10:28:42+0000 SUBDEBUG Installed: gdbm-libs-1.23-2.xs9.x86_64
2025-10-09T10:28:42+0000 SUBDEBUG Installed: expat-2.5.0-2.xs9.x86_64
2025-10-09T10:28:42+0000 SUBDEBUG Installed: libattr-2.5.1-2.xs9.x86_64
2025-10-09T10:28:42+0000 SUBDEBUG Installed: libacl-2.3.2-1.xs9.x86_64
2025-10-09T10:28:42+0000 SUBDEBUG Installed: libffi-3.4.4-2.xs9.x86_64
2025-10-09T10:28:42+0000 SUBDEBUG Installed: ca-certificates-2024.2.72-3.xs9.noarch
2025-10-09T10:28:42+0000 SUBDEBUG Installed: openssl-libs-3.0.9-6.xs9.x86_64
2025-10-09T10:28:42+0000 SUBDEBUG Installed: libgomp-12.4.0-2.xs9.x86_64
2025-10-09T10:28:42+0000 SUBDEBUG Installed: xenserver-release-8.99.50-11.xs9.x86_64
2025-10-09T10:28:42+0000 SUBDEBUG Installed: libb2-0.98.1-2.xs9.x86_64
2025-10-09T10:28:42+0000 SUBDEBUG Installed: mpdecimal-2.5.1-2.xs9.x86_64
2025-10-09T10:28:42+0000 SUBDEBUG Installed: libzstd-1.5.5-2.xs9.x86_64
2025-10-09T10:28:42+0000 SUBDEBUG Installed: elfutils-libelf-0.193-1.xs9.x86_64
2025-10-09T10:28:42+0000 SUBDEBUG Installed: libstdc++-12.4.0-2.xs9.x86_64
2025-10-09T10:28:42+0000 SUBDEBUG Installed: mpfr-4.1.1-3.xs9.x86_64
2025-10-09T10:28:42+0000 SUBDEBUG Installed: popt-1.19-2.xs9.x86_64
2025-10-09T10:28:42+0000 SUBDEBUG Installed: systemd-libs-257.2-8.xs9.x86_64
2025-10-09T10:28:42+0000 SUBDEBUG Installed: libblkid-2.38.1-4.xs9.x86_64
2025-10-09T10:28:42+0000 SUBDEBUG Installed: python3-six-1.16.0-2.xs9.noarch
2025-10-09T10:28:42+0000 SUBDEBUG Installed: file-libs-5.45-1.xs9.x86_64
2025-10-09T10:28:42+0000 SUBDEBUG Installed: gzip-1.14-1.xs9.x86_64
2025-10-09T10:28:42+0000 SUBDEBUG Installed: libgpg-error-1.51-3.xs9.x86_64
2025-10-09T10:28:42+0000 SUBDEBUG Installed: lua-libs-5.4.4-3.xs9.x86_64
2025-10-09T10:28:42+0000 SUBDEBUG Installed: libmount-2.38.1-4.xs9.x86_64
2025-10-09T10:28:42+0000 SUBDEBUG Installed: libmpc-1.3.1-2.xs9.x86_64
2025-10-09T10:28:42+0000 SUBDEBUG Installed: xz-5.4.1-2.xs9.x86_64
2025-10-09T10:28:42+0000 SUBDEBUG Installed: diffutils-3.10-2.xs9.x86_64
2025-10-09T10:28:42+0000 SUBDEBUG Installed: libcap-ng-0.8.3-2.xs9.x86_64
2025-10-09T10:28:42+0000 SUBDEBUG Installed: audit-libs-3.1.2-2.xs9.x86_64
2025-10-09T10:28:42+0000 SUBDEBUG Installed: pam-libs-1.7.0-2.xs9.x86_64
2025-10-09T10:28:42+0000 SUBDEBUG Installed: shadow-utils-4.17.0-1.xs9.x86_64
2025-10-09T10:28:43+0000 SUBDEBUG Installed: file-5.45-1.xs9.x86_64
2025-10-09T10:28:43+0000 SUBDEBUG Installed: libfdisk-2.38.1-4.xs9.x86_64
2025-10-09T10:28:43+0000 SUBDEBUG Installed: dbus-libs-1.14.10-3.xs9.x86_64
2025-10-09T10:28:43+0000 SUBDEBUG Installed: bzip2-1.0.8-3.xs9.x86_64
2025-10-09T10:28:43+0000 SUBDEBUG Installed: python3-idna-3.3-5.xs9.noarch
2025-10-09T10:28:43+0000 SUBDEBUG Installed: libsmartcols-2.38.1-4.xs9.x86_64
2025-10-09T10:28:43+0000 SUBDEBUG Installed: util-linux-core-2.38.1-4.xs9.x86_64
2025-10-09T10:28:43+0000 SUBDEBUG Installed: libunistring-1.0-2.xs9.x86_64
2025-10-09T10:28:43+0000 SUBDEBUG Installed: libidn2-2.3.4-4.xs9.x86_64
2025-10-09T10:28:43+0000 SUBDEBUG Installed: lz4-libs-1.10.0-1.xs9.x86_64
2025-10-09T10:28:43+0000 SUBDEBUG Installed: make-4.4-2.xs9.x86_64
2025-10-09T10:28:43+0000 SUBDEBUG Installed: zstd-1.5.5-2.xs9.x86_64
2025-10-09T10:28:43+0000 SUBDEBUG Installed: dbus-tools-1.14.10-3.xs9.x86_64
2025-10-09T10:28:43+0000 SUBDEBUG Installed: libutempter-1.2.1-2.xs9.x86_64
2025-10-09T10:28:43+0000 SUBDEBUG Installed: cpp-12.4.0-2.xs9.x86_64
2025-10-09T10:28:43+0000 SUBDEBUG Installed: libassuan-2.5.5-2.xs9.x86_64
2025-10-09T10:28:43+0000 SUBDEBUG Installed: libgcrypt-1.11.0-1.xs9.x86_64
2025-10-09T10:28:43+0000 SUBDEBUG Installed: libksba-1.6.3-2.xs9.x86_64
2025-10-09T10:28:43+0000 SUBDEBUG Installed: cracklib-2.9.11-3.xs9.x86_64
2025-10-09T10:28:43+0000 SUBDEBUG Installed: libpwquality-1.4.5-2.xs9.x86_64
2025-10-09T10:28:43+0000 SUBDEBUG Installed: python3-file-magic-5.45-1.xs9.noarch
2025-10-09T10:28:43+0000 SUBDEBUG Installed: python3-construct-2.10.68-2.xs9.noarch
2025-10-09T10:28:43+0000 SUBDEBUG Installed: python3-pybeam-0.7-2.xs9.noarch
2025-10-09T10:28:43+0000 SUBDEBUG Installed: groff-base-1.23.0-1.xs9.x86_64
2025-10-09T10:28:43+0000 SUBDEBUG Installed: libstdc++-devel-12.4.0-2.xs9.x86_64
2025-10-09T10:28:43+0000 SUBDEBUG Installed: dwz-0.16-1.xs9.x86_64
2025-10-09T10:28:43+0000 SUBDEBUG Installed: libevent-2.1.12-2.xs9.x86_64
2025-10-09T10:28:43+0000 SUBDEBUG Installed: openldap-2.6.4-5.xs9.x86_64
2025-10-09T10:28:43+0000 SUBDEBUG Installed: tar-1.35-1.xs9.x86_64
2025-10-09T10:28:43+0000 SUBDEBUG Installed: gdbm-1.23-2.xs9.x86_64
2025-10-09T10:28:43+0000 SUBDEBUG Installed: pam-1.7.0-2.xs9.x86_64
2025-10-09T10:28:43+0000 SUBDEBUG Installed: util-linux-2.38.1-4.xs9.x86_64
2025-10-09T10:28:43+0000 SUBDEBUG Installed: openssh-9.9p1-1.xs9.x86_64
2025-10-09T10:28:43+0000 SUBDEBUG Installed: less-633-2.xs9.x86_64
2025-10-09T10:28:43+0000 SUBDEBUG Installed: libedit-3.1-2.xs9.x86_64
2025-10-09T10:28:43+0000 SUBDEBUG Installed: ncurses-6.4-7.xs9.x86_64
2025-10-09T10:28:43+0000 SUBDEBUG Installed: perl-Class-Struct-5.36.1-4.xs9.noarch
2025-10-09T10:28:43+0000 SUBDEBUG Installed: perl-locale-5.36.1-4.xs9.noarch
2025-10-09T10:28:43+0000 SUBDEBUG Installed: perl-Socket-5.36.1-4.xs9.x86_64
2025-10-09T10:28:43+0000 SUBDEBUG Installed: perl-SelectSaver-5.36.1-4.xs9.noarch
2025-10-09T10:28:43+0000 SUBDEBUG Installed: perl-Term-ANSIColor-5.36.1-4.xs9.noarch
2025-10-09T10:28:43+0000 SUBDEBUG Installed: perl-Text-Tabs+Wrap-5.36.1-4.xs9.noarch
2025-10-09T10:28:43+0000 SUBDEBUG Installed: perl-if-5.36.1-4.xs9.noarch
2025-10-09T10:28:43+0000 SUBDEBUG Installed: perl-POSIX-5.36.1-4.xs9.x86_64
2025-10-09T10:28:43+0000 SUBDEBUG Installed: perl-mro-5.36.1-4.xs9.x86_64
2025-10-09T10:28:43+0000 SUBDEBUG Installed: perl-File-stat-5.36.1-4.xs9.noarch
2025-10-09T10:28:43+0000 SUBDEBUG Installed: perl-overloading-5.36.1-4.xs9.noarch
2025-10-09T10:28:43+0000 SUBDEBUG Installed: perl-Time-Local-5.36.1-4.xs9.noarch
2025-10-09T10:28:43+0000 SUBDEBUG Installed: perl-subs-5.36.1-4.xs9.noarch
2025-10-09T10:28:43+0000 SUBDEBUG Installed: perl-File-Path-5.36.1-4.xs9.noarch
2025-10-09T10:28:43+0000 SUBDEBUG Installed: perl-Pod-Escapes-5.36.1-4.xs9.noarch
2025-10-09T10:28:43+0000 SUBDEBUG Installed: perl-Term-Cap-5.36.1-4.xs9.noarch
2025-10-09T10:28:43+0000 SUBDEBUG Installed: perl-Pod-Usage-5.36.1-4.xs9.noarch
2025-10-09T10:28:43+0000 SUBDEBUG Installed: perl-Errno-5.36.1-4.xs9.x86_64
2025-10-09T10:28:43+0000 SUBDEBUG Installed: perl-Fcntl-5.36.1-4.xs9.x86_64
2025-10-09T10:28:43+0000 SUBDEBUG Installed: perl-File-Basename-5.36.1-4.xs9.noarch
2025-10-09T10:28:43+0000 SUBDEBUG Installed: perl-Getopt-Std-5.36.1-4.xs9.noarch
2025-10-09T10:28:43+0000 SUBDEBUG Installed: perl-MIME-Base64-5.36.1-4.xs9.x86_64
2025-10-09T10:28:43+0000 SUBDEBUG Installed: perl-Scalar-List-Utils-5.36.1-4.xs9.x86_64
2025-10-09T10:28:43+0000 SUBDEBUG Installed: perl-Symbol-5.36.1-4.xs9.noarch
2025-10-09T10:28:43+0000 SUBDEBUG Installed: perl-Text-ParseWords-5.36.1-4.xs9.noarch
2025-10-09T10:28:43+0000 SUBDEBUG Installed: perl-constant-5.36.1-4.xs9.noarch
2025-10-09T10:28:43+0000 SUBDEBUG Installed: perl-IPC-Open3-5.36.1-4.xs9.noarch
2025-10-09T10:28:43+0000 SUBDEBUG Installed: perl-Storable-5.36.1-4.xs9.x86_64
2025-10-09T10:28:43+0000 SUBDEBUG Installed: perl-IO-5.36.1-4.xs9.x86_64
2025-10-09T10:28:43+0000 SUBDEBUG Installed: perl-overload-5.36.1-4.xs9.noarch
2025-10-09T10:28:43+0000 SUBDEBUG Installed: perl-HTTP-Tiny-5.36.1-4.xs9.noarch
2025-10-09T10:28:43+0000 SUBDEBUG Installed: perl-parent-5.36.1-4.xs9.noarch
2025-10-09T10:28:43+0000 SUBDEBUG Installed: perl-File-Temp-5.36.1-4.xs9.noarch
2025-10-09T10:28:43+0000 SUBDEBUG Installed: perl-vars-5.36.1-4.xs9.noarch
2025-10-09T10:28:43+0000 SUBDEBUG Installed: perl-Pod-Simple-5.36.1-4.xs9.noarch
2025-10-09T10:28:43+0000 SUBDEBUG Installed: perl-Getopt-Long-5.36.1-4.xs9.noarch
2025-10-09T10:28:43+0000 SUBDEBUG Installed: perl-podlators-5.36.1-4.xs9.noarch
2025-10-09T10:28:43+0000 SUBDEBUG Installed: perl-Carp-5.36.1-4.xs9.noarch
2025-10-09T10:28:43+0000 SUBDEBUG Installed: perl-Exporter-5.36.1-4.xs9.noarch
2025-10-09T10:28:43+0000 SUBDEBUG Installed: perl-GDBM_File-5.36.1-4.xs9.x86_64
2025-10-09T10:28:43+0000 SUBDEBUG Installed: perl-NDBM_File-5.36.1-4.xs9.x86_64
2025-10-09T10:28:43+0000 SUBDEBUG Installed: perl-ODBM_File-5.36.1-4.xs9.x86_64
2025-10-09T10:28:43+0000 SUBDEBUG Installed: perl-PathTools-5.36.1-4.xs9.x86_64
2025-10-09T10:28:43+0000 SUBDEBUG Installed: perl-DynaLoader-5.36.1-4.xs9.x86_64
2025-10-09T10:28:43+0000 SUBDEBUG Installed: perl-Encode-5.36.1-4.xs9.x86_64
2025-10-09T10:28:43+0000 SUBDEBUG Installed: perl-libs-5.36.1-4.xs9.x86_64
2025-10-09T10:28:43+0000 SUBDEBUG Installed: perl-Pod-Perldoc-5.36.1-4.xs9.noarch
2025-10-09T10:28:43+0000 SUBDEBUG Installed: perl-doc-5.36.1-4.xs9.noarch
2025-10-09T10:28:44+0000 SUBDEBUG Installed: perl-interpreter-5.36.1-4.xs9.x86_64
2025-10-09T10:28:44+0000 SUBDEBUG Installed: perl-base-5.36.1-4.xs9.noarch
2025-10-09T10:28:44+0000 SUBDEBUG Installed: perl-File-Find-5.36.1-4.xs9.noarch
2025-10-09T10:28:44+0000 SUBDEBUG Installed: perl-File-Copy-5.36.1-4.xs9.noarch
2025-10-09T10:28:44+0000 SUBDEBUG Installed: perl-Data-Dumper-5.36.1-4.xs9.x86_64
2025-10-09T10:28:44+0000 SUBDEBUG Installed: perl-B-5.36.1-4.xs9.x86_64
2025-10-09T10:28:44+0000 SUBDEBUG Installed: perl-version-5.36.1-4.xs9.noarch
2025-10-09T10:28:44+0000 SUBDEBUG Installed: perl-FileHandle-5.36.1-4.xs9.noarch
2025-10-09T10:28:44+0000 SUBDEBUG Installed: perl-Math-BigInt-5.36.1-4.xs9.noarch
2025-10-09T10:28:44+0000 SUBDEBUG Installed: perl-Compress-Raw-Zlib-5.36.1-4.xs9.x86_64
2025-10-09T10:28:44+0000 SUBDEBUG Installed: perl-lib-5.36.1-4.xs9.x86_64
2025-10-09T10:28:44+0000 SUBDEBUG Installed: perl-threads-shared-5.36.1-4.xs9.x86_64
2025-10-09T10:28:44+0000 SUBDEBUG Installed: perl-ExtUtils-Manifest-5.36.1-4.xs9.noarch
2025-10-09T10:28:44+0000 SUBDEBUG Installed: perl-IO-Socket-IP-5.36.1-4.xs9.noarch
2025-10-09T10:28:44+0000 SUBDEBUG Installed: perl-libnet-5.36.1-4.xs9.noarch
2025-10-09T10:28:44+0000 SUBDEBUG Installed: perl-URI-5.17-2.xs9.noarch
2025-10-09T10:28:44+0000 SUBDEBUG Installed: perl-ExtUtils-ParseXS-5.36.1-4.xs9.noarch
2025-10-09T10:28:44+0000 SUBDEBUG Installed: perl-File-Compare-5.36.1-4.xs9.noarch
2025-10-09T10:28:44+0000 SUBDEBUG Installed: perl-Time-HiRes-5.36.1-4.xs9.x86_64
2025-10-09T10:28:44+0000 SUBDEBUG Installed: perl-JSON-PP-5.36.1-4.xs9.noarch
2025-10-09T10:28:44+0000 SUBDEBUG Installed: perl-Module-Metadata-5.36.1-4.xs9.noarch
2025-10-09T10:28:44+0000 SUBDEBUG Installed: perl-CPAN-Meta-Requirements-5.36.1-4.xs9.noarch
2025-10-09T10:28:44+0000 SUBDEBUG Installed: perl-Devel-Peek-5.36.1-4.xs9.x86_64
2025-10-09T10:28:44+0000 SUBDEBUG Installed: perl-Digest-5.36.1-4.xs9.noarch
2025-10-09T10:28:44+0000 SUBDEBUG Installed: perl-Digest-MD5-5.36.1-4.xs9.x86_64
2025-10-09T10:28:44+0000 SUBDEBUG Installed: perl-Digest-SHA-5.36.1-4.xs9.x86_64
2025-10-09T10:28:44+0000 SUBDEBUG Installed: perl-Filter-5.36.1-4.xs9.x86_64
2025-10-09T10:28:44+0000 SUBDEBUG Installed: perl-Perl-OSType-5.36.1-4.xs9.noarch
2025-10-09T10:28:44+0000 SUBDEBUG Installed: perl-Term-ReadLine-5.36.1-4.xs9.noarch
2025-10-09T10:28:44+0000 SUBDEBUG Installed: perl-Tie-5.36.1-4.xs9.noarch
2025-10-09T10:28:44+0000 SUBDEBUG Installed: perl-Unicode-Normalize-5.36.1-4.xs9.x86_64
2025-10-09T10:28:44+0000 SUBDEBUG Installed: perl-meta-notation-5.36.1-4.xs9.noarch
2025-10-09T10:28:44+0000 SUBDEBUG Installed: perl-threads-5.36.1-4.xs9.x86_64
2025-10-09T10:28:44+0000 SUBDEBUG Installed: perl-encoding-5.36.1-4.xs9.x86_64
2025-10-09T10:28:44+0000 SUBDEBUG Installed: perl-Dumpvalue-5.36.1-4.xs9.noarch
2025-10-09T10:28:44+0000 SUBDEBUG Installed: perl-Net-Ping-5.36.1-4.xs9.noarch
2025-10-09T10:28:44+0000 SUBDEBUG Installed: perl-JSON-4.09-2.xs9.noarch
2025-10-09T10:28:44+0000 SUBDEBUG Installed: perl-Math-BigRat-5.36.1-4.xs9.noarch
2025-10-09T10:28:44+0000 SUBDEBUG Installed: perl-Module-CoreList-5.36.1-4.xs9.noarch
2025-10-09T10:28:44+0000 SUBDEBUG Installed: perl-CPAN-Meta-YAML-5.36.1-4.xs9.noarch
2025-10-09T10:28:44+0000 SUBDEBUG Installed: perl-CPAN-Meta-5.36.1-4.xs9.noarch
2025-10-09T10:28:44+0000 SUBDEBUG Installed: perl-Sub-Install-0.928-2.xs9.noarch
2025-10-09T10:28:44+0000 SUBDEBUG Installed: perl-ExtUtils-Constant-5.36.1-4.xs9.noarch
2025-10-09T10:28:44+0000 SUBDEBUG Installed: perl-ExtUtils-Command-7.66-2.xs9.noarch
2025-10-09T10:28:44+0000 SUBDEBUG Installed: perl-Pod-Html-5.36.1-4.xs9.noarch
2025-10-09T10:28:44+0000 SUBDEBUG Installed: perl-AutoLoader-5.36.1-4.xs9.noarch
2025-10-09T10:28:44+0000 SUBDEBUG Installed: perl-AutoSplit-5.36.1-4.xs9.noarch
2025-10-09T10:28:44+0000 SUBDEBUG Installed: perl-Benchmark-5.36.1-4.xs9.noarch
2025-10-09T10:28:44+0000 SUBDEBUG Installed: perl-Test-Harness-5.36.1-4.xs9.noarch
2025-10-09T10:28:44+0000 SUBDEBUG Installed: perl-Compress-Raw-Bzip2-5.36.1-4.xs9.x86_64
2025-10-09T10:28:44+0000 SUBDEBUG Installed: perl-IO-Compress-5.36.1-4.xs9.noarch
2025-10-09T10:28:44+0000 SUBDEBUG Installed: perl-IO-Zlib-5.36.1-4.xs9.noarch
2025-10-09T10:28:44+0000 SUBDEBUG Installed: perl-Archive-Tar-5.36.1-4.xs9.noarch
2025-10-09T10:28:44+0000 SUBDEBUG Installed: perl-Devel-PPPort-5.36.1-4.xs9.x86_64
2025-10-09T10:28:44+0000 SUBDEBUG Installed: perl-DirHandle-5.36.1-4.xs9.noarch
2025-10-09T10:28:44+0000 SUBDEBUG Installed: perl-ExtUtils-MM-Utils-7.66-2.xs9.noarch
2025-10-09T10:28:44+0000 SUBDEBUG Installed: perl-Hash-Util-FieldHash-5.36.1-4.xs9.x86_64
2025-10-09T10:28:44+0000 SUBDEBUG Installed: perl-Hash-Util-5.36.1-4.xs9.x86_64
2025-10-09T10:28:44+0000 SUBDEBUG Installed: perl-I18N-LangTags-5.36.1-4.xs9.noarch
2025-10-09T10:28:44+0000 SUBDEBUG Installed: perl-Locale-Maketext-5.36.1-4.xs9.noarch
2025-10-09T10:28:44+0000 SUBDEBUG Installed: perl-Locale-Maketext-Simple-5.36.1-4.xs9.noarch
2025-10-09T10:28:44+0000 SUBDEBUG Installed: perl-Params-Check-5.36.1-4.xs9.noarch
2025-10-09T10:28:44+0000 SUBDEBUG Installed: perl-I18N-Langinfo-5.36.1-4.xs9.x86_64
2025-10-09T10:28:44+0000 SUBDEBUG Installed: perl-Encode-Locale-1.05-2.xs9.noarch
2025-10-09T10:28:44+0000 SUBDEBUG Installed: perl-LWP-MediaTypes-6.04-2.xs9.noarch
2025-10-09T10:28:44+0000 SUBDEBUG Installed: perl-Module-Load-5.36.1-4.xs9.noarch
2025-10-09T10:28:44+0000 SUBDEBUG Installed: perl-Module-Load-Conditional-5.36.1-4.xs9.noarch
2025-10-09T10:28:44+0000 SUBDEBUG Installed: perl-IPC-Cmd-5.36.1-4.xs9.noarch
2025-10-09T10:28:44+0000 SUBDEBUG Installed: perl-Opcode-5.36.1-4.xs9.x86_64
2025-10-09T10:28:44+0000 SUBDEBUG Installed: perl-Safe-5.36.1-4.xs9.noarch
2025-10-09T10:28:44+0000 SUBDEBUG Installed: perl-Params-Util-1.102-2.xs9.x86_64
2025-10-09T10:28:44+0000 SUBDEBUG Installed: perl-SelfLoader-5.36.1-4.xs9.noarch
2025-10-09T10:28:44+0000 SUBDEBUG Installed: perl-Sys-Hostname-5.36.1-4.xs9.x86_64
2025-10-09T10:28:44+0000 SUBDEBUG Installed: perl-Text-Balanced-5.36.1-4.xs9.noarch
2025-10-09T10:28:44+0000 SUBDEBUG Installed: perl-Tie-RefHash-5.36.1-4.xs9.noarch
2025-10-09T10:28:44+0000 SUBDEBUG Installed: perl-User-pwent-5.36.1-4.xs9.noarch
2025-10-09T10:28:44+0000 SUBDEBUG Installed: perl-autouse-5.36.1-4.xs9.noarch
2025-10-09T10:28:44+0000 SUBDEBUG Installed: perl-autodie-5.36.1-4.xs9.noarch
2025-10-09T10:28:44+0000 SUBDEBUG Installed: perl-Filter-Simple-5.36.1-4.xs9.noarch
2025-10-09T10:28:44+0000 SUBDEBUG Installed: perl-Devel-SelfStubber-5.36.1-4.xs9.noarch
2025-10-09T10:28:44+0000 SUBDEBUG Installed: perl-Data-OptList-0.112-2.xs9.noarch
2025-10-09T10:28:44+0000 SUBDEBUG Installed: perl-File-Fetch-5.36.1-4.xs9.noarch
2025-10-09T10:28:44+0000 SUBDEBUG Installed: perl-fields-5.36.1-4.xs9.noarch
2025-10-09T10:28:44+0000 SUBDEBUG Installed: perl-DBM_Filter-5.36.1-4.xs9.noarch
2025-10-09T10:28:44+0000 SUBDEBUG Installed: perl-Net-SSLeay-1.92-2.xs9.x86_64
2025-10-09T10:28:44+0000 SUBDEBUG Installed: perl-IO-Socket-SSL-2.075-3.xs9.noarch
2025-10-09T10:28:44+0000 SUBDEBUG Installed: perl-Net-HTTP-6.22-2.xs9.noarch
2025-10-09T10:28:44+0000 SUBDEBUG Installed: perl-Module-CoreList-tools-5.36.1-4.xs9.noarch
2025-10-09T10:28:44+0000 SUBDEBUG Installed: perl-bignum-5.36.1-4.xs9.noarch
2025-10-09T10:28:44+0000 SUBDEBUG Installed: perl-open-5.36.1-4.xs9.noarch
2025-10-09T10:28:44+0000 SUBDEBUG Installed: perl-Thread-5.36.1-4.xs9.noarch
2025-10-09T10:28:44+0000 SUBDEBUG Installed: perl-debugger-5.36.1-4.xs9.noarch
2025-10-09T10:28:44+0000 SUBDEBUG Installed: perl-sigtrap-5.36.1-4.xs9.noarch
2025-10-09T10:28:44+0000 SUBDEBUG Installed: perl-Unicode-Collate-5.36.1-4.xs9.x86_64
2025-10-09T10:28:44+0000 SUBDEBUG Installed: perl-Unicode-UCD-5.36.1-4.xs9.noarch
2025-10-09T10:28:44+0000 SUBDEBUG Installed: perl-Env-5.36.1-4.xs9.noarch
2025-10-09T10:28:44+0000 SUBDEBUG Installed: perl-Digest-HMAC-1.04-2.xs9.noarch
2025-10-09T10:28:44+0000 SUBDEBUG Installed: perl-NTLM-1.09-2.xs9.noarch
2025-10-09T10:28:44+0000 SUBDEBUG Installed: perl-Test-Simple-5.36.1-4.xs9.noarch
2025-10-09T10:28:44+0000 SUBDEBUG Installed: perl-WWW-RobotRules-6.02-2.xs9.noarch
2025-10-09T10:28:44+0000 SUBDEBUG Installed: perl-Thread-Queue-5.36.1-4.xs9.noarch
2025-10-09T10:28:44+0000 SUBDEBUG Installed: perl-Thread-Semaphore-5.36.1-4.xs9.noarch
2025-10-09T10:28:44+0000 SUBDEBUG Installed: perl-Math-BigInt-FastCalc-5.36.1-4.xs9.x86_64
2025-10-09T10:28:44+0000 SUBDEBUG Installed: perl-File-Slurp-Tiny-0.004-2.xs9.noarch
2025-10-09T10:28:44+0000 SUBDEBUG Installed: perl-Perl-Version-1.013-2.xs9.noarch
2025-10-09T10:28:44+0000 SUBDEBUG Installed: perl-experimental-5.36.1-4.xs9.noarch
2025-10-09T10:28:44+0000 SUBDEBUG Installed: perl-File-Copy-Recursive-0.45-2.xs9.noarch
2025-10-09T10:28:44+0000 SUBDEBUG Installed: perl-CryptX-0.078-6.xs9.x86_64
2025-10-09T10:28:44+0000 SUBDEBUG Installed: perl-Crypt-JWT-0.035-3.xs9.noarch
2025-10-09T10:28:44+0000 SUBDEBUG Installed: perl-Data-Dump-1.25-2.xs9.noarch
2025-10-09T10:28:44+0000 SUBDEBUG Installed: perl-Module-Loaded-5.36.1-4.xs9.noarch
2025-10-09T10:28:44+0000 SUBDEBUG Installed: perl-Pod-Checker-5.36.1-4.xs9.noarch
2025-10-09T10:28:44+0000 SUBDEBUG Installed: perl-TimeDate-2.33-2.xs9.noarch
2025-10-09T10:28:44+0000 SUBDEBUG Installed: perl-HTTP-Date-6.05-2.xs9.noarch
2025-10-09T10:28:44+0000 SUBDEBUG Installed: perl-File-Listing-6.15-2.xs9.noarch
2025-10-09T10:28:44+0000 SUBDEBUG Installed: perl-diagnostics-5.36.1-4.xs9.noarch
2025-10-09T10:28:44+0000 SUBDEBUG Installed: perl-macros-5.36.1-4.xs9.noarch
2025-10-09T10:28:44+0000 SUBDEBUG Installed: perl-utils-5.36.1-4.xs9.noarch
2025-10-09T10:28:44+0000 SUBDEBUG Installed: perl-Attribute-Handlers-5.36.1-4.xs9.noarch
2025-10-09T10:28:44+0000 SUBDEBUG Installed: perl-Config-Extensions-5.36.1-4.xs9.noarch
2025-10-09T10:28:44+0000 SUBDEBUG Installed: perl-Config-Perl-V-5.36.1-4.xs9.noarch
2025-10-09T10:28:44+0000 SUBDEBUG Installed: perl-English-5.36.1-4.xs9.noarch
2025-10-09T10:28:44+0000 SUBDEBUG Installed: perl-Error-0.17029-2.xs9.noarch
2025-10-09T10:28:44+0000 SUBDEBUG Installed: perl-File-DosGlob-5.36.1-4.xs9.x86_64
2025-10-09T10:28:44+0000 SUBDEBUG Installed: perl-FileCache-5.36.1-4.xs9.noarch
2025-10-09T10:28:44+0000 SUBDEBUG Installed: perl-FindBin-5.36.1-4.xs9.noarch
2025-10-09T10:28:44+0000 SUBDEBUG Installed: perl-HTML-Tagset-3.20-2.xs9.noarch
2025-10-09T10:28:44+0000 SUBDEBUG Installed: perl-I18N-Collate-5.36.1-4.xs9.noarch
2025-10-09T10:28:44+0000 SUBDEBUG Installed: perl-IO-HTML-1.004-2.xs9.noarch
2025-10-09T10:28:44+0000 SUBDEBUG Installed: perl-HTTP-Message-6.37-2.xs9.noarch
2025-10-09T10:28:44+0000 SUBDEBUG Installed: perl-HTML-Parser-3.81-2.xs9.x86_64
2025-10-09T10:28:44+0000 SUBDEBUG Installed: perl-HTTP-Cookies-6.10-2.xs9.noarch
2025-10-09T10:28:44+0000 SUBDEBUG Installed: perl-HTTP-Negotiate-6.01-2.xs9.noarch
2025-10-09T10:28:44+0000 SUBDEBUG Installed: perl-IPC-SysV-5.36.1-4.xs9.x86_64
2025-10-09T10:28:44+0000 SUBDEBUG Installed: perl-Math-Complex-5.36.1-4.xs9.noarch
2025-10-09T10:28:44+0000 SUBDEBUG Installed: perl-Memoize-5.36.1-4.xs9.noarch
2025-10-09T10:28:44+0000 SUBDEBUG Installed: perl-Mozilla-CA-20211001-2.xs9.noarch
2025-10-09T10:28:44+0000 SUBDEBUG Installed: perl-NEXT-5.36.1-4.xs9.noarch
2025-10-09T10:28:44+0000 SUBDEBUG Installed: perl-Net-5.36.1-4.xs9.noarch
2025-10-09T10:28:44+0000 SUBDEBUG Installed: perl-Package-Generator-1.106-2.xs9.noarch
2025-10-09T10:28:44+0000 SUBDEBUG Installed: perl-Sub-Exporter-0.988-2.xs9.noarch
2025-10-09T10:28:44+0000 SUBDEBUG Installed: perl-PerlIO-utf8_strict-0.009-2.xs9.x86_64
2025-10-09T10:28:44+0000 SUBDEBUG Installed: perl-Mixin-Linewise-0.110-2.xs9.noarch
2025-10-09T10:28:44+0000 SUBDEBUG Installed: perl-Config-INI-0.027-2.xs9.noarch
2025-10-09T10:28:44+0000 SUBDEBUG Installed: perl-PerlIO-via-QuotedPrint-5.36.1-4.xs9.noarch
2025-10-09T10:28:44+0000 SUBDEBUG Installed: perl-Pod-Functions-5.36.1-4.xs9.noarch
2025-10-09T10:28:44+0000 SUBDEBUG Installed: perl-Search-Dict-5.36.1-4.xs9.noarch
2025-10-09T10:28:44+0000 SUBDEBUG Installed: perl-Sys-Syslog-5.36.1-4.xs9.x86_64
2025-10-09T10:28:44+0000 SUBDEBUG Installed: perl-Term-Complete-5.36.1-4.xs9.noarch
2025-10-09T10:28:44+0000 SUBDEBUG Installed: perl-Test-5.36.1-4.xs9.noarch
2025-10-09T10:28:44+0000 SUBDEBUG Installed: perl-Text-Abbrev-5.36.1-4.xs9.noarch
2025-10-09T10:28:44+0000 SUBDEBUG Installed: perl-Tie-File-5.36.1-4.xs9.noarch
2025-10-09T10:28:44+0000 SUBDEBUG Installed: perl-Tie-Memoize-5.36.1-4.xs9.noarch
2025-10-09T10:28:44+0000 SUBDEBUG Installed: perl-Time-5.36.1-4.xs9.noarch
2025-10-09T10:28:44+0000 SUBDEBUG Installed: perl-Time-Piece-5.36.1-4.xs9.x86_64
2025-10-09T10:28:44+0000 SUBDEBUG Installed: perl-Try-Tiny-0.31-2.xs9.noarch
2025-10-09T10:28:44+0000 SUBDEBUG Installed: perl-libwww-perl-6.68-2.xs9.noarch
2025-10-09T10:28:44+0000 SUBDEBUG Installed: perl-LWP-Protocol-https-6.10-2.xs9.noarch
2025-10-09T10:28:44+0000 SUBDEBUG Installed: perl-blib-5.36.1-4.xs9.noarch
2025-10-09T10:28:44+0000 SUBDEBUG Installed: perl-deprecate-5.36.1-4.xs9.noarch
2025-10-09T10:28:44+0000 SUBDEBUG Installed: perl-encoding-warnings-5.36.1-4.xs9.noarch
2025-10-09T10:28:44+0000 SUBDEBUG Installed: perl-filetest-5.36.1-4.xs9.noarch
2025-10-09T10:28:44+0000 SUBDEBUG Installed: perl-less-5.36.1-4.xs9.noarch
2025-10-09T10:28:44+0000 SUBDEBUG Installed: perl-perlfaq-5.36.1-4.xs9.noarch
2025-10-09T10:28:44+0000 SUBDEBUG Installed: perl-ph-5.36.1-4.xs9.x86_64
2025-10-09T10:28:44+0000 SUBDEBUG Installed: perl-sort-5.36.1-4.xs9.noarch
2025-10-09T10:28:44+0000 SUBDEBUG Installed: perl-vmsish-5.36.1-4.xs9.noarch
2025-10-09T10:28:44+0000 SUBDEBUG Installed: nettle-3.10-1.xs9.x86_64
2025-10-09T10:28:44+0000 SUBDEBUG Installed: gnutls-3.8.8-2.xs9.x86_64
2025-10-09T10:28:44+0000 SUBDEBUG Installed: libxml2-2.10.4-2.xs9.x86_64
2025-10-09T10:28:44+0000 SUBDEBUG Installed: libarchive-3.6.1-2.xs9.x86_64
2025-10-09T10:28:44+0000 SUBDEBUG Installed: unzip-6.0-2.xs9.x86_64
2025-10-09T10:28:44+0000 SUBDEBUG Installed: python3-argcomplete-2.0.0-2.xs9.noarch
2025-10-09T10:28:44+0000 SUBDEBUG Installed: python3-charset-normalizer-2.1.0-5.xs9.noarch
2025-10-09T10:28:44+0000 SUBDEBUG Installed: python3-pyparsing-3.0.7-2.xs9.noarch
2025-10-09T10:28:44+0000 SUBDEBUG Installed: systemtap-sdt-devel-4.8-3.xs9.x86_64
2025-10-09T10:28:44+0000 SUBDEBUG Installed: python3-pysocks-1.7.1-2.xs9.noarch
2025-10-09T10:28:44+0000 SUBDEBUG Installed: python3-urllib3+socks-1.26.20-4.xs9.noarch
2025-10-09T10:28:44+0000 SUBDEBUG Installed: python3-urllib3-1.26.20-4.xs9.noarch
2025-10-09T10:28:44+0000 SUBDEBUG Installed: python3-requests-2.28.1-5.xs9.noarch
2025-10-09T10:28:44+0000 SUBDEBUG Installed: python3-pyxdg-0.27-2.xs9.noarch
2025-10-09T10:28:44+0000 SUBDEBUG Installed: python3-tomli-w-1.0.0-2.xs9.noarch
2025-10-09T10:28:44+0000 SUBDEBUG Installed: python3-utils-3.1.0-2.xs9.noarch
2025-10-09T10:28:44+0000 SUBDEBUG Installed: python3-progressbar2-3.53.2-2.xs9.noarch
2025-10-09T10:28:44+0000 SUBDEBUG Installed: python3-zstandard-0.19.0-2.xs9.x86_64
2025-10-09T10:28:44+0000 SUBDEBUG Installed: cpio-2.13-2.xs9.x86_64
2025-10-09T10:28:44+0000 SUBDEBUG Installed: dash-0.5.11.5-2.xs9.x86_64
2025-10-09T10:28:44+0000 SUBDEBUG Installed: ed-1.19-2.xs9.x86_64
2025-10-09T10:28:44+0000 SUBDEBUG Installed: patch-2.7.6-3.xs9.x86_64
2025-10-09T10:28:44+0000 SUBDEBUG Installed: fakeroot-libs-1.32.1-3.xs9.x86_64
2025-10-09T10:28:44+0000 SUBDEBUG Installed: fakeroot-1.32.1-3.xs9.x86_64
2025-10-09T10:28:44+0000 SUBDEBUG Installed: jansson-2.14.1-1.xs9.x86_64
2025-10-09T10:28:44+0000 SUBDEBUG Installed: binutils-2.45-1.xs9.x86_64
2025-10-09T10:28:44+0000 SUBDEBUG Installed: keyutils-libs-1.6.3-2.xs9.x86_64
2025-10-09T10:28:44+0000 SUBDEBUG Installed: libcom_err-1.47.0-3.xs9.x86_64
2025-10-09T10:28:44+0000 SUBDEBUG Installed: libnghttp2-1.64.0-2.xs9.x86_64
2025-10-09T10:28:44+0000 SUBDEBUG Installed: libpkgconf-1.8.0-2.xs9.x86_64
2025-10-09T10:28:44+0000 SUBDEBUG Installed: pkgconf-1.8.0-2.xs9.x86_64
2025-10-09T10:28:44+0000 SUBDEBUG Installed: pkgconf-pkg-config-1.8.0-2.xs9.x86_64
2025-10-09T10:28:44+0000 SUBDEBUG Installed: glibc-devel-2.41-1.xs9.x86_64
2025-10-09T10:28:45+0000 SUBDEBUG Installed: libxcrypt-devel-4.4.36-3.xs9.x86_64
2025-10-09T10:28:45+0000 SUBDEBUG Installed: gcc-12.4.0-2.xs9.x86_64
2025-10-09T10:28:45+0000 SUBDEBUG Installed: gcc-c++-12.4.0-2.xs9.x86_64
2025-10-09T10:28:45+0000 SUBDEBUG Installed: libseccomp-2.5.3-2.xs9.x86_64
2025-10-09T10:28:45+0000 SUBDEBUG Installed: libsigsegv-2.14-2.xs9.x86_64
2025-10-09T10:28:45+0000 SUBDEBUG Installed: gawk-5.1.1-5.xs9.x86_64
2025-10-09T10:28:45+0000 SUBDEBUG Installed: libverto-0.3.2-2.xs9.x86_64
2025-10-09T10:28:45+0000 SUBDEBUG Installed: krb5-libs-1.21.3-3.xs9.x86_64
2025-10-09T10:28:45+0000 SUBDEBUG Installed: libcurl-8.11.1-2.xs9.x86_64
2025-10-09T10:28:45+0000 SUBDEBUG Installed: curl-8.11.1-2.xs9.x86_64
2025-10-09T10:28:45+0000 SUBDEBUG Installed: rpm-4.18.0-6.xs9.x86_64
2025-10-09T10:28:45+0000 SUBDEBUG Installed: rpm-libs-4.18.0-6.xs9.x86_64
2025-10-09T10:28:45+0000 SUBDEBUG Installed: openssh-clients-9.9p1-1.xs9.x86_64
2025-10-09T10:28:45+0000 SUBDEBUG Installed: git-core-2.41.0-4.xs9.x86_64
2025-10-09T10:28:45+0000 SUBDEBUG Installed: git-core-doc-2.41.0-4.xs9.noarch
2025-10-09T10:28:45+0000 SUBDEBUG Installed: perl-Git-2.41.0-4.xs9.noarch
2025-10-09T10:28:45+0000 SUBDEBUG Installed: git-2.41.0-4.xs9.x86_64
2025-10-09T10:28:45+0000 SUBDEBUG Installed: npth-1.6-2.xs9.x86_64
2025-10-09T10:28:45+0000 SUBDEBUG Installed: gnupg2-2.4.0-6.xs9.x86_64
2025-10-09T10:28:45+0000 SUBDEBUG Installed: rpm-sign-libs-4.18.0-6.xs9.x86_64
2025-10-09T10:28:45+0000 SUBDEBUG Installed: xxhash-libs-0.8.2-2.xs9.x86_64
2025-10-09T10:28:45+0000 SUBDEBUG Installed: gdb-15.2-2.xs9.x86_64
2025-10-09T10:28:46+0000 SUBDEBUG Installed: dbus-common-1.14.10-3.xs9.noarch
2025-10-09T10:28:46+0000 SUBDEBUG Installed: dbus-daemon-1.14.10-3.xs9.x86_64
2025-10-09T10:28:46+0000 SUBDEBUG Installed: systemd-rpm-macros-257.2-8.xs9.noarch
2025-10-09T10:28:46+0000 SUBDEBUG Installed: elfutils-libs-0.193-1.xs9.x86_64
2025-10-09T10:28:46+0000 SUBDEBUG Installed: systemd-pam-257.2-8.xs9.x86_64
2025-10-09T10:28:46+0000 SUBDEBUG Installed: systemd-257.2-8.xs9.x86_64
2025-10-09T10:28:46+0000 INFO Creating group 'input' with GID 104.
Creating group 'kvm' with GID 36.
Creating group 'render' with GID 105.
Creating group 'sgx' with GID 106.
Creating group 'systemd-journal' with GID 190.
Creating group 'systemd-oom' with GID 999.
Creating user 'systemd-oom' (systemd Userspace OOM Killer) with UID 999 and GID 999.

2025-10-09T10:28:46+0000 SUBDEBUG Installed: elfutils-default-yama-scope-0.193-1.xs9.noarch
2025-10-09T10:28:46+0000 SUBDEBUG Installed: elfutils-0.193-1.xs9.x86_64
2025-10-09T10:28:46+0000 SUBDEBUG Installed: rpm-build-libs-4.18.0-6.xs9.x86_64
2025-10-09T10:28:46+0000 SUBDEBUG Installed: python3-rpm-4.18.0-6.xs9.x86_64
2025-10-09T10:28:46+0000 SUBDEBUG Installed: debugedit-5.2-1.xs9.x86_64
2025-10-09T10:28:46+0000 SUBDEBUG Installed: annobin-docs-12.71-1.xs9.noarch
2025-10-09T10:28:46+0000 SUBDEBUG Installed: annobin-plugin-gcc-12.71-1.xs9.x86_64
2025-10-09T10:28:46+0000 SUBDEBUG Installed: xenserver-config-rpm-9.0.9-1.xs9.noarch
2025-10-09T10:28:46+0000 SUBDEBUG Installed: perl-ExtUtils-Install-5.36.1-4.xs9.noarch
2025-10-09T10:28:46+0000 SUBDEBUG Installed: perl-devel-5.36.1-4.xs9.x86_64
2025-10-09T10:28:46+0000 SUBDEBUG Installed: perl-ExtUtils-MakeMaker-7.66-2.xs9.noarch
2025-10-09T10:28:46+0000 SUBDEBUG Installed: perl-ExtUtils-CBuilder-5.36.1-4.xs9.noarch
2025-10-09T10:28:46+0000 SUBDEBUG Installed: python-srpm-macros-3.10-3.xs9.noarch
2025-10-09T10:28:46+0000 SUBDEBUG Installed: python-rpm-macros-3.10-3.xs9.noarch
2025-10-09T10:28:46+0000 SUBDEBUG Installed: perl-ExtUtils-Embed-5.36.1-4.xs9.noarch
2025-10-09T10:28:46+0000 SUBDEBUG Installed: rpm-build-4.18.0-6.xs9.x86_64
2025-10-09T10:28:46+0000 SUBDEBUG Installed: rpmlint-fedora-license-data-1.22-2.xs9.noarch
2025-10-09T10:28:46+0000 SUBDEBUG Installed: rpmlint-2.4.0-2.xs9.noarch
2025-10-09T10:28:46+0000 SUBDEBUG Installed: rpmdevtools-9.6-2.xs9.noarch
2025-10-09T10:28:46+0000 SUBDEBUG Installed: perl-ExtUtils-Miniperl-5.36.1-4.xs9.noarch
2025-10-09T10:28:46+0000 SUBDEBUG Installed: python3-rpm-macros-3.10-3.xs9.noarch
2025-10-09T10:28:46+0000 SUBDEBUG Installed: perl-libnetcfg-5.36.1-4.xs9.noarch
2025-10-09T10:28:46+0000 SUBDEBUG Installed: perl-Encode-devel-5.36.1-4.xs9.noarch
2025-10-09T10:28:46+0000 SUBDEBUG Installed: perl-inc-latest-0.500-2.xs9.noarch
2025-10-09T10:28:46+0000 SUBDEBUG Installed: perl-Module-Build-0.42.31-2.xs9.noarch
2025-10-09T10:28:46+0000 SUBDEBUG Installed: perl-CPAN-5.36.1-4.xs9.noarch
2025-10-09T10:28:46+0000 SUBDEBUG Installed: perl-5.36.1-4.xs9.x86_64
2025-10-09T10:28:46+0000 SUBDEBUG Installed: xenpkg-1.8.8-1.xs9.noarch
2025-10-09T10:28:46+0000 SUBDEBUG Installed: pyproject-rpm-macros-1.8.0-2.xs9.noarch
2025-10-09T10:28:46+0000 SUBDEBUG Installed: go-srpm-macros-3.7.0-3.xs9.noarch
2025-10-09T10:28:46+0000 SUBDEBUG Installed: xenserver-config-macros-9.0.9-1.xs9.noarch
