2025-10-09T10:28:33+0000 INFO Librepo version: 1.14.5 with CURL_GLOBAL_ACK_EINTR support (libcurl/7.76.1 OpenSSL/3.5.1 zlib/1.2.11 brotli/1.0.9 libidn2/2.3.0 libpsl/0.21.1 (+libidn2/2.3.0) libssh/0.10.4/openssl/zlib nghttp2/1.43.0)
2025-10-09T10:28:33+0000 INFO Downloading: https://koji.eng.citrite.net/kojifiles/repos/xs-foundations-xs9-build/282678/x86_64/repodata/repomd.xml
2025-10-09T10:28:33+0000 INFO Downloading: https://koji.eng.citrite.net/kojifiles/repos/xs-foundations-xs9-build/282678/x86_64/repodata/6b153385de2815fed0af550ca272df1534595100e5f39fba1a20badb802b6a5e-primary.xml.gz
2025-10-09T10:28:33+0000 INFO Downloading: https://koji.eng.citrite.net/kojifiles/repos/xs-foundations-xs9-build/282678/x86_64/repodata/a5c842cf0bf3f71e00ee6c3fb447c699d4c1e58df2757c0dcef150868e170788-filelists.xml.gz
2025-10-09T10:28:33+0000 INFO Downloading: https://koji.eng.citrite.net/kojifiles/repos/xs-foundations-xs9-build/282678/x86_64/repodata/83cdab9ea53e3db3d7419ec1c85819e60bb7f24a1ca2326fb516b07d2d654fe5-comps.xml.gz
2025-10-09T10:28:34+0000 INFO Downloading: https://koji.eng.citrite.net/kojifiles/repos/xs-foundations-xs9-build/282678/x86_64/toplink/packages/annobin/12.71/1.xs9/noarch/annobin-docs-12.71-1.xs9.noarch.rpm
2025-10-09T10:28:34+0000 INFO Downloading: https://koji.eng.citrite.net/kojifiles/repos/xs-foundations-xs9-build/282678/x86_64/toplink/packages/annobin/12.71/1.xs9/x86_64/annobin-plugin-gcc-12.71-1.xs9.x86_64.rpm
2025-10-09T10:28:34+0000 INFO Downloading: https://koji.eng.citrite.net/kojifiles/repos/xs-foundations-xs9-build/282678/x86_64/toplink/packages/audit/3.1.2/2.xs9/x86_64/audit-libs-3.1.2-2.xs9.x86_64.rpm
2025-10-09T10:28:34+0000 INFO Downloading: https://koji.eng.citrite.net/kojifiles/repos/xs-foundations-xs9-build/282678/x86_64/toplink/packages/basesystem/11/2.xs9/noarch/basesystem-11-2.xs9.noarch.rpm
2025-10-09T10:28:34+0000 INFO Downloading: https://koji.eng.citrite.net/kojifiles/repos/xs-foundations-xs9-build/282678/x86_64/toplink/packages/bash/5.2.37/1.xs9/x86_64/bash-5.2.37-1.xs9.x86_64.rpm
2025-10-09T10:28:34+0000 INFO Downloading: https://koji.eng.citrite.net/kojifiles/repos/xs-foundations-xs9-build/282678/x86_64/toplink/packages/binutils/2.45/1.xs9/x86_64/binutils-2.45-1.xs9.x86_64.rpm
2025-10-09T10:28:34+0000 INFO Downloading: https://koji.eng.citrite.net/kojifiles/repos/xs-foundations-xs9-build/282678/x86_64/toplink/packages/bzip2/1.0.8/3.xs9/x86_64/bzip2-1.0.8-3.xs9.x86_64.rpm
2025-10-09T10:28:34+0000 INFO Downloading: https://koji.eng.citrite.net/kojifiles/repos/xs-foundations-xs9-build/282678/x86_64/toplink/packages/bzip2/1.0.8/3.xs9/x86_64/bzip2-libs-1.0.8-3.xs9.x86_64.rpm
2025-10-09T10:28:34+0000 INFO Downloading: https://koji.eng.citrite.net/kojifiles/repos/xs-foundations-xs9-build/282678/x86_64/toplink/packages/ca-certificates/2024.2.72/3.xs9/noarch/ca-certificates-2024.2.72-3.xs9.noarch.rpm
2025-10-09T10:28:34+0000 INFO Downloading: https://koji.eng.citrite.net/kojifiles/repos/xs-foundations-xs9-build/282678/x86_64/toplink/packages/coreutils/9.5/1.xs9/x86_64/coreutils-9.5-1.xs9.x86_64.rpm
2025-10-09T10:28:34+0000 INFO Downloading: https://koji.eng.citrite.net/kojifiles/repos/xs-foundations-xs9-build/282678/x86_64/toplink/packages/coreutils/9.5/1.xs9/x86_64/coreutils-common-9.5-1.xs9.x86_64.rpm
2025-10-09T10:28:34+0000 INFO Downloading: https://koji.eng.citrite.net/kojifiles/repos/xs-foundations-xs9-build/282678/x86_64/toplink/packages/cpio/2.13/2.xs9/x86_64/cpio-2.13-2.xs9.x86_64.rpm
2025-10-09T10:28:34+0000 INFO Downloading: https://koji.eng.citrite.net/kojifiles/repos/xs-foundations-xs9-build/282678/x86_64/toplink/packages/gcc/12.4.0/2.xs9/x86_64/cpp-12.4.0-2.xs9.x86_64.rpm
2025-10-09T10:28:34+0000 INFO Downloading: https://koji.eng.citrite.net/kojifiles/repos/xs-foundations-xs9-build/282678/x86_64/toplink/packages/cracklib/2.9.11/3.xs9/x86_64/cracklib-2.9.11-3.xs9.x86_64.rpm
2025-10-09T10:28:34+0000 INFO Downloading: https://koji.eng.citrite.net/kojifiles/repos/xs-foundations-xs9-build/282678/x86_64/toplink/packages/crypto-policies/20241128/1.xs9/noarch/crypto-policies-20241128-1.xs9.noarch.rpm
2025-10-09T10:28:34+0000 INFO Downloading: https://koji.eng.citrite.net/kojifiles/repos/xs-foundations-xs9-build/282678/x86_64/toplink/packages/curl/8.11.1/2.xs9/x86_64/curl-8.11.1-2.xs9.x86_64.rpm
2025-10-09T10:28:34+0000 INFO Downloading: https://koji.eng.citrite.net/kojifiles/repos/xs-foundations-xs9-build/282678/x86_64/toplink/packages/dash/0.5.11.5/2.xs9/x86_64/dash-0.5.11.5-2.xs9.x86_64.rpm
2025-10-09T10:28:34+0000 INFO Downloading: https://koji.eng.citrite.net/kojifiles/repos/xs-foundations-xs9-build/282678/x86_64/toplink/packages/dbus/1.14.10/3.xs9/noarch/dbus-common-1.14.10-3.xs9.noarch.rpm
2025-10-09T10:28:34+0000 INFO Downloading: https://koji.eng.citrite.net/kojifiles/repos/xs-foundations-xs9-build/282678/x86_64/toplink/packages/dbus/1.14.10/3.xs9/x86_64/dbus-daemon-1.14.10-3.xs9.x86_64.rpm
2025-10-09T10:28:34+0000 INFO Downloading: https://koji.eng.citrite.net/kojifiles/repos/xs-foundations-xs9-build/282678/x86_64/toplink/packages/dbus/1.14.10/3.xs9/x86_64/dbus-libs-1.14.10-3.xs9.x86_64.rpm
2025-10-09T10:28:34+0000 INFO Downloading: https://koji.eng.citrite.net/kojifiles/repos/xs-foundations-xs9-build/282678/x86_64/toplink/packages/dbus/1.14.10/3.xs9/x86_64/dbus-tools-1.14.10-3.xs9.x86_64.rpm
2025-10-09T10:28:34+0000 INFO Downloading: https://koji.eng.citrite.net/kojifiles/repos/xs-foundations-xs9-build/282678/x86_64/toplink/packages/debugedit/5.2/1.xs9/x86_64/debugedit-5.2-1.xs9.x86_64.rpm
2025-10-09T10:28:34+0000 INFO Downloading: https://koji.eng.citrite.net/kojifiles/repos/xs-foundations-xs9-build/282678/x86_64/toplink/packages/diffutils/3.10/2.xs9/x86_64/diffutils-3.10-2.xs9.x86_64.rpm
2025-10-09T10:28:34+0000 INFO Downloading: https://koji.eng.citrite.net/kojifiles/repos/xs-foundations-xs9-build/282678/x86_64/toplink/packages/dwz/0.16/1.xs9/x86_64/dwz-0.16-1.xs9.x86_64.rpm
2025-10-09T10:28:34+0000 INFO Downloading: https://koji.eng.citrite.net/kojifiles/repos/xs-foundations-xs9-build/282678/x86_64/toplink/packages/ed/1.19/2.xs9/x86_64/ed-1.19-2.xs9.x86_64.rpm
2025-10-09T10:28:34+0000 INFO Downloading: https://koji.eng.citrite.net/kojifiles/repos/xs-foundations-xs9-build/282678/x86_64/toplink/packages/elfutils/0.193/1.xs9/x86_64/elfutils-0.193-1.xs9.x86_64.rpm
2025-10-09T10:28:34+0000 INFO Downloading: https://koji.eng.citrite.net/kojifiles/repos/xs-foundations-xs9-build/282678/x86_64/toplink/packages/elfutils/0.193/1.xs9/noarch/elfutils-default-yama-scope-0.193-1.xs9.noarch.rpm
2025-10-09T10:28:34+0000 INFO Downloading: https://koji.eng.citrite.net/kojifiles/repos/xs-foundations-xs9-build/282678/x86_64/toplink/packages/elfutils/0.193/1.xs9/x86_64/elfutils-libelf-0.193-1.xs9.x86_64.rpm
2025-10-09T10:28:34+0000 INFO Downloading: https://koji.eng.citrite.net/kojifiles/repos/xs-foundations-xs9-build/282678/x86_64/toplink/packages/elfutils/0.193/1.xs9/x86_64/elfutils-libs-0.193-1.xs9.x86_64.rpm
2025-10-09T10:28:34+0000 INFO Downloading: https://koji.eng.citrite.net/kojifiles/repos/xs-foundations-xs9-build/282678/x86_64/toplink/packages/expat/2.5.0/2.xs9/x86_64/expat-2.5.0-2.xs9.x86_64.rpm
2025-10-09T10:28:34+0000 INFO Downloading: https://koji.eng.citrite.net/kojifiles/repos/xs-foundations-xs9-build/282678/x86_64/toplink/packages/fakeroot/1.32.1/3.xs9/x86_64/fakeroot-1.32.1-3.xs9.x86_64.rpm
2025-10-09T10:28:34+0000 INFO Downloading: https://koji.eng.citrite.net/kojifiles/repos/xs-foundations-xs9-build/282678/x86_64/toplink/packages/fakeroot/1.32.1/3.xs9/x86_64/fakeroot-libs-1.32.1-3.xs9.x86_64.rpm
2025-10-09T10:28:34+0000 INFO Downloading: https://koji.eng.citrite.net/kojifiles/repos/xs-foundations-xs9-build/282678/x86_64/toplink/packages/file/5.45/1.xs9/x86_64/file-5.45-1.xs9.x86_64.rpm
2025-10-09T10:28:34+0000 INFO Downloading: https://koji.eng.citrite.net/kojifiles/repos/xs-foundations-xs9-build/282678/x86_64/toplink/packages/file/5.45/1.xs9/x86_64/file-libs-5.45-1.xs9.x86_64.rpm
2025-10-09T10:28:34+0000 INFO Downloading: https://koji.eng.citrite.net/kojifiles/repos/xs-foundations-xs9-build/282678/x86_64/toplink/packages/filesystem/3.18/3.xs9/x86_64/filesystem-3.18-3.xs9.x86_64.rpm
2025-10-09T10:28:34+0000 INFO Downloading: https://koji.eng.citrite.net/kojifiles/repos/xs-foundations-xs9-build/282678/x86_64/toplink/packages/findutils/4.9.0/4.xs9/x86_64/findutils-4.9.0-4.xs9.x86_64.rpm
2025-10-09T10:28:34+0000 INFO Downloading: https://koji.eng.citrite.net/kojifiles/repos/xs-foundations-xs9-build/282678/x86_64/toplink/packages/gawk/5.1.1/5.xs9/x86_64/gawk-5.1.1-5.xs9.x86_64.rpm
2025-10-09T10:28:34+0000 INFO Downloading: https://koji.eng.citrite.net/kojifiles/repos/xs-foundations-xs9-build/282678/x86_64/toplink/packages/gcc/12.4.0/2.xs9/x86_64/gcc-12.4.0-2.xs9.x86_64.rpm
2025-10-09T10:28:34+0000 INFO Downloading: https://koji.eng.citrite.net/kojifiles/repos/xs-foundations-xs9-build/282678/x86_64/toplink/packages/gcc/12.4.0/2.xs9/x86_64/gcc-c%2b%2b-12.4.0-2.xs9.x86_64.rpm
2025-10-09T10:28:35+0000 INFO Downloading: https://koji.eng.citrite.net/kojifiles/repos/xs-foundations-xs9-build/282678/x86_64/toplink/packages/gdb/15.2/2.xs9/x86_64/gdb-15.2-2.xs9.x86_64.rpm
2025-10-09T10:28:35+0000 INFO Downloading: https://koji.eng.citrite.net/kojifiles/repos/xs-foundations-xs9-build/282678/x86_64/toplink/packages/gdbm/1.23/2.xs9/x86_64/gdbm-1.23-2.xs9.x86_64.rpm
2025-10-09T10:28:35+0000 INFO Downloading: https://koji.eng.citrite.net/kojifiles/repos/xs-foundations-xs9-build/282678/x86_64/toplink/packages/gdbm/1.23/2.xs9/x86_64/gdbm-libs-1.23-2.xs9.x86_64.rpm
2025-10-09T10:28:35+0000 INFO Downloading: https://koji.eng.citrite.net/kojifiles/repos/xs-foundations-xs9-build/282678/x86_64/toplink/packages/git/2.41.0/4.xs9/x86_64/git-2.41.0-4.xs9.x86_64.rpm
2025-10-09T10:28:35+0000 INFO Downloading: https://koji.eng.citrite.net/kojifiles/repos/xs-foundations-xs9-build/282678/x86_64/toplink/packages/git/2.41.0/4.xs9/x86_64/git-core-2.41.0-4.xs9.x86_64.rpm
2025-10-09T10:28:35+0000 INFO Downloading: https://koji.eng.citrite.net/kojifiles/repos/xs-foundations-xs9-build/282678/x86_64/toplink/packages/git/2.41.0/4.xs9/noarch/git-core-doc-2.41.0-4.xs9.noarch.rpm
2025-10-09T10:28:35+0000 INFO Downloading: https://koji.eng.citrite.net/kojifiles/repos/xs-foundations-xs9-build/282678/x86_64/toplink/packages/glibc/2.41/1.xs9/x86_64/glibc-2.41-1.xs9.x86_64.rpm
2025-10-09T10:28:35+0000 INFO Downloading: https://koji.eng.citrite.net/kojifiles/repos/xs-foundations-xs9-build/282678/x86_64/toplink/packages/glibc/2.41/1.xs9/x86_64/glibc-common-2.41-1.xs9.x86_64.rpm
2025-10-09T10:28:35+0000 INFO Downloading: https://koji.eng.citrite.net/kojifiles/repos/xs-foundations-xs9-build/282678/x86_64/toplink/packages/glibc/2.41/1.xs9/x86_64/glibc-devel-2.41-1.xs9.x86_64.rpm
2025-10-09T10:28:35+0000 INFO Downloading: https://koji.eng.citrite.net/kojifiles/repos/xs-foundations-xs9-build/282678/x86_64/toplink/packages/glibc/2.41/1.xs9/x86_64/glibc-langpack-en-2.41-1.xs9.x86_64.rpm
2025-10-09T10:28:35+0000 INFO Downloading: https://koji.eng.citrite.net/kojifiles/repos/xs-foundations-xs9-build/282678/x86_64/toplink/packages/glibc/2.41/1.xs9/x86_64/glibc-minimal-langpack-2.41-1.xs9.x86_64.rpm
2025-10-09T10:28:35+0000 INFO Downloading: https://koji.eng.citrite.net/kojifiles/repos/xs-foundations-xs9-build/282678/x86_64/toplink/packages/gmp/6.2.1/3.xs9/x86_64/gmp-6.2.1-3.xs9.x86_64.rpm
2025-10-09T10:28:35+0000 INFO Downloading: https://koji.eng.citrite.net/kojifiles/repos/xs-foundations-xs9-build/282678/x86_64/toplink/packages/gnupg2/2.4.0/6.xs9/x86_64/gnupg2-2.4.0-6.xs9.x86_64.rpm
2025-10-09T10:28:35+0000 INFO Downloading: https://koji.eng.citrite.net/kojifiles/repos/xs-foundations-xs9-build/282678/x86_64/toplink/packages/gnutls/3.8.8/2.xs9/x86_64/gnutls-3.8.8-2.xs9.x86_64.rpm
2025-10-09T10:28:35+0000 INFO Downloading: https://koji.eng.citrite.net/kojifiles/repos/xs-foundations-xs9-build/282678/x86_64/toplink/packages/go-rpm-macros/3.7.0/3.xs9/noarch/go-srpm-macros-3.7.0-3.xs9.noarch.rpm
2025-10-09T10:28:35+0000 INFO Downloading: https://koji.eng.citrite.net/kojifiles/repos/xs-foundations-xs9-build/282678/x86_64/toplink/packages/grep/3.11/1.xs9/x86_64/grep-3.11-1.xs9.x86_64.rpm
2025-10-09T10:28:35+0000 INFO Downloading: https://koji.eng.citrite.net/kojifiles/repos/xs-foundations-xs9-build/282678/x86_64/toplink/packages/groff/1.23.0/1.xs9/x86_64/groff-base-1.23.0-1.xs9.x86_64.rpm
2025-10-09T10:28:35+0000 INFO Downloading: https://koji.eng.citrite.net/kojifiles/repos/xs-foundations-xs9-build/282678/x86_64/toplink/packages/gzip/1.14/1.xs9/x86_64/gzip-1.14-1.xs9.x86_64.rpm
2025-10-09T10:28:35+0000 INFO Downloading: https://koji.eng.citrite.net/kojifiles/repos/xs-foundations-xs9-build/282678/x86_64/toplink/packages/jansson/2.14.1/1.xs9/x86_64/jansson-2.14.1-1.xs9.x86_64.rpm
2025-10-09T10:28:35+0000 INFO Downloading: https://koji.eng.citrite.net/kojifiles/repos/xs-foundations-xs9-build/282678/x86_64/toplink/packages/kernel/6.6.98/5.xs9/x86_64/kernel-headers-6.6.98-5.xs9.x86_64.rpm
2025-10-09T10:28:35+0000 INFO Downloading: https://koji.eng.citrite.net/kojifiles/repos/xs-foundations-xs9-build/282678/x86_64/toplink/packages/keyutils/1.6.3/2.xs9/x86_64/keyutils-libs-1.6.3-2.xs9.x86_64.rpm
2025-10-09T10:28:35+0000 INFO Downloading: https://koji.eng.citrite.net/kojifiles/repos/xs-foundations-xs9-build/282678/x86_64/toplink/packages/krb5/1.21.3/3.xs9/x86_64/krb5-libs-1.21.3-3.xs9.x86_64.rpm
2025-10-09T10:28:35+0000 INFO Downloading: https://koji.eng.citrite.net/kojifiles/repos/xs-foundations-xs9-build/282678/x86_64/toplink/packages/less/633/2.xs9/x86_64/less-633-2.xs9.x86_64.rpm
2025-10-09T10:28:35+0000 INFO Downloading: https://koji.eng.citrite.net/kojifiles/repos/xs-foundations-xs9-build/282678/x86_64/toplink/packages/acl/2.3.2/1.xs9/x86_64/libacl-2.3.2-1.xs9.x86_64.rpm
2025-10-09T10:28:35+0000 INFO Downloading: https://koji.eng.citrite.net/kojifiles/repos/xs-foundations-xs9-build/282678/x86_64/toplink/packages/libarchive/3.6.1/2.xs9/x86_64/libarchive-3.6.1-2.xs9.x86_64.rpm
2025-10-09T10:28:35+0000 INFO Downloading: https://koji.eng.citrite.net/kojifiles/repos/xs-foundations-xs9-build/282678/x86_64/toplink/packages/libassuan/2.5.5/2.xs9/x86_64/libassuan-2.5.5-2.xs9.x86_64.rpm
2025-10-09T10:28:35+0000 INFO Downloading: https://koji.eng.citrite.net/kojifiles/repos/xs-foundations-xs9-build/282678/x86_64/toplink/packages/attr/2.5.1/2.xs9/x86_64/libattr-2.5.1-2.xs9.x86_64.rpm
2025-10-09T10:28:35+0000 INFO Downloading: https://koji.eng.citrite.net/kojifiles/repos/xs-foundations-xs9-build/282678/x86_64/toplink/packages/libb2/0.98.1/2.xs9/x86_64/libb2-0.98.1-2.xs9.x86_64.rpm
2025-10-09T10:28:35+0000 INFO Downloading: https://koji.eng.citrite.net/kojifiles/repos/xs-foundations-xs9-build/282678/x86_64/toplink/packages/util-linux/2.38.1/4.xs9/x86_64/libblkid-2.38.1-4.xs9.x86_64.rpm
2025-10-09T10:28:35+0000 INFO Downloading: https://koji.eng.citrite.net/kojifiles/repos/xs-foundations-xs9-build/282678/x86_64/toplink/packages/libcap/2.48/2.xs9/x86_64/libcap-2.48-2.xs9.x86_64.rpm
2025-10-09T10:28:35+0000 INFO Downloading: https://koji.eng.citrite.net/kojifiles/repos/xs-foundations-xs9-build/282678/x86_64/toplink/packages/libcap-ng/0.8.3/2.xs9/x86_64/libcap-ng-0.8.3-2.xs9.x86_64.rpm
2025-10-09T10:28:35+0000 INFO Downloading: https://koji.eng.citrite.net/kojifiles/repos/xs-foundations-xs9-build/282678/x86_64/toplink/packages/e2fsprogs/1.47.0/3.xs9/x86_64/libcom_err-1.47.0-3.xs9.x86_64.rpm
2025-10-09T10:28:35+0000 INFO Downloading: https://koji.eng.citrite.net/kojifiles/repos/xs-foundations-xs9-build/282678/x86_64/toplink/packages/curl/8.11.1/2.xs9/x86_64/libcurl-8.11.1-2.xs9.x86_64.rpm
2025-10-09T10:28:35+0000 INFO Downloading: https://koji.eng.citrite.net/kojifiles/repos/xs-foundations-xs9-build/282678/x86_64/toplink/packages/libedit/3.1/2.xs9/x86_64/libedit-3.1-2.xs9.x86_64.rpm
2025-10-09T10:28:35+0000 INFO Downloading: https://koji.eng.citrite.net/kojifiles/repos/xs-foundations-xs9-build/282678/x86_64/toplink/packages/libevent/2.1.12/2.xs9/x86_64/libevent-2.1.12-2.xs9.x86_64.rpm
2025-10-09T10:28:35+0000 INFO Downloading: https://koji.eng.citrite.net/kojifiles/repos/xs-foundations-xs9-build/282678/x86_64/toplink/packages/util-linux/2.38.1/4.xs9/x86_64/libfdisk-2.38.1-4.xs9.x86_64.rpm
2025-10-09T10:28:35+0000 INFO Downloading: https://koji.eng.citrite.net/kojifiles/repos/xs-foundations-xs9-build/282678/x86_64/toplink/packages/libffi/3.4.4/2.xs9/x86_64/libffi-3.4.4-2.xs9.x86_64.rpm
2025-10-09T10:28:35+0000 INFO Downloading: https://koji.eng.citrite.net/kojifiles/repos/xs-foundations-xs9-build/282678/x86_64/toplink/packages/gcc/12.4.0/2.xs9/x86_64/libgcc-12.4.0-2.xs9.x86_64.rpm
2025-10-09T10:28:35+0000 INFO Downloading: https://koji.eng.citrite.net/kojifiles/repos/xs-foundations-xs9-build/282678/x86_64/toplink/packages/libgcrypt/1.11.0/1.xs9/x86_64/libgcrypt-1.11.0-1.xs9.x86_64.rpm
2025-10-09T10:28:35+0000 INFO Downloading: https://koji.eng.citrite.net/kojifiles/repos/xs-foundations-xs9-build/282678/x86_64/toplink/packages/gcc/12.4.0/2.xs9/x86_64/libgomp-12.4.0-2.xs9.x86_64.rpm
2025-10-09T10:28:35+0000 INFO Downloading: https://koji.eng.citrite.net/kojifiles/repos/xs-foundations-xs9-build/282678/x86_64/toplink/packages/libgpg-error/1.51/3.xs9/x86_64/libgpg-error-1.51-3.xs9.x86_64.rpm
2025-10-09T10:28:35+0000 INFO Downloading: https://koji.eng.citrite.net/kojifiles/repos/xs-foundations-xs9-build/282678/x86_64/toplink/packages/libidn2/2.3.4/4.xs9/x86_64/libidn2-2.3.4-4.xs9.x86_64.rpm
2025-10-09T10:28:35+0000 INFO Downloading: https://koji.eng.citrite.net/kojifiles/repos/xs-foundations-xs9-build/282678/x86_64/toplink/packages/libksba/1.6.3/2.xs9/x86_64/libksba-1.6.3-2.xs9.x86_64.rpm
2025-10-09T10:28:35+0000 INFO Downloading: https://koji.eng.citrite.net/kojifiles/repos/xs-foundations-xs9-build/282678/x86_64/toplink/packages/util-linux/2.38.1/4.xs9/x86_64/libmount-2.38.1-4.xs9.x86_64.rpm
2025-10-09T10:28:35+0000 INFO Downloading: https://koji.eng.citrite.net/kojifiles/repos/xs-foundations-xs9-build/282678/x86_64/toplink/packages/libmpc/1.3.1/2.xs9/x86_64/libmpc-1.3.1-2.xs9.x86_64.rpm
2025-10-09T10:28:35+0000 INFO Downloading: https://koji.eng.citrite.net/kojifiles/repos/xs-foundations-xs9-build/282678/x86_64/toplink/packages/nghttp2/1.64.0/2.xs9/x86_64/libnghttp2-1.64.0-2.xs9.x86_64.rpm
2025-10-09T10:28:35+0000 INFO Downloading: https://koji.eng.citrite.net/kojifiles/repos/xs-foundations-xs9-build/282678/x86_64/toplink/packages/pkgconf/1.8.0/2.xs9/x86_64/libpkgconf-1.8.0-2.xs9.x86_64.rpm
2025-10-09T10:28:35+0000 INFO Downloading: https://koji.eng.citrite.net/kojifiles/repos/xs-foundations-xs9-build/282678/x86_64/toplink/packages/libpwquality/1.4.5/2.xs9/x86_64/libpwquality-1.4.5-2.xs9.x86_64.rpm
2025-10-09T10:28:35+0000 INFO Downloading: https://koji.eng.citrite.net/kojifiles/repos/xs-foundations-xs9-build/282678/x86_64/toplink/packages/libseccomp/2.5.3/2.xs9/x86_64/libseccomp-2.5.3-2.xs9.x86_64.rpm
2025-10-09T10:28:35+0000 INFO Downloading: https://koji.eng.citrite.net/kojifiles/repos/xs-foundations-xs9-build/282678/x86_64/toplink/packages/libsigsegv/2.14/2.xs9/x86_64/libsigsegv-2.14-2.xs9.x86_64.rpm
2025-10-09T10:28:35+0000 INFO Downloading: https://koji.eng.citrite.net/kojifiles/repos/xs-foundations-xs9-build/282678/x86_64/toplink/packages/util-linux/2.38.1/4.xs9/x86_64/libsmartcols-2.38.1-4.xs9.x86_64.rpm
2025-10-09T10:28:35+0000 INFO Downloading: https://koji.eng.citrite.net/kojifiles/repos/xs-foundations-xs9-build/282678/x86_64/toplink/packages/gcc/12.4.0/2.xs9/x86_64/libstdc%2b%2b-12.4.0-2.xs9.x86_64.rpm
2025-10-09T10:28:35+0000 INFO Downloading: https://koji.eng.citrite.net/kojifiles/repos/xs-foundations-xs9-build/282678/x86_64/toplink/packages/gcc/12.4.0/2.xs9/x86_64/libstdc%2b%2b-devel-12.4.0-2.xs9.x86_64.rpm
2025-10-09T10:28:35+0000 INFO Downloading: https://koji.eng.citrite.net/kojifiles/repos/xs-foundations-xs9-build/282678/x86_64/toplink/packages/libtasn1/4.19.0/2.xs9/x86_64/libtasn1-4.19.0-2.xs9.x86_64.rpm
2025-10-09T10:28:35+0000 INFO Downloading: https://koji.eng.citrite.net/kojifiles/repos/xs-foundations-xs9-build/282678/x86_64/toplink/packages/libunistring/1.0/2.xs9/x86_64/libunistring-1.0-2.xs9.x86_64.rpm
2025-10-09T10:28:35+0000 INFO Downloading: https://koji.eng.citrite.net/kojifiles/repos/xs-foundations-xs9-build/282678/x86_64/toplink/packages/libutempter/1.2.1/2.xs9/x86_64/libutempter-1.2.1-2.xs9.x86_64.rpm
2025-10-09T10:28:35+0000 INFO Downloading: https://koji.eng.citrite.net/kojifiles/repos/xs-foundations-xs9-build/282678/x86_64/toplink/packages/util-linux/2.38.1/4.xs9/x86_64/libuuid-2.38.1-4.xs9.x86_64.rpm
2025-10-09T10:28:35+0000 INFO Downloading: https://koji.eng.citrite.net/kojifiles/repos/xs-foundations-xs9-build/282678/x86_64/toplink/packages/libverto/0.3.2/2.xs9/x86_64/libverto-0.3.2-2.xs9.x86_64.rpm
2025-10-09T10:28:35+0000 INFO Downloading: https://koji.eng.citrite.net/kojifiles/repos/xs-foundations-xs9-build/282678/x86_64/toplink/packages/libxcrypt/4.4.36/3.xs9/x86_64/libxcrypt-4.4.36-3.xs9.x86_64.rpm
2025-10-09T10:28:35+0000 INFO Downloading: https://koji.eng.citrite.net/kojifiles/repos/xs-foundations-xs9-build/282678/x86_64/toplink/packages/libxcrypt/4.4.36/3.xs9/x86_64/libxcrypt-devel-4.4.36-3.xs9.x86_64.rpm
2025-10-09T10:28:35+0000 INFO Downloading: https://koji.eng.citrite.net/kojifiles/repos/xs-foundations-xs9-build/282678/x86_64/toplink/packages/libxml2/2.10.4/2.xs9/x86_64/libxml2-2.10.4-2.xs9.x86_64.rpm
2025-10-09T10:28:35+0000 INFO Downloading: https://koji.eng.citrite.net/kojifiles/repos/xs-foundations-xs9-build/282678/x86_64/toplink/packages/zstd/1.5.5/2.xs9/x86_64/libzstd-1.5.5-2.xs9.x86_64.rpm
2025-10-09T10:28:35+0000 INFO Downloading: https://koji.eng.citrite.net/kojifiles/repos/xs-foundations-xs9-build/282678/x86_64/toplink/packages/lua/5.4.4/3.xs9/x86_64/lua-libs-5.4.4-3.xs9.x86_64.rpm
2025-10-09T10:28:35+0000 INFO Downloading: https://koji.eng.citrite.net/kojifiles/repos/xs-foundations-xs9-build/282678/x86_64/toplink/packages/lz4/1.10.0/1.xs9/x86_64/lz4-libs-1.10.0-1.xs9.x86_64.rpm
2025-10-09T10:28:35+0000 INFO Downloading: https://koji.eng.citrite.net/kojifiles/repos/xs-foundations-xs9-build/282678/x86_64/toplink/packages/make/4.4/2.xs9/x86_64/make-4.4-2.xs9.x86_64.rpm
2025-10-09T10:28:35+0000 INFO Downloading: https://koji.eng.citrite.net/kojifiles/repos/xs-foundations-xs9-build/282678/x86_64/toplink/packages/mpdecimal/2.5.1/2.xs9/x86_64/mpdecimal-2.5.1-2.xs9.x86_64.rpm
2025-10-09T10:28:35+0000 INFO Downloading: https://koji.eng.citrite.net/kojifiles/repos/xs-foundations-xs9-build/282678/x86_64/toplink/packages/mpfr/4.1.1/3.xs9/x86_64/mpfr-4.1.1-3.xs9.x86_64.rpm
2025-10-09T10:28:35+0000 INFO Downloading: https://koji.eng.citrite.net/kojifiles/repos/xs-foundations-xs9-build/282678/x86_64/toplink/packages/ncurses/6.4/7.xs9/x86_64/ncurses-6.4-7.xs9.x86_64.rpm
2025-10-09T10:28:35+0000 INFO Downloading: https://koji.eng.citrite.net/kojifiles/repos/xs-foundations-xs9-build/282678/x86_64/toplink/packages/ncurses/6.4/7.xs9/noarch/ncurses-base-6.4-7.xs9.noarch.rpm
2025-10-09T10:28:35+0000 INFO Downloading: https://koji.eng.citrite.net/kojifiles/repos/xs-foundations-xs9-build/282678/x86_64/toplink/packages/ncurses/6.4/7.xs9/x86_64/ncurses-libs-6.4-7.xs9.x86_64.rpm
2025-10-09T10:28:35+0000 INFO Downloading: https://koji.eng.citrite.net/kojifiles/repos/xs-foundations-xs9-build/282678/x86_64/toplink/packages/nettle/3.10/1.xs9/x86_64/nettle-3.10-1.xs9.x86_64.rpm
2025-10-09T10:28:35+0000 INFO Downloading: https://koji.eng.citrite.net/kojifiles/repos/xs-foundations-xs9-build/282678/x86_64/toplink/packages/npth/1.6/2.xs9/x86_64/npth-1.6-2.xs9.x86_64.rpm
2025-10-09T10:28:35+0000 INFO Downloading: https://koji.eng.citrite.net/kojifiles/repos/xs-foundations-xs9-build/282678/x86_64/toplink/packages/openldap/2.6.4/5.xs9/x86_64/openldap-2.6.4-5.xs9.x86_64.rpm
2025-10-09T10:28:35+0000 INFO Downloading: https://koji.eng.citrite.net/kojifiles/repos/xs-foundations-xs9-build/282678/x86_64/toplink/packages/openssh/9.9p1/1.xs9/x86_64/openssh-9.9p1-1.xs9.x86_64.rpm
2025-10-09T10:28:35+0000 INFO Downloading: https://koji.eng.citrite.net/kojifiles/repos/xs-foundations-xs9-build/282678/x86_64/toplink/packages/openssh/9.9p1/1.xs9/x86_64/openssh-clients-9.9p1-1.xs9.x86_64.rpm
2025-10-09T10:28:35+0000 INFO Downloading: https://koji.eng.citrite.net/kojifiles/repos/xs-foundations-xs9-build/282678/x86_64/toplink/packages/openssl/3.0.9/6.xs9/x86_64/openssl-libs-3.0.9-6.xs9.x86_64.rpm
2025-10-09T10:28:35+0000 INFO Downloading: https://koji.eng.citrite.net/kojifiles/repos/xs-foundations-xs9-build/282678/x86_64/toplink/packages/p11-kit/0.24.1/3.xs9/x86_64/p11-kit-0.24.1-3.xs9.x86_64.rpm
2025-10-09T10:28:35+0000 INFO Downloading: https://koji.eng.citrite.net/kojifiles/repos/xs-foundations-xs9-build/282678/x86_64/toplink/packages/p11-kit/0.24.1/3.xs9/x86_64/p11-kit-trust-0.24.1-3.xs9.x86_64.rpm
2025-10-09T10:28:35+0000 INFO Downloading: https://koji.eng.citrite.net/kojifiles/repos/xs-foundations-xs9-build/282678/x86_64/toplink/packages/pam/1.7.0/2.xs9/x86_64/pam-1.7.0-2.xs9.x86_64.rpm
2025-10-09T10:28:35+0000 INFO Downloading: https://koji.eng.citrite.net/kojifiles/repos/xs-foundations-xs9-build/282678/x86_64/toplink/packages/pam/1.7.0/2.xs9/x86_64/pam-libs-1.7.0-2.xs9.x86_64.rpm
2025-10-09T10:28:35+0000 INFO Downloading: https://koji.eng.citrite.net/kojifiles/repos/xs-foundations-xs9-build/282678/x86_64/toplink/packages/patch/2.7.6/3.xs9/x86_64/patch-2.7.6-3.xs9.x86_64.rpm
2025-10-09T10:28:35+0000 INFO Downloading: https://koji.eng.citrite.net/kojifiles/repos/xs-foundations-xs9-build/282678/x86_64/toplink/packages/pcre2/10.40/2.xs9/x86_64/pcre2-10.40-2.xs9.x86_64.rpm
2025-10-09T10:28:35+0000 INFO Downloading: https://koji.eng.citrite.net/kojifiles/repos/xs-foundations-xs9-build/282678/x86_64/toplink/packages/pcre2/10.40/2.xs9/noarch/pcre2-syntax-10.40-2.xs9.noarch.rpm
2025-10-09T10:28:35+0000 INFO Downloading: https://koji.eng.citrite.net/kojifiles/repos/xs-foundations-xs9-build/282678/x86_64/toplink/packages/perl/5.36.1/4.xs9/x86_64/perl-5.36.1-4.xs9.x86_64.rpm
2025-10-09T10:28:35+0000 INFO Downloading: https://koji.eng.citrite.net/kojifiles/repos/xs-foundations-xs9-build/282678/x86_64/toplink/packages/perl/5.36.1/4.xs9/noarch/perl-Archive-Tar-5.36.1-4.xs9.noarch.rpm
2025-10-09T10:28:35+0000 INFO Downloading: https://koji.eng.citrite.net/kojifiles/repos/xs-foundations-xs9-build/282678/x86_64/toplink/packages/perl/5.36.1/4.xs9/noarch/perl-Attribute-Handlers-5.36.1-4.xs9.noarch.rpm
2025-10-09T10:28:35+0000 INFO Downloading: https://koji.eng.citrite.net/kojifiles/repos/xs-foundations-xs9-build/282678/x86_64/toplink/packages/perl/5.36.1/4.xs9/noarch/perl-AutoLoader-5.36.1-4.xs9.noarch.rpm
2025-10-09T10:28:35+0000 INFO Downloading: https://koji.eng.citrite.net/kojifiles/repos/xs-foundations-xs9-build/282678/x86_64/toplink/packages/perl/5.36.1/4.xs9/noarch/perl-AutoSplit-5.36.1-4.xs9.noarch.rpm
2025-10-09T10:28:35+0000 INFO Downloading: https://koji.eng.citrite.net/kojifiles/repos/xs-foundations-xs9-build/282678/x86_64/toplink/packages/perl/5.36.1/4.xs9/x86_64/perl-B-5.36.1-4.xs9.x86_64.rpm
2025-10-09T10:28:35+0000 INFO Downloading: https://koji.eng.citrite.net/kojifiles/repos/xs-foundations-xs9-build/282678/x86_64/toplink/packages/perl/5.36.1/4.xs9/noarch/perl-Benchmark-5.36.1-4.xs9.noarch.rpm
2025-10-09T10:28:35+0000 INFO Downloading: https://koji.eng.citrite.net/kojifiles/repos/xs-foundations-xs9-build/282678/x86_64/toplink/packages/perl/5.36.1/4.xs9/noarch/perl-CPAN-5.36.1-4.xs9.noarch.rpm
2025-10-09T10:28:35+0000 INFO Downloading: https://koji.eng.citrite.net/kojifiles/repos/xs-foundations-xs9-build/282678/x86_64/toplink/packages/perl/5.36.1/4.xs9/noarch/perl-CPAN-Meta-5.36.1-4.xs9.noarch.rpm
2025-10-09T10:28:35+0000 INFO Downloading: https://koji.eng.citrite.net/kojifiles/repos/xs-foundations-xs9-build/282678/x86_64/toplink/packages/perl/5.36.1/4.xs9/noarch/perl-CPAN-Meta-Requirements-5.36.1-4.xs9.noarch.rpm
2025-10-09T10:28:35+0000 INFO Downloading: https://koji.eng.citrite.net/kojifiles/repos/xs-foundations-xs9-build/282678/x86_64/toplink/packages/perl/5.36.1/4.xs9/noarch/perl-CPAN-Meta-YAML-5.36.1-4.xs9.noarch.rpm
2025-10-09T10:28:35+0000 INFO Downloading: https://koji.eng.citrite.net/kojifiles/repos/xs-foundations-xs9-build/282678/x86_64/toplink/packages/perl/5.36.1/4.xs9/noarch/perl-Carp-5.36.1-4.xs9.noarch.rpm
2025-10-09T10:28:35+0000 INFO Downloading: https://koji.eng.citrite.net/kojifiles/repos/xs-foundations-xs9-build/282678/x86_64/toplink/packages/perl/5.36.1/4.xs9/noarch/perl-Class-Struct-5.36.1-4.xs9.noarch.rpm
2025-10-09T10:28:35+0000 INFO Downloading: https://koji.eng.citrite.net/kojifiles/repos/xs-foundations-xs9-build/282678/x86_64/toplink/packages/perl/5.36.1/4.xs9/x86_64/perl-Compress-Raw-Bzip2-5.36.1-4.xs9.x86_64.rpm
2025-10-09T10:28:35+0000 INFO Downloading: https://koji.eng.citrite.net/kojifiles/repos/xs-foundations-xs9-build/282678/x86_64/toplink/packages/perl/5.36.1/4.xs9/x86_64/perl-Compress-Raw-Zlib-5.36.1-4.xs9.x86_64.rpm
2025-10-09T10:28:35+0000 INFO Downloading: https://koji.eng.citrite.net/kojifiles/repos/xs-foundations-xs9-build/282678/x86_64/toplink/packages/perl/5.36.1/4.xs9/noarch/perl-Config-Extensions-5.36.1-4.xs9.noarch.rpm
2025-10-09T10:28:35+0000 INFO Downloading: https://koji.eng.citrite.net/kojifiles/repos/xs-foundations-xs9-build/282678/x86_64/toplink/packages/perl-Config-INI/0.027/2.xs9/noarch/perl-Config-INI-0.027-2.xs9.noarch.rpm
2025-10-09T10:28:35+0000 INFO Downloading: https://koji.eng.citrite.net/kojifiles/repos/xs-foundations-xs9-build/282678/x86_64/toplink/packages/perl/5.36.1/4.xs9/noarch/perl-Config-Perl-V-5.36.1-4.xs9.noarch.rpm
2025-10-09T10:28:35+0000 INFO Downloading: https://koji.eng.citrite.net/kojifiles/repos/xs-foundations-xs9-build/282678/x86_64/toplink/packages/perl-Crypt-JWT/0.035/3.xs9/noarch/perl-Crypt-JWT-0.035-3.xs9.noarch.rpm
2025-10-09T10:28:35+0000 INFO Downloading: https://koji.eng.citrite.net/kojifiles/repos/xs-foundations-xs9-build/282678/x86_64/toplink/packages/perl-CryptX/0.078/6.xs9/x86_64/perl-CryptX-0.078-6.xs9.x86_64.rpm
2025-10-09T10:28:35+0000 INFO Downloading: https://koji.eng.citrite.net/kojifiles/repos/xs-foundations-xs9-build/282678/x86_64/toplink/packages/perl/5.36.1/4.xs9/noarch/perl-DBM_Filter-5.36.1-4.xs9.noarch.rpm
2025-10-09T10:28:35+0000 INFO Downloading: https://koji.eng.citrite.net/kojifiles/repos/xs-foundations-xs9-build/282678/x86_64/toplink/packages/perl-Data-Dump/1.25/2.xs9/noarch/perl-Data-Dump-1.25-2.xs9.noarch.rpm
2025-10-09T10:28:35+0000 INFO Downloading: https://koji.eng.citrite.net/kojifiles/repos/xs-foundations-xs9-build/282678/x86_64/toplink/packages/perl/5.36.1/4.xs9/x86_64/perl-Data-Dumper-5.36.1-4.xs9.x86_64.rpm
2025-10-09T10:28:35+0000 INFO Downloading: https://koji.eng.citrite.net/kojifiles/repos/xs-foundations-xs9-build/282678/x86_64/toplink/packages/perl-Data-OptList/0.112/2.xs9/noarch/perl-Data-OptList-0.112-2.xs9.noarch.rpm
2025-10-09T10:28:35+0000 INFO Downloading: https://koji.eng.citrite.net/kojifiles/repos/xs-foundations-xs9-build/282678/x86_64/toplink/packages/perl/5.36.1/4.xs9/x86_64/perl-Devel-PPPort-5.36.1-4.xs9.x86_64.rpm
2025-10-09T10:28:35+0000 INFO Downloading: https://koji.eng.citrite.net/kojifiles/repos/xs-foundations-xs9-build/282678/x86_64/toplink/packages/perl/5.36.1/4.xs9/x86_64/perl-Devel-Peek-5.36.1-4.xs9.x86_64.rpm
2025-10-09T10:28:35+0000 INFO Downloading: https://koji.eng.citrite.net/kojifiles/repos/xs-foundations-xs9-build/282678/x86_64/toplink/packages/perl/5.36.1/4.xs9/noarch/perl-Devel-SelfStubber-5.36.1-4.xs9.noarch.rpm
2025-10-09T10:28:35+0000 INFO Downloading: https://koji.eng.citrite.net/kojifiles/repos/xs-foundations-xs9-build/282678/x86_64/toplink/packages/perl/5.36.1/4.xs9/noarch/perl-Digest-5.36.1-4.xs9.noarch.rpm
2025-10-09T10:28:35+0000 INFO Downloading: https://koji.eng.citrite.net/kojifiles/repos/xs-foundations-xs9-build/282678/x86_64/toplink/packages/perl-Digest-HMAC/1.04/2.xs9/noarch/perl-Digest-HMAC-1.04-2.xs9.noarch.rpm
2025-10-09T10:28:35+0000 INFO Downloading: https://koji.eng.citrite.net/kojifiles/repos/xs-foundations-xs9-build/282678/x86_64/toplink/packages/perl/5.36.1/4.xs9/x86_64/perl-Digest-MD5-5.36.1-4.xs9.x86_64.rpm
2025-10-09T10:28:35+0000 INFO Downloading: https://koji.eng.citrite.net/kojifiles/repos/xs-foundations-xs9-build/282678/x86_64/toplink/packages/perl/5.36.1/4.xs9/x86_64/perl-Digest-SHA-5.36.1-4.xs9.x86_64.rpm
2025-10-09T10:28:35+0000 INFO Downloading: https://koji.eng.citrite.net/kojifiles/repos/xs-foundations-xs9-build/282678/x86_64/toplink/packages/perl/5.36.1/4.xs9/noarch/perl-DirHandle-5.36.1-4.xs9.noarch.rpm
2025-10-09T10:28:35+0000 INFO Downloading: https://koji.eng.citrite.net/kojifiles/repos/xs-foundations-xs9-build/282678/x86_64/toplink/packages/perl/5.36.1/4.xs9/noarch/perl-Dumpvalue-5.36.1-4.xs9.noarch.rpm
2025-10-09T10:28:35+0000 INFO Downloading: https://koji.eng.citrite.net/kojifiles/repos/xs-foundations-xs9-build/282678/x86_64/toplink/packages/perl/5.36.1/4.xs9/x86_64/perl-DynaLoader-5.36.1-4.xs9.x86_64.rpm
2025-10-09T10:28:35+0000 INFO Downloading: https://koji.eng.citrite.net/kojifiles/repos/xs-foundations-xs9-build/282678/x86_64/toplink/packages/perl/5.36.1/4.xs9/x86_64/perl-Encode-5.36.1-4.xs9.x86_64.rpm
2025-10-09T10:28:35+0000 INFO Downloading: https://koji.eng.citrite.net/kojifiles/repos/xs-foundations-xs9-build/282678/x86_64/toplink/packages/perl-Encode-Locale/1.05/2.xs9/noarch/perl-Encode-Locale-1.05-2.xs9.noarch.rpm
2025-10-09T10:28:35+0000 INFO Downloading: https://koji.eng.citrite.net/kojifiles/repos/xs-foundations-xs9-build/282678/x86_64/toplink/packages/perl/5.36.1/4.xs9/noarch/perl-Encode-devel-5.36.1-4.xs9.noarch.rpm
2025-10-09T10:28:35+0000 INFO Downloading: https://koji.eng.citrite.net/kojifiles/repos/xs-foundations-xs9-build/282678/x86_64/toplink/packages/perl/5.36.1/4.xs9/noarch/perl-English-5.36.1-4.xs9.noarch.rpm
2025-10-09T10:28:35+0000 INFO Downloading: https://koji.eng.citrite.net/kojifiles/repos/xs-foundations-xs9-build/282678/x86_64/toplink/packages/perl/5.36.1/4.xs9/noarch/perl-Env-5.36.1-4.xs9.noarch.rpm
2025-10-09T10:28:35+0000 INFO Downloading: https://koji.eng.citrite.net/kojifiles/repos/xs-foundations-xs9-build/282678/x86_64/toplink/packages/perl/5.36.1/4.xs9/x86_64/perl-Errno-5.36.1-4.xs9.x86_64.rpm
2025-10-09T10:28:35+0000 INFO Downloading: https://koji.eng.citrite.net/kojifiles/repos/xs-foundations-xs9-build/282678/x86_64/toplink/packages/perl-Error/0.17029/2.xs9/noarch/perl-Error-0.17029-2.xs9.noarch.rpm
2025-10-09T10:28:35+0000 INFO Downloading: https://koji.eng.citrite.net/kojifiles/repos/xs-foundations-xs9-build/282678/x86_64/toplink/packages/perl/5.36.1/4.xs9/noarch/perl-Exporter-5.36.1-4.xs9.noarch.rpm
2025-10-09T10:28:35+0000 INFO Downloading: https://koji.eng.citrite.net/kojifiles/repos/xs-foundations-xs9-build/282678/x86_64/toplink/packages/perl/5.36.1/4.xs9/noarch/perl-ExtUtils-CBuilder-5.36.1-4.xs9.noarch.rpm
2025-10-09T10:28:35+0000 INFO Downloading: https://koji.eng.citrite.net/kojifiles/repos/xs-foundations-xs9-build/282678/x86_64/toplink/packages/perl-ExtUtils-MakeMaker/7.66/2.xs9/noarch/perl-ExtUtils-Command-7.66-2.xs9.noarch.rpm
2025-10-09T10:28:35+0000 INFO Downloading: https://koji.eng.citrite.net/kojifiles/repos/xs-foundations-xs9-build/282678/x86_64/toplink/packages/perl/5.36.1/4.xs9/noarch/perl-ExtUtils-Constant-5.36.1-4.xs9.noarch.rpm
2025-10-09T10:28:35+0000 INFO Downloading: https://koji.eng.citrite.net/kojifiles/repos/xs-foundations-xs9-build/282678/x86_64/toplink/packages/perl/5.36.1/4.xs9/noarch/perl-ExtUtils-Embed-5.36.1-4.xs9.noarch.rpm
2025-10-09T10:28:35+0000 INFO Downloading: https://koji.eng.citrite.net/kojifiles/repos/xs-foundations-xs9-build/282678/x86_64/toplink/packages/perl/5.36.1/4.xs9/noarch/perl-ExtUtils-Install-5.36.1-4.xs9.noarch.rpm
2025-10-09T10:28:35+0000 INFO Downloading: https://koji.eng.citrite.net/kojifiles/repos/xs-foundations-xs9-build/282678/x86_64/toplink/packages/perl-ExtUtils-MakeMaker/7.66/2.xs9/noarch/perl-ExtUtils-MM-Utils-7.66-2.xs9.noarch.rpm
2025-10-09T10:28:35+0000 INFO Downloading: https://koji.eng.citrite.net/kojifiles/repos/xs-foundations-xs9-build/282678/x86_64/toplink/packages/perl-ExtUtils-MakeMaker/7.66/2.xs9/noarch/perl-ExtUtils-MakeMaker-7.66-2.xs9.noarch.rpm
2025-10-09T10:28:35+0000 INFO Downloading: https://koji.eng.citrite.net/kojifiles/repos/xs-foundations-xs9-build/282678/x86_64/toplink/packages/perl/5.36.1/4.xs9/noarch/perl-ExtUtils-Manifest-5.36.1-4.xs9.noarch.rpm
2025-10-09T10:28:35+0000 INFO Downloading: https://koji.eng.citrite.net/kojifiles/repos/xs-foundations-xs9-build/282678/x86_64/toplink/packages/perl/5.36.1/4.xs9/noarch/perl-ExtUtils-Miniperl-5.36.1-4.xs9.noarch.rpm
2025-10-09T10:28:35+0000 INFO Downloading: https://koji.eng.citrite.net/kojifiles/repos/xs-foundations-xs9-build/282678/x86_64/toplink/packages/perl/5.36.1/4.xs9/noarch/perl-ExtUtils-ParseXS-5.36.1-4.xs9.noarch.rpm
2025-10-09T10:28:35+0000 INFO Downloading: https://koji.eng.citrite.net/kojifiles/repos/xs-foundations-xs9-build/282678/x86_64/toplink/packages/perl/5.36.1/4.xs9/x86_64/perl-Fcntl-5.36.1-4.xs9.x86_64.rpm
2025-10-09T10:28:35+0000 INFO Downloading: https://koji.eng.citrite.net/kojifiles/repos/xs-foundations-xs9-build/282678/x86_64/toplink/packages/perl/5.36.1/4.xs9/noarch/perl-File-Basename-5.36.1-4.xs9.noarch.rpm
2025-10-09T10:28:35+0000 INFO Downloading: https://koji.eng.citrite.net/kojifiles/repos/xs-foundations-xs9-build/282678/x86_64/toplink/packages/perl/5.36.1/4.xs9/noarch/perl-File-Compare-5.36.1-4.xs9.noarch.rpm
2025-10-09T10:28:35+0000 INFO Downloading: https://koji.eng.citrite.net/kojifiles/repos/xs-foundations-xs9-build/282678/x86_64/toplink/packages/perl/5.36.1/4.xs9/noarch/perl-File-Copy-5.36.1-4.xs9.noarch.rpm
2025-10-09T10:28:35+0000 INFO Downloading: https://koji.eng.citrite.net/kojifiles/repos/xs-foundations-xs9-build/282678/x86_64/toplink/packages/perl-File-Copy-Recursive/0.45/2.xs9/noarch/perl-File-Copy-Recursive-0.45-2.xs9.noarch.rpm
2025-10-09T10:28:35+0000 INFO Downloading: https://koji.eng.citrite.net/kojifiles/repos/xs-foundations-xs9-build/282678/x86_64/toplink/packages/perl/5.36.1/4.xs9/x86_64/perl-File-DosGlob-5.36.1-4.xs9.x86_64.rpm
2025-10-09T10:28:35+0000 INFO Downloading: https://koji.eng.citrite.net/kojifiles/repos/xs-foundations-xs9-build/282678/x86_64/toplink/packages/perl/5.36.1/4.xs9/noarch/perl-File-Fetch-5.36.1-4.xs9.noarch.rpm
2025-10-09T10:28:35+0000 INFO Downloading: https://koji.eng.citrite.net/kojifiles/repos/xs-foundations-xs9-build/282678/x86_64/toplink/packages/perl/5.36.1/4.xs9/noarch/perl-File-Find-5.36.1-4.xs9.noarch.rpm
2025-10-09T10:28:35+0000 INFO Downloading: https://koji.eng.citrite.net/kojifiles/repos/xs-foundations-xs9-build/282678/x86_64/toplink/packages/perl-File-Listing/6.15/2.xs9/noarch/perl-File-Listing-6.15-2.xs9.noarch.rpm
2025-10-09T10:28:35+0000 INFO Downloading: https://koji.eng.citrite.net/kojifiles/repos/xs-foundations-xs9-build/282678/x86_64/toplink/packages/perl/5.36.1/4.xs9/noarch/perl-File-Path-5.36.1-4.xs9.noarch.rpm
2025-10-09T10:28:35+0000 INFO Downloading: https://koji.eng.citrite.net/kojifiles/repos/xs-foundations-xs9-build/282678/x86_64/toplink/packages/perl-File-Slurp-Tiny/0.004/2.xs9/noarch/perl-File-Slurp-Tiny-0.004-2.xs9.noarch.rpm
2025-10-09T10:28:35+0000 INFO Downloading: https://koji.eng.citrite.net/kojifiles/repos/xs-foundations-xs9-build/282678/x86_64/toplink/packages/perl/5.36.1/4.xs9/noarch/perl-File-Temp-5.36.1-4.xs9.noarch.rpm
2025-10-09T10:28:35+0000 INFO Downloading: https://koji.eng.citrite.net/kojifiles/repos/xs-foundations-xs9-build/282678/x86_64/toplink/packages/perl/5.36.1/4.xs9/noarch/perl-File-stat-5.36.1-4.xs9.noarch.rpm
2025-10-09T10:28:35+0000 INFO Downloading: https://koji.eng.citrite.net/kojifiles/repos/xs-foundations-xs9-build/282678/x86_64/toplink/packages/perl/5.36.1/4.xs9/noarch/perl-FileCache-5.36.1-4.xs9.noarch.rpm
2025-10-09T10:28:35+0000 INFO Downloading: https://koji.eng.citrite.net/kojifiles/repos/xs-foundations-xs9-build/282678/x86_64/toplink/packages/perl/5.36.1/4.xs9/noarch/perl-FileHandle-5.36.1-4.xs9.noarch.rpm
2025-10-09T10:28:35+0000 INFO Downloading: https://koji.eng.citrite.net/kojifiles/repos/xs-foundations-xs9-build/282678/x86_64/toplink/packages/perl/5.36.1/4.xs9/x86_64/perl-Filter-5.36.1-4.xs9.x86_64.rpm
2025-10-09T10:28:35+0000 INFO Downloading: https://koji.eng.citrite.net/kojifiles/repos/xs-foundations-xs9-build/282678/x86_64/toplink/packages/perl/5.36.1/4.xs9/noarch/perl-Filter-Simple-5.36.1-4.xs9.noarch.rpm
2025-10-09T10:28:35+0000 INFO Downloading: https://koji.eng.citrite.net/kojifiles/repos/xs-foundations-xs9-build/282678/x86_64/toplink/packages/perl/5.36.1/4.xs9/noarch/perl-FindBin-5.36.1-4.xs9.noarch.rpm
2025-10-09T10:28:35+0000 INFO Downloading: https://koji.eng.citrite.net/kojifiles/repos/xs-foundations-xs9-build/282678/x86_64/toplink/packages/perl/5.36.1/4.xs9/x86_64/perl-GDBM_File-5.36.1-4.xs9.x86_64.rpm
2025-10-09T10:28:35+0000 INFO Downloading: https://koji.eng.citrite.net/kojifiles/repos/xs-foundations-xs9-build/282678/x86_64/toplink/packages/perl/5.36.1/4.xs9/noarch/perl-Getopt-Long-5.36.1-4.xs9.noarch.rpm
2025-10-09T10:28:35+0000 INFO Downloading: https://koji.eng.citrite.net/kojifiles/repos/xs-foundations-xs9-build/282678/x86_64/toplink/packages/perl/5.36.1/4.xs9/noarch/perl-Getopt-Std-5.36.1-4.xs9.noarch.rpm
2025-10-09T10:28:35+0000 INFO Downloading: https://koji.eng.citrite.net/kojifiles/repos/xs-foundations-xs9-build/282678/x86_64/toplink/packages/git/2.41.0/4.xs9/noarch/perl-Git-2.41.0-4.xs9.noarch.rpm
2025-10-09T10:28:35+0000 INFO Downloading: https://koji.eng.citrite.net/kojifiles/repos/xs-foundations-xs9-build/282678/x86_64/toplink/packages/perl-HTML-Parser/3.81/2.xs9/x86_64/perl-HTML-Parser-3.81-2.xs9.x86_64.rpm
2025-10-09T10:28:35+0000 INFO Downloading: https://koji.eng.citrite.net/kojifiles/repos/xs-foundations-xs9-build/282678/x86_64/toplink/packages/perl-HTML-Tagset/3.20/2.xs9/noarch/perl-HTML-Tagset-3.20-2.xs9.noarch.rpm
2025-10-09T10:28:35+0000 INFO Downloading: https://koji.eng.citrite.net/kojifiles/repos/xs-foundations-xs9-build/282678/x86_64/toplink/packages/perl-HTTP-Cookies/6.10/2.xs9/noarch/perl-HTTP-Cookies-6.10-2.xs9.noarch.rpm
2025-10-09T10:28:35+0000 INFO Downloading: https://koji.eng.citrite.net/kojifiles/repos/xs-foundations-xs9-build/282678/x86_64/toplink/packages/perl-HTTP-Date/6.05/2.xs9/noarch/perl-HTTP-Date-6.05-2.xs9.noarch.rpm
2025-10-09T10:28:35+0000 INFO Downloading: https://koji.eng.citrite.net/kojifiles/repos/xs-foundations-xs9-build/282678/x86_64/toplink/packages/perl-HTTP-Message/6.37/2.xs9/noarch/perl-HTTP-Message-6.37-2.xs9.noarch.rpm
2025-10-09T10:28:35+0000 INFO Downloading: https://koji.eng.citrite.net/kojifiles/repos/xs-foundations-xs9-build/282678/x86_64/toplink/packages/perl-HTTP-Negotiate/6.01/2.xs9/noarch/perl-HTTP-Negotiate-6.01-2.xs9.noarch.rpm
2025-10-09T10:28:35+0000 INFO Downloading: https://koji.eng.citrite.net/kojifiles/repos/xs-foundations-xs9-build/282678/x86_64/toplink/packages/perl/5.36.1/4.xs9/noarch/perl-HTTP-Tiny-5.36.1-4.xs9.noarch.rpm
2025-10-09T10:28:35+0000 INFO Downloading: https://koji.eng.citrite.net/kojifiles/repos/xs-foundations-xs9-build/282678/x86_64/toplink/packages/perl/5.36.1/4.xs9/x86_64/perl-Hash-Util-5.36.1-4.xs9.x86_64.rpm
2025-10-09T10:28:35+0000 INFO Downloading: https://koji.eng.citrite.net/kojifiles/repos/xs-foundations-xs9-build/282678/x86_64/toplink/packages/perl/5.36.1/4.xs9/x86_64/perl-Hash-Util-FieldHash-5.36.1-4.xs9.x86_64.rpm
2025-10-09T10:28:35+0000 INFO Downloading: https://koji.eng.citrite.net/kojifiles/repos/xs-foundations-xs9-build/282678/x86_64/toplink/packages/perl/5.36.1/4.xs9/noarch/perl-I18N-Collate-5.36.1-4.xs9.noarch.rpm
2025-10-09T10:28:35+0000 INFO Downloading: https://koji.eng.citrite.net/kojifiles/repos/xs-foundations-xs9-build/282678/x86_64/toplink/packages/perl/5.36.1/4.xs9/noarch/perl-I18N-LangTags-5.36.1-4.xs9.noarch.rpm
2025-10-09T10:28:35+0000 INFO Downloading: https://koji.eng.citrite.net/kojifiles/repos/xs-foundations-xs9-build/282678/x86_64/toplink/packages/perl/5.36.1/4.xs9/x86_64/perl-I18N-Langinfo-5.36.1-4.xs9.x86_64.rpm
2025-10-09T10:28:35+0000 INFO Downloading: https://koji.eng.citrite.net/kojifiles/repos/xs-foundations-xs9-build/282678/x86_64/toplink/packages/perl/5.36.1/4.xs9/x86_64/perl-IO-5.36.1-4.xs9.x86_64.rpm
2025-10-09T10:28:35+0000 INFO Downloading: https://koji.eng.citrite.net/kojifiles/repos/xs-foundations-xs9-build/282678/x86_64/toplink/packages/perl/5.36.1/4.xs9/noarch/perl-IO-Compress-5.36.1-4.xs9.noarch.rpm
2025-10-09T10:28:35+0000 INFO Downloading: https://koji.eng.citrite.net/kojifiles/repos/xs-foundations-xs9-build/282678/x86_64/toplink/packages/perl-IO-HTML/1.004/2.xs9/noarch/perl-IO-HTML-1.004-2.xs9.noarch.rpm
2025-10-09T10:28:35+0000 INFO Downloading: https://koji.eng.citrite.net/kojifiles/repos/xs-foundations-xs9-build/282678/x86_64/toplink/packages/perl/5.36.1/4.xs9/noarch/perl-IO-Socket-IP-5.36.1-4.xs9.noarch.rpm
2025-10-09T10:28:35+0000 INFO Downloading: https://koji.eng.citrite.net/kojifiles/repos/xs-foundations-xs9-build/282678/x86_64/toplink/packages/perl-IO-Socket-SSL/2.075/3.xs9/noarch/perl-IO-Socket-SSL-2.075-3.xs9.noarch.rpm
2025-10-09T10:28:35+0000 INFO Downloading: https://koji.eng.citrite.net/kojifiles/repos/xs-foundations-xs9-build/282678/x86_64/toplink/packages/perl/5.36.1/4.xs9/noarch/perl-IO-Zlib-5.36.1-4.xs9.noarch.rpm
2025-10-09T10:28:35+0000 INFO Downloading: https://koji.eng.citrite.net/kojifiles/repos/xs-foundations-xs9-build/282678/x86_64/toplink/packages/perl/5.36.1/4.xs9/noarch/perl-IPC-Cmd-5.36.1-4.xs9.noarch.rpm
2025-10-09T10:28:35+0000 INFO Downloading: https://koji.eng.citrite.net/kojifiles/repos/xs-foundations-xs9-build/282678/x86_64/toplink/packages/perl/5.36.1/4.xs9/noarch/perl-IPC-Open3-5.36.1-4.xs9.noarch.rpm
2025-10-09T10:28:35+0000 INFO Downloading: https://koji.eng.citrite.net/kojifiles/repos/xs-foundations-xs9-build/282678/x86_64/toplink/packages/perl/5.36.1/4.xs9/x86_64/perl-IPC-SysV-5.36.1-4.xs9.x86_64.rpm
2025-10-09T10:28:35+0000 INFO Downloading: https://koji.eng.citrite.net/kojifiles/repos/xs-foundations-xs9-build/282678/x86_64/toplink/packages/perl-JSON/4.09/2.xs9/noarch/perl-JSON-4.09-2.xs9.noarch.rpm
2025-10-09T10:28:35+0000 INFO Downloading: https://koji.eng.citrite.net/kojifiles/repos/xs-foundations-xs9-build/282678/x86_64/toplink/packages/perl/5.36.1/4.xs9/noarch/perl-JSON-PP-5.36.1-4.xs9.noarch.rpm
2025-10-09T10:28:35+0000 INFO Downloading: https://koji.eng.citrite.net/kojifiles/repos/xs-foundations-xs9-build/282678/x86_64/toplink/packages/perl-LWP-MediaTypes/6.04/2.xs9/noarch/perl-LWP-MediaTypes-6.04-2.xs9.noarch.rpm
2025-10-09T10:28:35+0000 INFO Downloading: https://koji.eng.citrite.net/kojifiles/repos/xs-foundations-xs9-build/282678/x86_64/toplink/packages/perl-LWP-Protocol-https/6.10/2.xs9/noarch/perl-LWP-Protocol-https-6.10-2.xs9.noarch.rpm
2025-10-09T10:28:35+0000 INFO Downloading: https://koji.eng.citrite.net/kojifiles/repos/xs-foundations-xs9-build/282678/x86_64/toplink/packages/perl/5.36.1/4.xs9/noarch/perl-Locale-Maketext-5.36.1-4.xs9.noarch.rpm
2025-10-09T10:28:35+0000 INFO Downloading: https://koji.eng.citrite.net/kojifiles/repos/xs-foundations-xs9-build/282678/x86_64/toplink/packages/perl/5.36.1/4.xs9/noarch/perl-Locale-Maketext-Simple-5.36.1-4.xs9.noarch.rpm
2025-10-09T10:28:35+0000 INFO Downloading: https://koji.eng.citrite.net/kojifiles/repos/xs-foundations-xs9-build/282678/x86_64/toplink/packages/perl/5.36.1/4.xs9/x86_64/perl-MIME-Base64-5.36.1-4.xs9.x86_64.rpm
2025-10-09T10:28:35+0000 INFO Downloading: https://koji.eng.citrite.net/kojifiles/repos/xs-foundations-xs9-build/282678/x86_64/toplink/packages/perl/5.36.1/4.xs9/noarch/perl-Math-BigInt-5.36.1-4.xs9.noarch.rpm
2025-10-09T10:28:35+0000 INFO Downloading: https://koji.eng.citrite.net/kojifiles/repos/xs-foundations-xs9-build/282678/x86_64/toplink/packages/perl/5.36.1/4.xs9/x86_64/perl-Math-BigInt-FastCalc-5.36.1-4.xs9.x86_64.rpm
2025-10-09T10:28:35+0000 INFO Downloading: https://koji.eng.citrite.net/kojifiles/repos/xs-foundations-xs9-build/282678/x86_64/toplink/packages/perl/5.36.1/4.xs9/noarch/perl-Math-BigRat-5.36.1-4.xs9.noarch.rpm
2025-10-09T10:28:35+0000 INFO Downloading: https://koji.eng.citrite.net/kojifiles/repos/xs-foundations-xs9-build/282678/x86_64/toplink/packages/perl/5.36.1/4.xs9/noarch/perl-Math-Complex-5.36.1-4.xs9.noarch.rpm
2025-10-09T10:28:35+0000 INFO Downloading: https://koji.eng.citrite.net/kojifiles/repos/xs-foundations-xs9-build/282678/x86_64/toplink/packages/perl/5.36.1/4.xs9/noarch/perl-Memoize-5.36.1-4.xs9.noarch.rpm
2025-10-09T10:28:35+0000 INFO Downloading: https://koji.eng.citrite.net/kojifiles/repos/xs-foundations-xs9-build/282678/x86_64/toplink/packages/perl-Mixin-Linewise/0.110/2.xs9/noarch/perl-Mixin-Linewise-0.110-2.xs9.noarch.rpm
2025-10-09T10:28:35+0000 INFO Downloading: https://koji.eng.citrite.net/kojifiles/repos/xs-foundations-xs9-build/282678/x86_64/toplink/packages/perl-Module-Build/0.42.31/2.xs9/noarch/perl-Module-Build-0.42.31-2.xs9.noarch.rpm
2025-10-09T10:28:35+0000 INFO Downloading: https://koji.eng.citrite.net/kojifiles/repos/xs-foundations-xs9-build/282678/x86_64/toplink/packages/perl/5.36.1/4.xs9/noarch/perl-Module-CoreList-5.36.1-4.xs9.noarch.rpm
2025-10-09T10:28:35+0000 INFO Downloading: https://koji.eng.citrite.net/kojifiles/repos/xs-foundations-xs9-build/282678/x86_64/toplink/packages/perl/5.36.1/4.xs9/noarch/perl-Module-CoreList-tools-5.36.1-4.xs9.noarch.rpm
2025-10-09T10:28:35+0000 INFO Downloading: https://koji.eng.citrite.net/kojifiles/repos/xs-foundations-xs9-build/282678/x86_64/toplink/packages/perl/5.36.1/4.xs9/noarch/perl-Module-Load-5.36.1-4.xs9.noarch.rpm
2025-10-09T10:28:35+0000 INFO Downloading: https://koji.eng.citrite.net/kojifiles/repos/xs-foundations-xs9-build/282678/x86_64/toplink/packages/perl/5.36.1/4.xs9/noarch/perl-Module-Load-Conditional-5.36.1-4.xs9.noarch.rpm
2025-10-09T10:28:35+0000 INFO Downloading: https://koji.eng.citrite.net/kojifiles/repos/xs-foundations-xs9-build/282678/x86_64/toplink/packages/perl/5.36.1/4.xs9/noarch/perl-Module-Loaded-5.36.1-4.xs9.noarch.rpm
2025-10-09T10:28:35+0000 INFO Downloading: https://koji.eng.citrite.net/kojifiles/repos/xs-foundations-xs9-build/282678/x86_64/toplink/packages/perl/5.36.1/4.xs9/noarch/perl-Module-Metadata-5.36.1-4.xs9.noarch.rpm
2025-10-09T10:28:35+0000 INFO Downloading: https://koji.eng.citrite.net/kojifiles/repos/xs-foundations-xs9-build/282678/x86_64/toplink/packages/perl-Mozilla-CA/20211001/2.xs9/noarch/perl-Mozilla-CA-20211001-2.xs9.noarch.rpm
2025-10-09T10:28:35+0000 INFO Downloading: https://koji.eng.citrite.net/kojifiles/repos/xs-foundations-xs9-build/282678/x86_64/toplink/packages/perl/5.36.1/4.xs9/x86_64/perl-NDBM_File-5.36.1-4.xs9.x86_64.rpm
2025-10-09T10:28:35+0000 INFO Downloading: https://koji.eng.citrite.net/kojifiles/repos/xs-foundations-xs9-build/282678/x86_64/toplink/packages/perl/5.36.1/4.xs9/noarch/perl-NEXT-5.36.1-4.xs9.noarch.rpm
2025-10-09T10:28:35+0000 INFO Downloading: https://koji.eng.citrite.net/kojifiles/repos/xs-foundations-xs9-build/282678/x86_64/toplink/packages/perl-NTLM/1.09/2.xs9/noarch/perl-NTLM-1.09-2.xs9.noarch.rpm
2025-10-09T10:28:35+0000 INFO Downloading: https://koji.eng.citrite.net/kojifiles/repos/xs-foundations-xs9-build/282678/x86_64/toplink/packages/perl/5.36.1/4.xs9/noarch/perl-Net-5.36.1-4.xs9.noarch.rpm
2025-10-09T10:28:35+0000 INFO Downloading: https://koji.eng.citrite.net/kojifiles/repos/xs-foundations-xs9-build/282678/x86_64/toplink/packages/perl-Net-HTTP/6.22/2.xs9/noarch/perl-Net-HTTP-6.22-2.xs9.noarch.rpm
2025-10-09T10:28:35+0000 INFO Downloading: https://koji.eng.citrite.net/kojifiles/repos/xs-foundations-xs9-build/282678/x86_64/toplink/packages/perl/5.36.1/4.xs9/noarch/perl-Net-Ping-5.36.1-4.xs9.noarch.rpm
2025-10-09T10:28:35+0000 INFO Downloading: https://koji.eng.citrite.net/kojifiles/repos/xs-foundations-xs9-build/282678/x86_64/toplink/packages/perl-Net-SSLeay/1.92/2.xs9/x86_64/perl-Net-SSLeay-1.92-2.xs9.x86_64.rpm
2025-10-09T10:28:35+0000 INFO Downloading: https://koji.eng.citrite.net/kojifiles/repos/xs-foundations-xs9-build/282678/x86_64/toplink/packages/perl/5.36.1/4.xs9/x86_64/perl-ODBM_File-5.36.1-4.xs9.x86_64.rpm
2025-10-09T10:28:35+0000 INFO Downloading: https://koji.eng.citrite.net/kojifiles/repos/xs-foundations-xs9-build/282678/x86_64/toplink/packages/perl/5.36.1/4.xs9/x86_64/perl-Opcode-5.36.1-4.xs9.x86_64.rpm
2025-10-09T10:28:35+0000 INFO Downloading: https://koji.eng.citrite.net/kojifiles/repos/xs-foundations-xs9-build/282678/x86_64/toplink/packages/perl/5.36.1/4.xs9/x86_64/perl-POSIX-5.36.1-4.xs9.x86_64.rpm
2025-10-09T10:28:35+0000 INFO Downloading: https://koji.eng.citrite.net/kojifiles/repos/xs-foundations-xs9-build/282678/x86_64/toplink/packages/perl-Package-Generator/1.106/2.xs9/noarch/perl-Package-Generator-1.106-2.xs9.noarch.rpm
2025-10-09T10:28:35+0000 INFO Downloading: https://koji.eng.citrite.net/kojifiles/repos/xs-foundations-xs9-build/282678/x86_64/toplink/packages/perl/5.36.1/4.xs9/noarch/perl-Params-Check-5.36.1-4.xs9.noarch.rpm
2025-10-09T10:28:35+0000 INFO Downloading: https://koji.eng.citrite.net/kojifiles/repos/xs-foundations-xs9-build/282678/x86_64/toplink/packages/perl-Params-Util/1.102/2.xs9/x86_64/perl-Params-Util-1.102-2.xs9.x86_64.rpm
2025-10-09T10:28:35+0000 INFO Downloading: https://koji.eng.citrite.net/kojifiles/repos/xs-foundations-xs9-build/282678/x86_64/toplink/packages/perl/5.36.1/4.xs9/x86_64/perl-PathTools-5.36.1-4.xs9.x86_64.rpm
2025-10-09T10:28:35+0000 INFO Downloading: https://koji.eng.citrite.net/kojifiles/repos/xs-foundations-xs9-build/282678/x86_64/toplink/packages/perl/5.36.1/4.xs9/noarch/perl-Perl-OSType-5.36.1-4.xs9.noarch.rpm
2025-10-09T10:28:35+0000 INFO Downloading: https://koji.eng.citrite.net/kojifiles/repos/xs-foundations-xs9-build/282678/x86_64/toplink/packages/perl-Perl-Version/1.013/2.xs9/noarch/perl-Perl-Version-1.013-2.xs9.noarch.rpm
2025-10-09T10:28:35+0000 INFO Downloading: https://koji.eng.citrite.net/kojifiles/repos/xs-foundations-xs9-build/282678/x86_64/toplink/packages/perl-PerlIO-utf8_strict/0.009/2.xs9/x86_64/perl-PerlIO-utf8_strict-0.009-2.xs9.x86_64.rpm
2025-10-09T10:28:35+0000 INFO Downloading: https://koji.eng.citrite.net/kojifiles/repos/xs-foundations-xs9-build/282678/x86_64/toplink/packages/perl/5.36.1/4.xs9/noarch/perl-PerlIO-via-QuotedPrint-5.36.1-4.xs9.noarch.rpm
2025-10-09T10:28:35+0000 INFO Downloading: https://koji.eng.citrite.net/kojifiles/repos/xs-foundations-xs9-build/282678/x86_64/toplink/packages/perl/5.36.1/4.xs9/noarch/perl-Pod-Checker-5.36.1-4.xs9.noarch.rpm
2025-10-09T10:28:35+0000 INFO Downloading: https://koji.eng.citrite.net/kojifiles/repos/xs-foundations-xs9-build/282678/x86_64/toplink/packages/perl/5.36.1/4.xs9/noarch/perl-Pod-Escapes-5.36.1-4.xs9.noarch.rpm
2025-10-09T10:28:35+0000 INFO Downloading: https://koji.eng.citrite.net/kojifiles/repos/xs-foundations-xs9-build/282678/x86_64/toplink/packages/perl/5.36.1/4.xs9/noarch/perl-Pod-Functions-5.36.1-4.xs9.noarch.rpm
2025-10-09T10:28:35+0000 INFO Downloading: https://koji.eng.citrite.net/kojifiles/repos/xs-foundations-xs9-build/282678/x86_64/toplink/packages/perl/5.36.1/4.xs9/noarch/perl-Pod-Html-5.36.1-4.xs9.noarch.rpm
2025-10-09T10:28:35+0000 INFO Downloading: https://koji.eng.citrite.net/kojifiles/repos/xs-foundations-xs9-build/282678/x86_64/toplink/packages/perl/5.36.1/4.xs9/noarch/perl-Pod-Perldoc-5.36.1-4.xs9.noarch.rpm
2025-10-09T10:28:35+0000 INFO Downloading: https://koji.eng.citrite.net/kojifiles/repos/xs-foundations-xs9-build/282678/x86_64/toplink/packages/perl/5.36.1/4.xs9/noarch/perl-Pod-Simple-5.36.1-4.xs9.noarch.rpm
2025-10-09T10:28:35+0000 INFO Downloading: https://koji.eng.citrite.net/kojifiles/repos/xs-foundations-xs9-build/282678/x86_64/toplink/packages/perl/5.36.1/4.xs9/noarch/perl-Pod-Usage-5.36.1-4.xs9.noarch.rpm
2025-10-09T10:28:35+0000 INFO Downloading: https://koji.eng.citrite.net/kojifiles/repos/xs-foundations-xs9-build/282678/x86_64/toplink/packages/perl/5.36.1/4.xs9/noarch/perl-Safe-5.36.1-4.xs9.noarch.rpm
2025-10-09T10:28:35+0000 INFO Downloading: https://koji.eng.citrite.net/kojifiles/repos/xs-foundations-xs9-build/282678/x86_64/toplink/packages/perl/5.36.1/4.xs9/x86_64/perl-Scalar-List-Utils-5.36.1-4.xs9.x86_64.rpm
2025-10-09T10:28:35+0000 INFO Downloading: https://koji.eng.citrite.net/kojifiles/repos/xs-foundations-xs9-build/282678/x86_64/toplink/packages/perl/5.36.1/4.xs9/noarch/perl-Search-Dict-5.36.1-4.xs9.noarch.rpm
2025-10-09T10:28:35+0000 INFO Downloading: https://koji.eng.citrite.net/kojifiles/repos/xs-foundations-xs9-build/282678/x86_64/toplink/packages/perl/5.36.1/4.xs9/noarch/perl-SelectSaver-5.36.1-4.xs9.noarch.rpm
2025-10-09T10:28:35+0000 INFO Downloading: https://koji.eng.citrite.net/kojifiles/repos/xs-foundations-xs9-build/282678/x86_64/toplink/packages/perl/5.36.1/4.xs9/noarch/perl-SelfLoader-5.36.1-4.xs9.noarch.rpm
2025-10-09T10:28:35+0000 INFO Downloading: https://koji.eng.citrite.net/kojifiles/repos/xs-foundations-xs9-build/282678/x86_64/toplink/packages/perl/5.36.1/4.xs9/x86_64/perl-Socket-5.36.1-4.xs9.x86_64.rpm
2025-10-09T10:28:35+0000 INFO Downloading: https://koji.eng.citrite.net/kojifiles/repos/xs-foundations-xs9-build/282678/x86_64/toplink/packages/perl/5.36.1/4.xs9/x86_64/perl-Storable-5.36.1-4.xs9.x86_64.rpm
2025-10-09T10:28:35+0000 INFO Downloading: https://koji.eng.citrite.net/kojifiles/repos/xs-foundations-xs9-build/282678/x86_64/toplink/packages/perl-Sub-Exporter/0.988/2.xs9/noarch/perl-Sub-Exporter-0.988-2.xs9.noarch.rpm
2025-10-09T10:28:35+0000 INFO Downloading: https://koji.eng.citrite.net/kojifiles/repos/xs-foundations-xs9-build/282678/x86_64/toplink/packages/perl-Sub-Install/0.928/2.xs9/noarch/perl-Sub-Install-0.928-2.xs9.noarch.rpm
2025-10-09T10:28:35+0000 INFO Downloading: https://koji.eng.citrite.net/kojifiles/repos/xs-foundations-xs9-build/282678/x86_64/toplink/packages/perl/5.36.1/4.xs9/noarch/perl-Symbol-5.36.1-4.xs9.noarch.rpm
2025-10-09T10:28:35+0000 INFO Downloading: https://koji.eng.citrite.net/kojifiles/repos/xs-foundations-xs9-build/282678/x86_64/toplink/packages/perl/5.36.1/4.xs9/x86_64/perl-Sys-Hostname-5.36.1-4.xs9.x86_64.rpm
2025-10-09T10:28:35+0000 INFO Downloading: https://koji.eng.citrite.net/kojifiles/repos/xs-foundations-xs9-build/282678/x86_64/toplink/packages/perl/5.36.1/4.xs9/x86_64/perl-Sys-Syslog-5.36.1-4.xs9.x86_64.rpm
2025-10-09T10:28:35+0000 INFO Downloading: https://koji.eng.citrite.net/kojifiles/repos/xs-foundations-xs9-build/282678/x86_64/toplink/packages/perl/5.36.1/4.xs9/noarch/perl-Term-ANSIColor-5.36.1-4.xs9.noarch.rpm
2025-10-09T10:28:35+0000 INFO Downloading: https://koji.eng.citrite.net/kojifiles/repos/xs-foundations-xs9-build/282678/x86_64/toplink/packages/perl/5.36.1/4.xs9/noarch/perl-Term-Cap-5.36.1-4.xs9.noarch.rpm
2025-10-09T10:28:35+0000 INFO Downloading: https://koji.eng.citrite.net/kojifiles/repos/xs-foundations-xs9-build/282678/x86_64/toplink/packages/perl/5.36.1/4.xs9/noarch/perl-Term-Complete-5.36.1-4.xs9.noarch.rpm
2025-10-09T10:28:35+0000 INFO Downloading: https://koji.eng.citrite.net/kojifiles/repos/xs-foundations-xs9-build/282678/x86_64/toplink/packages/perl/5.36.1/4.xs9/noarch/perl-Term-ReadLine-5.36.1-4.xs9.noarch.rpm
2025-10-09T10:28:35+0000 INFO Downloading: https://koji.eng.citrite.net/kojifiles/repos/xs-foundations-xs9-build/282678/x86_64/toplink/packages/perl/5.36.1/4.xs9/noarch/perl-Test-5.36.1-4.xs9.noarch.rpm
2025-10-09T10:28:35+0000 INFO Downloading: https://koji.eng.citrite.net/kojifiles/repos/xs-foundations-xs9-build/282678/x86_64/toplink/packages/perl/5.36.1/4.xs9/noarch/perl-Test-Harness-5.36.1-4.xs9.noarch.rpm
2025-10-09T10:28:35+0000 INFO Downloading: https://koji.eng.citrite.net/kojifiles/repos/xs-foundations-xs9-build/282678/x86_64/toplink/packages/perl/5.36.1/4.xs9/noarch/perl-Test-Simple-5.36.1-4.xs9.noarch.rpm
2025-10-09T10:28:35+0000 INFO Downloading: https://koji.eng.citrite.net/kojifiles/repos/xs-foundations-xs9-build/282678/x86_64/toplink/packages/perl/5.36.1/4.xs9/noarch/perl-Text-Abbrev-5.36.1-4.xs9.noarch.rpm
2025-10-09T10:28:35+0000 INFO Downloading: https://koji.eng.citrite.net/kojifiles/repos/xs-foundations-xs9-build/282678/x86_64/toplink/packages/perl/5.36.1/4.xs9/noarch/perl-Text-Balanced-5.36.1-4.xs9.noarch.rpm
2025-10-09T10:28:35+0000 INFO Downloading: https://koji.eng.citrite.net/kojifiles/repos/xs-foundations-xs9-build/282678/x86_64/toplink/packages/perl/5.36.1/4.xs9/noarch/perl-Text-ParseWords-5.36.1-4.xs9.noarch.rpm
2025-10-09T10:28:35+0000 INFO Downloading: https://koji.eng.citrite.net/kojifiles/repos/xs-foundations-xs9-build/282678/x86_64/toplink/packages/perl/5.36.1/4.xs9/noarch/perl-Text-Tabs%2bWrap-5.36.1-4.xs9.noarch.rpm
2025-10-09T10:28:35+0000 INFO Downloading: https://koji.eng.citrite.net/kojifiles/repos/xs-foundations-xs9-build/282678/x86_64/toplink/packages/perl/5.36.1/4.xs9/noarch/perl-Thread-5.36.1-4.xs9.noarch.rpm
2025-10-09T10:28:35+0000 INFO Downloading: https://koji.eng.citrite.net/kojifiles/repos/xs-foundations-xs9-build/282678/x86_64/toplink/packages/perl/5.36.1/4.xs9/noarch/perl-Thread-Queue-5.36.1-4.xs9.noarch.rpm
2025-10-09T10:28:35+0000 INFO Downloading: https://koji.eng.citrite.net/kojifiles/repos/xs-foundations-xs9-build/282678/x86_64/toplink/packages/perl/5.36.1/4.xs9/noarch/perl-Thread-Semaphore-5.36.1-4.xs9.noarch.rpm
2025-10-09T10:28:35+0000 INFO Downloading: https://koji.eng.citrite.net/kojifiles/repos/xs-foundations-xs9-build/282678/x86_64/toplink/packages/perl/5.36.1/4.xs9/noarch/perl-Tie-5.36.1-4.xs9.noarch.rpm
2025-10-09T10:28:35+0000 INFO Downloading: https://koji.eng.citrite.net/kojifiles/repos/xs-foundations-xs9-build/282678/x86_64/toplink/packages/perl/5.36.1/4.xs9/noarch/perl-Tie-File-5.36.1-4.xs9.noarch.rpm
2025-10-09T10:28:35+0000 INFO Downloading: https://koji.eng.citrite.net/kojifiles/repos/xs-foundations-xs9-build/282678/x86_64/toplink/packages/perl/5.36.1/4.xs9/noarch/perl-Tie-Memoize-5.36.1-4.xs9.noarch.rpm
2025-10-09T10:28:35+0000 INFO Downloading: https://koji.eng.citrite.net/kojifiles/repos/xs-foundations-xs9-build/282678/x86_64/toplink/packages/perl/5.36.1/4.xs9/noarch/perl-Tie-RefHash-5.36.1-4.xs9.noarch.rpm
2025-10-09T10:28:35+0000 INFO Downloading: https://koji.eng.citrite.net/kojifiles/repos/xs-foundations-xs9-build/282678/x86_64/toplink/packages/perl/5.36.1/4.xs9/noarch/perl-Time-5.36.1-4.xs9.noarch.rpm
2025-10-09T10:28:35+0000 INFO Downloading: https://koji.eng.citrite.net/kojifiles/repos/xs-foundations-xs9-build/282678/x86_64/toplink/packages/perl/5.36.1/4.xs9/x86_64/perl-Time-HiRes-5.36.1-4.xs9.x86_64.rpm
2025-10-09T10:28:35+0000 INFO Downloading: https://koji.eng.citrite.net/kojifiles/repos/xs-foundations-xs9-build/282678/x86_64/toplink/packages/perl/5.36.1/4.xs9/noarch/perl-Time-Local-5.36.1-4.xs9.noarch.rpm
2025-10-09T10:28:35+0000 INFO Downloading: https://koji.eng.citrite.net/kojifiles/repos/xs-foundations-xs9-build/282678/x86_64/toplink/packages/perl/5.36.1/4.xs9/x86_64/perl-Time-Piece-5.36.1-4.xs9.x86_64.rpm
2025-10-09T10:28:35+0000 INFO Downloading: https://koji.eng.citrite.net/kojifiles/repos/xs-foundations-xs9-build/282678/x86_64/toplink/packages/perl-TimeDate/2.33/2.xs9/noarch/perl-TimeDate-2.33-2.xs9.noarch.rpm
2025-10-09T10:28:35+0000 INFO Downloading: https://koji.eng.citrite.net/kojifiles/repos/xs-foundations-xs9-build/282678/x86_64/toplink/packages/perl-Try-Tiny/0.31/2.xs9/noarch/perl-Try-Tiny-0.31-2.xs9.noarch.rpm
2025-10-09T10:28:35+0000 INFO Downloading: https://koji.eng.citrite.net/kojifiles/repos/xs-foundations-xs9-build/282678/x86_64/toplink/packages/perl-URI/5.17/2.xs9/noarch/perl-URI-5.17-2.xs9.noarch.rpm
2025-10-09T10:28:36+0000 INFO Downloading: https://koji.eng.citrite.net/kojifiles/repos/xs-foundations-xs9-build/282678/x86_64/toplink/packages/perl/5.36.1/4.xs9/x86_64/perl-Unicode-Collate-5.36.1-4.xs9.x86_64.rpm
2025-10-09T10:28:36+0000 INFO Downloading: https://koji.eng.citrite.net/kojifiles/repos/xs-foundations-xs9-build/282678/x86_64/toplink/packages/perl/5.36.1/4.xs9/x86_64/perl-Unicode-Normalize-5.36.1-4.xs9.x86_64.rpm
2025-10-09T10:28:36+0000 INFO Downloading: https://koji.eng.citrite.net/kojifiles/repos/xs-foundations-xs9-build/282678/x86_64/toplink/packages/perl/5.36.1/4.xs9/noarch/perl-Unicode-UCD-5.36.1-4.xs9.noarch.rpm
2025-10-09T10:28:36+0000 INFO Downloading: https://koji.eng.citrite.net/kojifiles/repos/xs-foundations-xs9-build/282678/x86_64/toplink/packages/perl/5.36.1/4.xs9/noarch/perl-User-pwent-5.36.1-4.xs9.noarch.rpm
2025-10-09T10:28:36+0000 INFO Downloading: https://koji.eng.citrite.net/kojifiles/repos/xs-foundations-xs9-build/282678/x86_64/toplink/packages/perl-WWW-RobotRules/6.02/2.xs9/noarch/perl-WWW-RobotRules-6.02-2.xs9.noarch.rpm
2025-10-09T10:28:36+0000 INFO Downloading: https://koji.eng.citrite.net/kojifiles/repos/xs-foundations-xs9-build/282678/x86_64/toplink/packages/perl/5.36.1/4.xs9/noarch/perl-autodie-5.36.1-4.xs9.noarch.rpm
2025-10-09T10:28:36+0000 INFO Downloading: https://koji.eng.citrite.net/kojifiles/repos/xs-foundations-xs9-build/282678/x86_64/toplink/packages/perl/5.36.1/4.xs9/noarch/perl-autouse-5.36.1-4.xs9.noarch.rpm
2025-10-09T10:28:36+0000 INFO Downloading: https://koji.eng.citrite.net/kojifiles/repos/xs-foundations-xs9-build/282678/x86_64/toplink/packages/perl/5.36.1/4.xs9/noarch/perl-base-5.36.1-4.xs9.noarch.rpm
2025-10-09T10:28:36+0000 INFO Downloading: https://koji.eng.citrite.net/kojifiles/repos/xs-foundations-xs9-build/282678/x86_64/toplink/packages/perl/5.36.1/4.xs9/noarch/perl-bignum-5.36.1-4.xs9.noarch.rpm
2025-10-09T10:28:36+0000 INFO Downloading: https://koji.eng.citrite.net/kojifiles/repos/xs-foundations-xs9-build/282678/x86_64/toplink/packages/perl/5.36.1/4.xs9/noarch/perl-blib-5.36.1-4.xs9.noarch.rpm
2025-10-09T10:28:36+0000 INFO Downloading: https://koji.eng.citrite.net/kojifiles/repos/xs-foundations-xs9-build/282678/x86_64/toplink/packages/perl/5.36.1/4.xs9/noarch/perl-constant-5.36.1-4.xs9.noarch.rpm
2025-10-09T10:28:36+0000 INFO Downloading: https://koji.eng.citrite.net/kojifiles/repos/xs-foundations-xs9-build/282678/x86_64/toplink/packages/perl/5.36.1/4.xs9/noarch/perl-debugger-5.36.1-4.xs9.noarch.rpm
2025-10-09T10:28:36+0000 INFO Downloading: https://koji.eng.citrite.net/kojifiles/repos/xs-foundations-xs9-build/282678/x86_64/toplink/packages/perl/5.36.1/4.xs9/noarch/perl-deprecate-5.36.1-4.xs9.noarch.rpm
2025-10-09T10:28:36+0000 INFO Downloading: https://koji.eng.citrite.net/kojifiles/repos/xs-foundations-xs9-build/282678/x86_64/toplink/packages/perl/5.36.1/4.xs9/x86_64/perl-devel-5.36.1-4.xs9.x86_64.rpm
2025-10-09T10:28:36+0000 INFO Downloading: https://koji.eng.citrite.net/kojifiles/repos/xs-foundations-xs9-build/282678/x86_64/toplink/packages/perl/5.36.1/4.xs9/noarch/perl-diagnostics-5.36.1-4.xs9.noarch.rpm
2025-10-09T10:28:36+0000 INFO Downloading: https://koji.eng.citrite.net/kojifiles/repos/xs-foundations-xs9-build/282678/x86_64/toplink/packages/perl/5.36.1/4.xs9/noarch/perl-doc-5.36.1-4.xs9.noarch.rpm
2025-10-09T10:28:36+0000 INFO Downloading: https://koji.eng.citrite.net/kojifiles/repos/xs-foundations-xs9-build/282678/x86_64/toplink/packages/perl/5.36.1/4.xs9/x86_64/perl-encoding-5.36.1-4.xs9.x86_64.rpm
2025-10-09T10:28:36+0000 INFO Downloading: https://koji.eng.citrite.net/kojifiles/repos/xs-foundations-xs9-build/282678/x86_64/toplink/packages/perl/5.36.1/4.xs9/noarch/perl-encoding-warnings-5.36.1-4.xs9.noarch.rpm
2025-10-09T10:28:36+0000 INFO Downloading: https://koji.eng.citrite.net/kojifiles/repos/xs-foundations-xs9-build/282678/x86_64/toplink/packages/perl/5.36.1/4.xs9/noarch/perl-experimental-5.36.1-4.xs9.noarch.rpm
2025-10-09T10:28:36+0000 INFO Downloading: https://koji.eng.citrite.net/kojifiles/repos/xs-foundations-xs9-build/282678/x86_64/toplink/packages/perl/5.36.1/4.xs9/noarch/perl-fields-5.36.1-4.xs9.noarch.rpm
2025-10-09T10:28:36+0000 INFO Downloading: https://koji.eng.citrite.net/kojifiles/repos/xs-foundations-xs9-build/282678/x86_64/toplink/packages/perl/5.36.1/4.xs9/noarch/perl-filetest-5.36.1-4.xs9.noarch.rpm
2025-10-09T10:28:36+0000 INFO Downloading: https://koji.eng.citrite.net/kojifiles/repos/xs-foundations-xs9-build/282678/x86_64/toplink/packages/perl/5.36.1/4.xs9/noarch/perl-if-5.36.1-4.xs9.noarch.rpm
2025-10-09T10:28:36+0000 INFO Downloading: https://koji.eng.citrite.net/kojifiles/repos/xs-foundations-xs9-build/282678/x86_64/toplink/packages/perl-inc-latest/0.500/2.xs9/noarch/perl-inc-latest-0.500-2.xs9.noarch.rpm
2025-10-09T10:28:36+0000 INFO Downloading: https://koji.eng.citrite.net/kojifiles/repos/xs-foundations-xs9-build/282678/x86_64/toplink/packages/perl/5.36.1/4.xs9/x86_64/perl-interpreter-5.36.1-4.xs9.x86_64.rpm
2025-10-09T10:28:36+0000 INFO Downloading: https://koji.eng.citrite.net/kojifiles/repos/xs-foundations-xs9-build/282678/x86_64/toplink/packages/perl/5.36.1/4.xs9/noarch/perl-less-5.36.1-4.xs9.noarch.rpm
2025-10-09T10:28:36+0000 INFO Downloading: https://koji.eng.citrite.net/kojifiles/repos/xs-foundations-xs9-build/282678/x86_64/toplink/packages/perl/5.36.1/4.xs9/x86_64/perl-lib-5.36.1-4.xs9.x86_64.rpm
2025-10-09T10:28:36+0000 INFO Downloading: https://koji.eng.citrite.net/kojifiles/repos/xs-foundations-xs9-build/282678/x86_64/toplink/packages/perl/5.36.1/4.xs9/noarch/perl-libnet-5.36.1-4.xs9.noarch.rpm
2025-10-09T10:28:36+0000 INFO Downloading: https://koji.eng.citrite.net/kojifiles/repos/xs-foundations-xs9-build/282678/x86_64/toplink/packages/perl/5.36.1/4.xs9/noarch/perl-libnetcfg-5.36.1-4.xs9.noarch.rpm
2025-10-09T10:28:36+0000 INFO Downloading: https://koji.eng.citrite.net/kojifiles/repos/xs-foundations-xs9-build/282678/x86_64/toplink/packages/perl/5.36.1/4.xs9/x86_64/perl-libs-5.36.1-4.xs9.x86_64.rpm
2025-10-09T10:28:36+0000 INFO Downloading: https://koji.eng.citrite.net/kojifiles/repos/xs-foundations-xs9-build/282678/x86_64/toplink/packages/perl-libwww-perl/6.68/2.xs9/noarch/perl-libwww-perl-6.68-2.xs9.noarch.rpm
2025-10-09T10:28:36+0000 INFO Downloading: https://koji.eng.citrite.net/kojifiles/repos/xs-foundations-xs9-build/282678/x86_64/toplink/packages/perl/5.36.1/4.xs9/noarch/perl-locale-5.36.1-4.xs9.noarch.rpm
2025-10-09T10:28:36+0000 INFO Downloading: https://koji.eng.citrite.net/kojifiles/repos/xs-foundations-xs9-build/282678/x86_64/toplink/packages/perl/5.36.1/4.xs9/noarch/perl-macros-5.36.1-4.xs9.noarch.rpm
2025-10-09T10:28:36+0000 INFO Downloading: https://koji.eng.citrite.net/kojifiles/repos/xs-foundations-xs9-build/282678/x86_64/toplink/packages/perl/5.36.1/4.xs9/noarch/perl-meta-notation-5.36.1-4.xs9.noarch.rpm
2025-10-09T10:28:36+0000 INFO Downloading: https://koji.eng.citrite.net/kojifiles/repos/xs-foundations-xs9-build/282678/x86_64/toplink/packages/perl/5.36.1/4.xs9/x86_64/perl-mro-5.36.1-4.xs9.x86_64.rpm
2025-10-09T10:28:36+0000 INFO Downloading: https://koji.eng.citrite.net/kojifiles/repos/xs-foundations-xs9-build/282678/x86_64/toplink/packages/perl/5.36.1/4.xs9/noarch/perl-open-5.36.1-4.xs9.noarch.rpm
2025-10-09T10:28:36+0000 INFO Downloading: https://koji.eng.citrite.net/kojifiles/repos/xs-foundations-xs9-build/282678/x86_64/toplink/packages/perl/5.36.1/4.xs9/noarch/perl-overload-5.36.1-4.xs9.noarch.rpm
2025-10-09T10:28:36+0000 INFO Downloading: https://koji.eng.citrite.net/kojifiles/repos/xs-foundations-xs9-build/282678/x86_64/toplink/packages/perl/5.36.1/4.xs9/noarch/perl-overloading-5.36.1-4.xs9.noarch.rpm
2025-10-09T10:28:36+0000 INFO Downloading: https://koji.eng.citrite.net/kojifiles/repos/xs-foundations-xs9-build/282678/x86_64/toplink/packages/perl/5.36.1/4.xs9/noarch/perl-parent-5.36.1-4.xs9.noarch.rpm
2025-10-09T10:28:36+0000 INFO Downloading: https://koji.eng.citrite.net/kojifiles/repos/xs-foundations-xs9-build/282678/x86_64/toplink/packages/perl/5.36.1/4.xs9/noarch/perl-perlfaq-5.36.1-4.xs9.noarch.rpm
2025-10-09T10:28:36+0000 INFO Downloading: https://koji.eng.citrite.net/kojifiles/repos/xs-foundations-xs9-build/282678/x86_64/toplink/packages/perl/5.36.1/4.xs9/x86_64/perl-ph-5.36.1-4.xs9.x86_64.rpm
2025-10-09T10:28:36+0000 INFO Downloading: https://koji.eng.citrite.net/kojifiles/repos/xs-foundations-xs9-build/282678/x86_64/toplink/packages/perl/5.36.1/4.xs9/noarch/perl-podlators-5.36.1-4.xs9.noarch.rpm
2025-10-09T10:28:36+0000 INFO Downloading: https://koji.eng.citrite.net/kojifiles/repos/xs-foundations-xs9-build/282678/x86_64/toplink/packages/perl/5.36.1/4.xs9/noarch/perl-sigtrap-5.36.1-4.xs9.noarch.rpm
2025-10-09T10:28:36+0000 INFO Downloading: https://koji.eng.citrite.net/kojifiles/repos/xs-foundations-xs9-build/282678/x86_64/toplink/packages/perl/5.36.1/4.xs9/noarch/perl-sort-5.36.1-4.xs9.noarch.rpm
2025-10-09T10:28:36+0000 INFO Downloading: https://koji.eng.citrite.net/kojifiles/repos/xs-foundations-xs9-build/282678/x86_64/toplink/packages/perl-srpm-macros/1/2.xs9/noarch/perl-srpm-macros-1-2.xs9.noarch.rpm
2025-10-09T10:28:36+0000 INFO Downloading: https://koji.eng.citrite.net/kojifiles/repos/xs-foundations-xs9-build/282678/x86_64/toplink/packages/perl/5.36.1/4.xs9/noarch/perl-subs-5.36.1-4.xs9.noarch.rpm
2025-10-09T10:28:36+0000 INFO Downloading: https://koji.eng.citrite.net/kojifiles/repos/xs-foundations-xs9-build/282678/x86_64/toplink/packages/perl/5.36.1/4.xs9/x86_64/perl-threads-5.36.1-4.xs9.x86_64.rpm
2025-10-09T10:28:36+0000 INFO Downloading: https://koji.eng.citrite.net/kojifiles/repos/xs-foundations-xs9-build/282678/x86_64/toplink/packages/perl/5.36.1/4.xs9/x86_64/perl-threads-shared-5.36.1-4.xs9.x86_64.rpm
2025-10-09T10:28:36+0000 INFO Downloading: https://koji.eng.citrite.net/kojifiles/repos/xs-foundations-xs9-build/282678/x86_64/toplink/packages/perl/5.36.1/4.xs9/noarch/perl-utils-5.36.1-4.xs9.noarch.rpm
2025-10-09T10:28:36+0000 INFO Downloading: https://koji.eng.citrite.net/kojifiles/repos/xs-foundations-xs9-build/282678/x86_64/toplink/packages/perl/5.36.1/4.xs9/noarch/perl-vars-5.36.1-4.xs9.noarch.rpm
2025-10-09T10:28:36+0000 INFO Downloading: https://koji.eng.citrite.net/kojifiles/repos/xs-foundations-xs9-build/282678/x86_64/toplink/packages/perl/5.36.1/4.xs9/noarch/perl-version-5.36.1-4.xs9.noarch.rpm
2025-10-09T10:28:36+0000 INFO Downloading: https://koji.eng.citrite.net/kojifiles/repos/xs-foundations-xs9-build/282678/x86_64/toplink/packages/perl/5.36.1/4.xs9/noarch/perl-vmsish-5.36.1-4.xs9.noarch.rpm
2025-10-09T10:28:36+0000 INFO Downloading: https://koji.eng.citrite.net/kojifiles/repos/xs-foundations-xs9-build/282678/x86_64/toplink/packages/pkgconf/1.8.0/2.xs9/x86_64/pkgconf-1.8.0-2.xs9.x86_64.rpm
2025-10-09T10:28:36+0000 INFO Downloading: https://koji.eng.citrite.net/kojifiles/repos/xs-foundations-xs9-build/282678/x86_64/toplink/packages/pkgconf/1.8.0/2.xs9/noarch/pkgconf-m4-1.8.0-2.xs9.noarch.rpm
2025-10-09T10:28:36+0000 INFO Downloading: https://koji.eng.citrite.net/kojifiles/repos/xs-foundations-xs9-build/282678/x86_64/toplink/packages/pkgconf/1.8.0/2.xs9/x86_64/pkgconf-pkg-config-1.8.0-2.xs9.x86_64.rpm
2025-10-09T10:28:36+0000 INFO Downloading: https://koji.eng.citrite.net/kojifiles/repos/xs-foundations-xs9-build/282678/x86_64/toplink/packages/popt/1.19/2.xs9/x86_64/popt-1.19-2.xs9.x86_64.rpm
2025-10-09T10:28:36+0000 INFO Downloading: https://koji.eng.citrite.net/kojifiles/repos/xs-foundations-xs9-build/282678/x86_64/toplink/packages/pyproject-rpm-macros/1.8.0/2.xs9/noarch/pyproject-rpm-macros-1.8.0-2.xs9.noarch.rpm
2025-10-09T10:28:36+0000 INFO Downloading: https://koji.eng.citrite.net/kojifiles/repos/xs-foundations-xs9-build/282678/x86_64/toplink/packages/python-rpm-macros/3.10/3.xs9/noarch/python-rpm-macros-3.10-3.xs9.noarch.rpm
2025-10-09T10:28:36+0000 INFO Downloading: https://koji.eng.citrite.net/kojifiles/repos/xs-foundations-xs9-build/282678/x86_64/toplink/packages/python-rpm-macros/3.10/3.xs9/noarch/python-srpm-macros-3.10-3.xs9.noarch.rpm
2025-10-09T10:28:36+0000 INFO Downloading: https://koji.eng.citrite.net/kojifiles/repos/xs-foundations-xs9-build/282678/x86_64/toplink/packages/python3.11/3.11.3/5.xs9/x86_64/python3-3.11.3-5.xs9.x86_64.rpm
2025-10-09T10:28:36+0000 INFO Downloading: https://koji.eng.citrite.net/kojifiles/repos/xs-foundations-xs9-build/282678/x86_64/toplink/packages/python-argcomplete/2.0.0/2.xs9/noarch/python3-argcomplete-2.0.0-2.xs9.noarch.rpm
2025-10-09T10:28:36+0000 INFO Downloading: https://koji.eng.citrite.net/kojifiles/repos/xs-foundations-xs9-build/282678/x86_64/toplink/packages/python-charset-normalizer/2.1.0/5.xs9/noarch/python3-charset-normalizer-2.1.0-5.xs9.noarch.rpm
2025-10-09T10:28:36+0000 INFO Downloading: https://koji.eng.citrite.net/kojifiles/repos/xs-foundations-xs9-build/282678/x86_64/toplink/packages/python-construct/2.10.68/2.xs9/noarch/python3-construct-2.10.68-2.xs9.noarch.rpm
2025-10-09T10:28:36+0000 INFO Downloading: https://koji.eng.citrite.net/kojifiles/repos/xs-foundations-xs9-build/282678/x86_64/toplink/packages/file/5.45/1.xs9/noarch/python3-file-magic-5.45-1.xs9.noarch.rpm
2025-10-09T10:28:36+0000 INFO Downloading: https://koji.eng.citrite.net/kojifiles/repos/xs-foundations-xs9-build/282678/x86_64/toplink/packages/python-idna/3.3/5.xs9/noarch/python3-idna-3.3-5.xs9.noarch.rpm
2025-10-09T10:28:36+0000 INFO Downloading: https://koji.eng.citrite.net/kojifiles/repos/xs-foundations-xs9-build/282678/x86_64/toplink/packages/python3.11/3.11.3/5.xs9/x86_64/python3-libs-3.11.3-5.xs9.x86_64.rpm
2025-10-09T10:28:36+0000 INFO Downloading: https://koji.eng.citrite.net/kojifiles/repos/xs-foundations-xs9-build/282678/x86_64/toplink/packages/python-pip/22.2.2/3.xs9/noarch/python3-pip-wheel-22.2.2-3.xs9.noarch.rpm
2025-10-09T10:28:36+0000 INFO Downloading: https://koji.eng.citrite.net/kojifiles/repos/xs-foundations-xs9-build/282678/x86_64/toplink/packages/python-progressbar2/3.53.2/2.xs9/noarch/python3-progressbar2-3.53.2-2.xs9.noarch.rpm
2025-10-09T10:28:36+0000 INFO Downloading: https://koji.eng.citrite.net/kojifiles/repos/xs-foundations-xs9-build/282678/x86_64/toplink/packages/python-pybeam/0.7/2.xs9/noarch/python3-pybeam-0.7-2.xs9.noarch.rpm
2025-10-09T10:28:36+0000 INFO Downloading: https://koji.eng.citrite.net/kojifiles/repos/xs-foundations-xs9-build/282678/x86_64/toplink/packages/pyparsing/3.0.7/2.xs9/noarch/python3-pyparsing-3.0.7-2.xs9.noarch.rpm
2025-10-09T10:28:36+0000 INFO Downloading: https://koji.eng.citrite.net/kojifiles/repos/xs-foundations-xs9-build/282678/x86_64/toplink/packages/python-pysocks/1.7.1/2.xs9/noarch/python3-pysocks-1.7.1-2.xs9.noarch.rpm
2025-10-09T10:28:36+0000 INFO Downloading: https://koji.eng.citrite.net/kojifiles/repos/xs-foundations-xs9-build/282678/x86_64/toplink/packages/pyxdg/0.27/2.xs9/noarch/python3-pyxdg-0.27-2.xs9.noarch.rpm
2025-10-09T10:28:36+0000 INFO Downloading: https://koji.eng.citrite.net/kojifiles/repos/xs-foundations-xs9-build/282678/x86_64/toplink/packages/python-requests/2.28.1/5.xs9/noarch/python3-requests-2.28.1-5.xs9.noarch.rpm
2025-10-09T10:28:36+0000 INFO Downloading: https://koji.eng.citrite.net/kojifiles/repos/xs-foundations-xs9-build/282678/x86_64/toplink/packages/rpm/4.18.0/6.xs9/x86_64/python3-rpm-4.18.0-6.xs9.x86_64.rpm
2025-10-09T10:28:36+0000 INFO Downloading: https://koji.eng.citrite.net/kojifiles/repos/xs-foundations-xs9-build/282678/x86_64/toplink/packages/python-rpm-macros/3.10/3.xs9/noarch/python3-rpm-macros-3.10-3.xs9.noarch.rpm
2025-10-09T10:28:36+0000 INFO Downloading: https://koji.eng.citrite.net/kojifiles/repos/xs-foundations-xs9-build/282678/x86_64/toplink/packages/python-setuptools/65.5.1/3.xs9/noarch/python3-setuptools-wheel-65.5.1-3.xs9.noarch.rpm
2025-10-09T10:28:36+0000 INFO Downloading: https://koji.eng.citrite.net/kojifiles/repos/xs-foundations-xs9-build/282678/x86_64/toplink/packages/python-six/1.16.0/2.xs9/noarch/python3-six-1.16.0-2.xs9.noarch.rpm
2025-10-09T10:28:36+0000 INFO Downloading: https://koji.eng.citrite.net/kojifiles/repos/xs-foundations-xs9-build/282678/x86_64/toplink/packages/python-tomli-w/1.0.0/2.xs9/noarch/python3-tomli-w-1.0.0-2.xs9.noarch.rpm
2025-10-09T10:28:36+0000 INFO Downloading: https://koji.eng.citrite.net/kojifiles/repos/xs-foundations-xs9-build/282678/x86_64/toplink/packages/python-urllib3/1.26.20/4.xs9/noarch/python3-urllib3%2bsocks-1.26.20-4.xs9.noarch.rpm
2025-10-09T10:28:36+0000 INFO Downloading: https://koji.eng.citrite.net/kojifiles/repos/xs-foundations-xs9-build/282678/x86_64/toplink/packages/python-urllib3/1.26.20/4.xs9/noarch/python3-urllib3-1.26.20-4.xs9.noarch.rpm
2025-10-09T10:28:36+0000 INFO Downloading: https://koji.eng.citrite.net/kojifiles/repos/xs-foundations-xs9-build/282678/x86_64/toplink/packages/python-utils/3.1.0/2.xs9/noarch/python3-utils-3.1.0-2.xs9.noarch.rpm
2025-10-09T10:28:36+0000 INFO Downloading: https://koji.eng.citrite.net/kojifiles/repos/xs-foundations-xs9-build/282678/x86_64/toplink/packages/python-zstandard/0.19.0/2.xs9/x86_64/python3-zstandard-0.19.0-2.xs9.x86_64.rpm
2025-10-09T10:28:36+0000 INFO Downloading: https://koji.eng.citrite.net/kojifiles/repos/xs-foundations-xs9-build/282678/x86_64/toplink/packages/readline/8.2/2.xs9/x86_64/readline-8.2-2.xs9.x86_64.rpm
2025-10-09T10:28:36+0000 INFO Downloading: https://koji.eng.citrite.net/kojifiles/repos/xs-foundations-xs9-build/282678/x86_64/toplink/packages/rpm/4.18.0/6.xs9/x86_64/rpm-4.18.0-6.xs9.x86_64.rpm
2025-10-09T10:28:36+0000 INFO Downloading: https://koji.eng.citrite.net/kojifiles/repos/xs-foundations-xs9-build/282678/x86_64/toplink/packages/rpm/4.18.0/6.xs9/x86_64/rpm-build-4.18.0-6.xs9.x86_64.rpm
2025-10-09T10:28:36+0000 INFO Downloading: https://koji.eng.citrite.net/kojifiles/repos/xs-foundations-xs9-build/282678/x86_64/toplink/packages/rpm/4.18.0/6.xs9/x86_64/rpm-build-libs-4.18.0-6.xs9.x86_64.rpm
2025-10-09T10:28:36+0000 INFO Downloading: https://koji.eng.citrite.net/kojifiles/repos/xs-foundations-xs9-build/282678/x86_64/toplink/packages/rpm/4.18.0/6.xs9/x86_64/rpm-libs-4.18.0-6.xs9.x86_64.rpm
2025-10-09T10:28:36+0000 INFO Downloading: https://koji.eng.citrite.net/kojifiles/repos/xs-foundations-xs9-build/282678/x86_64/toplink/packages/rpm/4.18.0/6.xs9/x86_64/rpm-sign-libs-4.18.0-6.xs9.x86_64.rpm
2025-10-09T10:28:36+0000 INFO Downloading: https://koji.eng.citrite.net/kojifiles/repos/xs-foundations-xs9-build/282678/x86_64/toplink/packages/rpmdevtools/9.6/2.xs9/noarch/rpmdevtools-9.6-2.xs9.noarch.rpm
2025-10-09T10:28:36+0000 INFO Downloading: https://koji.eng.citrite.net/kojifiles/repos/xs-foundations-xs9-build/282678/x86_64/toplink/packages/rpmlint/2.4.0/2.xs9/noarch/rpmlint-2.4.0-2.xs9.noarch.rpm
2025-10-09T10:28:36+0000 INFO Downloading: https://koji.eng.citrite.net/kojifiles/repos/xs-foundations-xs9-build/282678/x86_64/toplink/packages/fedora-license-data/1.22/2.xs9/noarch/rpmlint-fedora-license-data-1.22-2.xs9.noarch.rpm
2025-10-09T10:28:36+0000 INFO Downloading: https://koji.eng.citrite.net/kojifiles/repos/xs-foundations-xs9-build/282678/x86_64/toplink/packages/sed/4.9/1.xs9/x86_64/sed-4.9-1.xs9.x86_64.rpm
2025-10-09T10:28:36+0000 INFO Downloading: https://koji.eng.citrite.net/kojifiles/repos/xs-foundations-xs9-build/282678/x86_64/toplink/packages/setup/2.8.77/1.xs9/noarch/setup-2.8.77-1.xs9.noarch.rpm
2025-10-09T10:28:36+0000 INFO Downloading: https://koji.eng.citrite.net/kojifiles/repos/xs-foundations-xs9-build/282678/x86_64/toplink/packages/shadow-utils/4.17.0/1.xs9/x86_64/shadow-utils-4.17.0-1.xs9.x86_64.rpm
2025-10-09T10:28:36+0000 INFO Downloading: https://koji.eng.citrite.net/kojifiles/repos/xs-foundations-xs9-build/282678/x86_64/toplink/packages/sqlite/3.47.2/1.xs9/x86_64/sqlite-libs-3.47.2-1.xs9.x86_64.rpm
2025-10-09T10:28:36+0000 INFO Downloading: https://koji.eng.citrite.net/kojifiles/repos/xs-foundations-xs9-build/282678/x86_64/toplink/packages/systemd/257.2/8.xs9/x86_64/systemd-257.2-8.xs9.x86_64.rpm
2025-10-09T10:28:36+0000 INFO Downloading: https://koji.eng.citrite.net/kojifiles/repos/xs-foundations-xs9-build/282678/x86_64/toplink/packages/systemd/257.2/8.xs9/x86_64/systemd-libs-257.2-8.xs9.x86_64.rpm
2025-10-09T10:28:36+0000 INFO Downloading: https://koji.eng.citrite.net/kojifiles/repos/xs-foundations-xs9-build/282678/x86_64/toplink/packages/systemd/257.2/8.xs9/x86_64/systemd-pam-257.2-8.xs9.x86_64.rpm
2025-10-09T10:28:36+0000 INFO Downloading: https://koji.eng.citrite.net/kojifiles/repos/xs-foundations-xs9-build/282678/x86_64/toplink/packages/systemd/257.2/8.xs9/noarch/systemd-rpm-macros-257.2-8.xs9.noarch.rpm
2025-10-09T10:28:36+0000 INFO Downloading: https://koji.eng.citrite.net/kojifiles/repos/xs-foundations-xs9-build/282678/x86_64/toplink/packages/systemtap/4.8/3.xs9/x86_64/systemtap-sdt-devel-4.8-3.xs9.x86_64.rpm
2025-10-09T10:28:36+0000 INFO Downloading: https://koji.eng.citrite.net/kojifiles/repos/xs-foundations-xs9-build/282678/x86_64/toplink/packages/tar/1.35/1.xs9/x86_64/tar-1.35-1.xs9.x86_64.rpm
2025-10-09T10:28:36+0000 INFO Downloading: https://koji.eng.citrite.net/kojifiles/repos/xs-foundations-xs9-build/282678/x86_64/toplink/packages/tzdata/2024a/2.xs9/noarch/tzdata-2024a-2.xs9.noarch.rpm
2025-10-09T10:28:36+0000 INFO Downloading: https://koji.eng.citrite.net/kojifiles/repos/xs-foundations-xs9-build/282678/x86_64/toplink/packages/unzip/6.0/2.xs9/x86_64/unzip-6.0-2.xs9.x86_64.rpm
2025-10-09T10:28:36+0000 INFO Downloading: https://koji.eng.citrite.net/kojifiles/repos/xs-foundations-xs9-build/282678/x86_64/toplink/packages/util-linux/2.38.1/4.xs9/x86_64/util-linux-2.38.1-4.xs9.x86_64.rpm
2025-10-09T10:28:36+0000 INFO Downloading: https://koji.eng.citrite.net/kojifiles/repos/xs-foundations-xs9-build/282678/x86_64/toplink/packages/util-linux/2.38.1/4.xs9/x86_64/util-linux-core-2.38.1-4.xs9.x86_64.rpm
2025-10-09T10:28:36+0000 INFO Downloading: https://koji.eng.citrite.net/kojifiles/repos/xs-foundations-xs9-build/282678/x86_64/toplink/packages/xenpkg/1.8.8/1.xs9/noarch/xenpkg-1.8.8-1.xs9.noarch.rpm
2025-10-09T10:28:36+0000 INFO Downloading: https://koji.eng.citrite.net/kojifiles/repos/xs-foundations-xs9-build/282678/x86_64/toplink/packages/xenserver-config/9.0.9/1.xs9/noarch/xenserver-config-9.0.9-1.xs9.noarch.rpm
2025-10-09T10:28:36+0000 INFO Downloading: https://koji.eng.citrite.net/kojifiles/repos/xs-foundations-xs9-build/282678/x86_64/toplink/packages/xenserver-config/9.0.9/1.xs9/noarch/xenserver-config-macros-9.0.9-1.xs9.noarch.rpm
2025-10-09T10:28:36+0000 INFO Downloading: https://koji.eng.citrite.net/kojifiles/repos/xs-foundations-xs9-build/282678/x86_64/toplink/packages/xenserver-config/9.0.9/1.xs9/noarch/xenserver-config-rpm-9.0.9-1.xs9.noarch.rpm
2025-10-09T10:28:36+0000 INFO Downloading: https://koji.eng.citrite.net/kojifiles/repos/xs-foundations-xs9-build/282678/x86_64/toplink/packages/xenserver-release/8.99.50/11.xs9/x86_64/xenserver-release-8.99.50-11.xs9.x86_64.rpm
2025-10-09T10:28:36+0000 INFO Downloading: https://koji.eng.citrite.net/kojifiles/repos/xs-foundations-xs9-build/282678/x86_64/toplink/packages/xenserver-release/8.99.50/11.xs9/x86_64/xenserver-release-presets-8.99.50-11.xs9.x86_64.rpm
2025-10-09T10:28:36+0000 INFO Downloading: https://koji.eng.citrite.net/kojifiles/repos/xs-foundations-xs9-build/282678/x86_64/toplink/packages/xxhash/0.8.2/2.xs9/x86_64/xxhash-libs-0.8.2-2.xs9.x86_64.rpm
2025-10-09T10:28:36+0000 INFO Downloading: https://koji.eng.citrite.net/kojifiles/repos/xs-foundations-xs9-build/282678/x86_64/toplink/packages/xz/5.4.1/2.xs9/x86_64/xz-5.4.1-2.xs9.x86_64.rpm
2025-10-09T10:28:36+0000 INFO Downloading: https://koji.eng.citrite.net/kojifiles/repos/xs-foundations-xs9-build/282678/x86_64/toplink/packages/xz/5.4.1/2.xs9/x86_64/xz-libs-5.4.1-2.xs9.x86_64.rpm
2025-10-09T10:28:36+0000 INFO Downloading: https://koji.eng.citrite.net/kojifiles/repos/xs-foundations-xs9-build/282678/x86_64/toplink/packages/zlib/1.2.12/3.xs9/x86_64/zlib-1.2.12-3.xs9.x86_64.rpm
2025-10-09T10:28:36+0000 INFO Downloading: https://koji.eng.citrite.net/kojifiles/repos/xs-foundations-xs9-build/282678/x86_64/toplink/packages/zstd/1.5.5/2.xs9/x86_64/zstd-1.5.5-2.xs9.x86_64.rpm
